Archive member included to satisfy reference by file (symbol)

/nix/store/i3m8xrhhnb7l83cpwdd9rlkcglpnxkw8-gcc-arm-embedded-12.3.rel1/bin/../lib/gcc/arm-none-eabi/12.3.1/../../../../arm-none-eabi/lib/thumb/v7e-m+fp/hard/libc_nano.a(libc_a-exit.o)
                              /nix/store/i3m8xrhhnb7l83cpwdd9rlkcglpnxkw8-gcc-arm-embedded-12.3.rel1/bin/../lib/gcc/arm-none-eabi/12.3.1/../../../../arm-none-eabi/lib/thumb/v7e-m+fp/hard/crt0.o (exit)
/nix/store/i3m8xrhhnb7l83cpwdd9rlkcglpnxkw8-gcc-arm-embedded-12.3.rel1/bin/../lib/gcc/arm-none-eabi/12.3.1/../../../../arm-none-eabi/lib/thumb/v7e-m+fp/hard/libc_nano.a(libc_a-init.o)
                              /nix/store/i3m8xrhhnb7l83cpwdd9rlkcglpnxkw8-gcc-arm-embedded-12.3.rel1/bin/../lib/gcc/arm-none-eabi/12.3.1/../../../../arm-none-eabi/lib/thumb/v7e-m+fp/hard/crt0.o (__libc_init_array)
/nix/store/i3m8xrhhnb7l83cpwdd9rlkcglpnxkw8-gcc-arm-embedded-12.3.rel1/bin/../lib/gcc/arm-none-eabi/12.3.1/../../../../arm-none-eabi/lib/thumb/v7e-m+fp/hard/libc_nano.a(libc_a-nano-vfprintf_float.o)
                              (_printf_float)
/nix/store/i3m8xrhhnb7l83cpwdd9rlkcglpnxkw8-gcc-arm-embedded-12.3.rel1/bin/../lib/gcc/arm-none-eabi/12.3.1/../../../../arm-none-eabi/lib/thumb/v7e-m+fp/hard/libc_nano.a(libc_a-nano-vfprintf_i.o)
                              /nix/store/i3m8xrhhnb7l83cpwdd9rlkcglpnxkw8-gcc-arm-embedded-12.3.rel1/bin/../lib/gcc/arm-none-eabi/12.3.1/../../../../arm-none-eabi/lib/thumb/v7e-m+fp/hard/libc_nano.a(libc_a-nano-vfprintf_float.o) (_printf_common)
/nix/store/i3m8xrhhnb7l83cpwdd9rlkcglpnxkw8-gcc-arm-embedded-12.3.rel1/bin/../lib/gcc/arm-none-eabi/12.3.1/../../../../arm-none-eabi/lib/thumb/v7e-m+fp/hard/libc_nano.a(libc_a-memchr.o)
                              /nix/store/i3m8xrhhnb7l83cpwdd9rlkcglpnxkw8-gcc-arm-embedded-12.3.rel1/bin/../lib/gcc/arm-none-eabi/12.3.1/../../../../arm-none-eabi/lib/thumb/v7e-m+fp/hard/libc_nano.a(libc_a-nano-vfprintf_i.o) (memchr)
/nix/store/i3m8xrhhnb7l83cpwdd9rlkcglpnxkw8-gcc-arm-embedded-12.3.rel1/bin/../lib/gcc/arm-none-eabi/12.3.1/../../../../arm-none-eabi/lib/thumb/v7e-m+fp/hard/libc_nano.a(libc_a-strlen.o)
                              build/main.o (strlen)
/nix/store/i3m8xrhhnb7l83cpwdd9rlkcglpnxkw8-gcc-arm-embedded-12.3.rel1/bin/../lib/gcc/arm-none-eabi/12.3.1/../../../../arm-none-eabi/lib/thumb/v7e-m+fp/hard/libc_nano.a(libc_a-findfp.o)
                              /nix/store/i3m8xrhhnb7l83cpwdd9rlkcglpnxkw8-gcc-arm-embedded-12.3.rel1/bin/../lib/gcc/arm-none-eabi/12.3.1/../../../../arm-none-eabi/lib/thumb/v7e-m+fp/hard/libc_nano.a(libc_a-exit.o) (__stdio_exit_handler)
/nix/store/i3m8xrhhnb7l83cpwdd9rlkcglpnxkw8-gcc-arm-embedded-12.3.rel1/bin/../lib/gcc/arm-none-eabi/12.3.1/../../../../arm-none-eabi/lib/thumb/v7e-m+fp/hard/libc_nano.a(libc_a-snprintf.o)
                              build/main.o (snprintf)
/nix/store/i3m8xrhhnb7l83cpwdd9rlkcglpnxkw8-gcc-arm-embedded-12.3.rel1/bin/../lib/gcc/arm-none-eabi/12.3.1/../../../../arm-none-eabi/lib/thumb/v7e-m+fp/hard/libc_nano.a(libc_a-stdio.o)
                              /nix/store/i3m8xrhhnb7l83cpwdd9rlkcglpnxkw8-gcc-arm-embedded-12.3.rel1/bin/../lib/gcc/arm-none-eabi/12.3.1/../../../../arm-none-eabi/lib/thumb/v7e-m+fp/hard/libc_nano.a(libc_a-findfp.o) (__sread)
/nix/store/i3m8xrhhnb7l83cpwdd9rlkcglpnxkw8-gcc-arm-embedded-12.3.rel1/bin/../lib/gcc/arm-none-eabi/12.3.1/../../../../arm-none-eabi/lib/thumb/v7e-m+fp/hard/libc_nano.a(libc_a-dtoa.o)
                              /nix/store/i3m8xrhhnb7l83cpwdd9rlkcglpnxkw8-gcc-arm-embedded-12.3.rel1/bin/../lib/gcc/arm-none-eabi/12.3.1/../../../../arm-none-eabi/lib/thumb/v7e-m+fp/hard/libc_nano.a(libc_a-nano-vfprintf_float.o) (_dtoa_r)
/nix/store/i3m8xrhhnb7l83cpwdd9rlkcglpnxkw8-gcc-arm-embedded-12.3.rel1/bin/../lib/gcc/arm-none-eabi/12.3.1/../../../../arm-none-eabi/lib/thumb/v7e-m+fp/hard/libc_nano.a(libc_a-writer.o)
                              /nix/store/i3m8xrhhnb7l83cpwdd9rlkcglpnxkw8-gcc-arm-embedded-12.3.rel1/bin/../lib/gcc/arm-none-eabi/12.3.1/../../../../arm-none-eabi/lib/thumb/v7e-m+fp/hard/libc_nano.a(libc_a-stdio.o) (_write_r)
/nix/store/i3m8xrhhnb7l83cpwdd9rlkcglpnxkw8-gcc-arm-embedded-12.3.rel1/bin/../lib/gcc/arm-none-eabi/12.3.1/../../../../arm-none-eabi/lib/thumb/v7e-m+fp/hard/libc_nano.a(libc_a-errno.o)
                              build/sysmem.o (__errno)
/nix/store/i3m8xrhhnb7l83cpwdd9rlkcglpnxkw8-gcc-arm-embedded-12.3.rel1/bin/../lib/gcc/arm-none-eabi/12.3.1/../../../../arm-none-eabi/lib/thumb/v7e-m+fp/hard/libc_nano.a(libc_a-fwalk.o)
                              /nix/store/i3m8xrhhnb7l83cpwdd9rlkcglpnxkw8-gcc-arm-embedded-12.3.rel1/bin/../lib/gcc/arm-none-eabi/12.3.1/../../../../arm-none-eabi/lib/thumb/v7e-m+fp/hard/libc_nano.a(libc_a-findfp.o) (_fwalk_sglue)
/nix/store/i3m8xrhhnb7l83cpwdd9rlkcglpnxkw8-gcc-arm-embedded-12.3.rel1/bin/../lib/gcc/arm-none-eabi/12.3.1/../../../../arm-none-eabi/lib/thumb/v7e-m+fp/hard/libc_nano.a(libc_a-memset.o)
[...]
Memory Configuration

Name             Origin             Length             Attributes
RAM              0x20000000         0x00010000         xrw
FLASH            0x08000000         0x00040000         xr
*default*        0x00000000         0xffffffff

Linker script and memory map

LOAD /nix/store/i3m8xrhhnb7l83cpwdd9rlkcglpnxkw8-gcc-arm-embedded-12.3.rel1/bin/../lib/gcc/arm-none-eabi/12.3.1/thumb/v7e-m+fp/hard/crti.o
LOAD /nix/store/i3m8xrhhnb7l83cpwdd9rlkcglpnxkw8-gcc-arm-embedded-12.3.rel1/bin/../lib/gcc/arm-none-eabi/12.3.1/thumb/v7e-m+fp/hard/crtbegin.o
LOAD /nix/store/i3m8xrhhnb7l83cpwdd9rlkcglpnxkw8-gcc-arm-embedded-12.3.rel1/bin/../lib/gcc/arm-none-eabi/12.3.1/../../../../arm-none-eabi/lib/thumb/v7e-m+fp/hard/crt0.o
LOAD build/main.o
LOAD build/stm32f4xx_it.o
LOAD build/stm32f4xx_hal_msp.o
LOAD build/stm32f4xx_hal_adc.o
LOAD build/stm32f4xx_hal_adc_ex.o
LOAD build/stm32f4xx_ll_adc.o
LOAD build/stm32f4xx_hal_rcc.o
LOAD build/stm32f4xx_hal_rcc_ex.o
LOAD build/stm32f4xx_hal_flash.o
LOAD build/stm32f4xx_hal_flash_ex.o
LOAD build/stm32f4xx_hal_flash_ramfunc.o
LOAD build/stm32f4xx_hal_gpio.o
LOAD build/stm32f4xx_hal_dma_ex.o
LOAD build/stm32f4xx_hal_dma.o
LOAD build/stm32f4xx_hal_pwr.o
LOAD build/stm32f4xx_hal_pwr_ex.o
LOAD build/stm32f4xx_hal_cortex.o
LOAD build/stm32f4xx_hal.o
LOAD build/stm32f4xx_hal_exti.o
LOAD build/stm32f4xx_hal_tim.o
LOAD build/stm32f4xx_hal_tim_ex.o
LOAD build/stm32f4xx_hal_uart.o
LOAD build/system_stm32f4xx.o
LOAD build/sysmem.o
LOAD build/syscalls.o
LOAD build/startup_stm32f401xc.o
LOAD /nix/store/i3m8xrhhnb7l83cpwdd9rlkcglpnxkw8-gcc-arm-embedded-12.3.rel1/bin/../lib/gcc/arm-none-eabi/12.3.1/../../../../arm-none-eabi/lib/thumb/v7e-m+fp/hard/libc_nano.a
LOAD /nix/store/i3m8xrhhnb7l83cpwdd9rlkcglpnxkw8-gcc-arm-embedded-12.3.rel1/bin/../lib/gcc/arm-none-eabi/12.3.1/../../../../arm-none-eabi/lib/thumb/v7e-m+fp/hard/libm.a
LOAD /nix/store/i3m8xrhhnb7l83cpwdd9rlkcglpnxkw8-gcc-arm-embedded-12.3.rel1/bin/../lib/gcc/arm-none-eabi/12.3.1/../../../../arm-none-eabi/lib/thumb/v7e-m+fp/hard/libnosys.a
LOAD Lib/libarm_cortexM4lf_math.a
START GROUP
LOAD /nix/store/i3m8xrhhnb7l83cpwdd9rlkcglpnxkw8-gcc-arm-embedded-12.3.rel1/bin/../lib/gcc/arm-none-eabi/12.3.1/thumb/v7e-m+fp/hard/libgcc.a
LOAD /nix/store/i3m8xrhhnb7l83cpwdd9rlkcglpnxkw8-gcc-arm-embedded-12.3.rel1/bin/../lib/gcc/arm-none-eabi/12.3.1/../../../../arm-none-eabi/lib/thumb/v7e-m+fp/hard/libc_nano.a
END GROUP
START GROUP
LOAD /nix/store/i3m8xrhhnb7l83cpwdd9rlkcglpnxkw8-gcc-arm-embedded-12.3.rel1/bin/../lib/gcc/arm-none-eabi/12.3.1/thumb/v7e-m+fp/hard/libgcc.a
LOAD /nix/store/i3m8xrhhnb7l83cpwdd9rlkcglpnxkw8-gcc-arm-embedded-12.3.rel1/bin/../lib/gcc/arm-none-eabi/12.3.1/../../../../arm-none-eabi/lib/thumb/v7e-m+fp/hard/libc_nano.a
END GROUP
LOAD /nix/store/i3m8xrhhnb7l83cpwdd9rlkcglpnxkw8-gcc-arm-embedded-12.3.rel1/bin/../lib/gcc/arm-none-eabi/12.3.1/thumb/v7e-m+fp/hard/crtend.o
LOAD /nix/store/i3m8xrhhnb7l83cpwdd9rlkcglpnxkw8-gcc-arm-embedded-12.3.rel1/bin/../lib/gcc/arm-none-eabi/12.3.1/thumb/v7e-m+fp/hard/crtn.o
                0x20010000                        _estack = (ORIGIN (RAM) + LENGTH (RAM))
                0x00000400                        _Min_Heap_Size = 0x400
                0x00000800                        _Min_Stack_Size = 0x800

.isr_vector     0x08000000      0x194
                0x08000000                        . = ALIGN (0x4)
 *(.isr_vector)
 .isr_vector    0x08000000      0x194 build/startup_stm32f401xc.o
                0x08000000                g_pfnVectors
                0x08000194                        . = ALIGN (0x4)

.text           0x080001a0     0x7a20
                0x080001a0                        . = ALIGN (0x4)
 *(.text)
 .text          0x080001a0       0xa0 /nix/store/i3m8xrhhnb7l83cpwdd9rlkcglpnxkw8-gcc-arm-embedded-12.3.rel1/bin/../lib/gcc/arm-none-eabi/12.3.1/../../../../arm-none-eabi/lib/thumb/v7e-m+fp/hard/libc_nano.a(libc_a-memchr.o)
                0x080001a0                memchr
 .text          0x08000240       0x10 /nix/store/i3m8xrhhnb7l83cpwdd9rlkcglpnxkw8-gcc-arm-embedded-12.3.rel1/bin/../lib/gcc/arm-none-eabi/12.3.1/../../../../arm-none-eabi/lib/thumb/v7e-m+fp/hard/libc_nano.a(libc_a-strlen.o)
                0x08000240                strlen
 .text          0x08000250       0xc0 Lib/libarm_cortexM4lf_math.a(arm_bitreversal2.o)
                0x08000250                arm_bitreversal_32
                0x080002ba                arm_bitreversal_16
 .text          0x08000310      0x378 /nix/store/i3m8xrhhnb7l83cpwdd9rlkcglpnxkw8-gcc-arm-embedded-12.3.rel1/bin/../lib/gcc/arm-none-eabi/12.3.1/thumb/v7e-m+fp/hard/libgcc.a(_arm_addsubdf3.o)
                0x08000310                __aeabi_drsub
                0x08000318                __aeabi_dsub
                0x08000318                __subdf3
                0x0800031c                __adddf3
                0x0800031c                __aeabi_dadd
                0x08000594                __aeabi_ui2d
                0x08000594                __floatunsidf
                0x080005b4                __floatsidf
                0x080005b4                __aeabi_i2d
                0x080005d8                __extendsfdf2
                0x080005d8                __aeabi_f2d
                0x0800061c                __aeabi_ul2d
                0x0800061c                __floatundidf
                0x0800062c                __floatdidf
                0x0800062c                __aeabi_l2d
 .text          0x08000688      0x424 /nix/store/i3m8xrhhnb7l83cpwdd9rlkcglpnxkw8-gcc-arm-embedded-12.3.rel1/bin/../lib/gcc/arm-none-eabi/12.3.1/thumb/v7e-m+fp/hard/libgcc.a(_arm_muldivdf3.o)
                0x08000688                __aeabi_dmul
                0x08000688                __muldf3
                0x080008dc                __aeabi_ddiv
                0x080008dc                __divdf3
 .text          0x08000aac      0x110 /nix/store/i3m8xrhhnb7l83cpwdd9rlkcglpnxkw8-gcc-arm-embedded-12.3.rel1/bin/../lib/gcc/arm-none-eabi/12.3.1/thumb/v7e-m+fp/hard/libgcc.a(_arm_cmpdf2.o)
                0x08000aac                __gtdf2
                0x08000aac                __gedf2
                0x08000ab4                __ltdf2
                0x08000ab4                __ledf2
                0x08000abc                __cmpdf2
                0x08000abc                __eqdf2
                0x08000abc                __nedf2
                0x08000b38                __aeabi_cdrcmple
                0x08000b48                __aeabi_cdcmple
                0x08000b48                __aeabi_cdcmpeq
                0x08000b58                __aeabi_dcmpeq
                0x08000b6c                __aeabi_dcmplt
                0x08000b80                __aeabi_dcmple
                0x08000b94                __aeabi_dcmpge
                0x08000ba8                __aeabi_dcmpgt
 .text          0x08000bbc       0x2c /nix/store/i3m8xrhhnb7l83cpwdd9rlkcglpnxkw8-gcc-arm-embedded-12.3.rel1/bin/../lib/gcc/arm-none-eabi/12.3.1/thumb/v7e-m+fp/hard/libgcc.a(_arm_unorddf2.o)
                0x08000bbc                __aeabi_dcmpun
                0x08000bbc                __unorddf2
 .text          0x08000be8       0x50 /nix/store/i3m8xrhhnb7l83cpwdd9rlkcglpnxkw8-gcc-arm-embedded-12.3.rel1/bin/../lib/gcc/arm-none-eabi/12.3.1/thumb/v7e-m+fp/hard/libgcc.a(_arm_fixdfsi.o)
                0x08000be8                __fixdfsi
                0x08000be8                __aeabi_d2iz
 .text          0x08000c38       0x30 /nix/store/i3m8xrhhnb7l83cpwdd9rlkcglpnxkw8-gcc-arm-embedded-12.3.rel1/bin/../lib/gcc/arm-none-eabi/12.3.1/thumb/v7e-m+fp/hard/libgcc.a(_aeabi_uldivmod.o)
                0x08000c38                __aeabi_uldivmod
 .text          0x08000c68        0x4 /nix/store/i3m8xrhhnb7l83cpwdd9rlkcglpnxkw8-gcc-arm-embedded-12.3.rel1/bin/../lib/gcc/arm-none-eabi/12.3.1/thumb/v7e-m+fp/hard/libgcc.a(_dvmd_tls.o)
                0x08000c68                __aeabi_ldiv0
                0x08000c68                __aeabi_idiv0
 *(.text*)
 .text.deregister_tm_clones
                0x08000c6c       0x1c /nix/store/i3m8xrhhnb7l83cpwdd9rlkcglpnxkw8-gcc-arm-embedded-12.3.rel1/bin/../lib/gcc/arm-none-eabi/12.3.1/thumb/v7e-m+fp/hard/crtbegin.o
 .text.register_tm_clones
                0x08000c88       0x24 /nix/store/i3m8xrhhnb7l83cpwdd9rlkcglpnxkw8-gcc-arm-embedded-12.3.rel1/bin/../lib/gcc/arm-none-eabi/12.3.1/thumb/v7e-m+fp/hard/crtbegin.o
 .text.__do_global_dtors_aux
                0x08000cac       0x28 /nix/store/i3m8xrhhnb7l83cpwdd9rlkcglpnxkw8-gcc-arm-embedded-12.3.rel1/bin/../lib/gcc/arm-none-eabi/12.3.1/thumb/v7e-m+fp/hard/crtbegin.o
 .text.frame_dummy
                0x08000cd4       0x24 /nix/store/i3m8xrhhnb7l83cpwdd9rlkcglpnxkw8-gcc-arm-embedded-12.3.rel1/bin/../lib/gcc/arm-none-eabi/12.3.1/thumb/v7e-m+fp/hard/crtbegin.o
 .text.MX_GPIO_Init
                0x08000cf8       0x4c build/main.o
 .text.MX_DMA_Init
                0x08000d44       0x34 build/main.o
 .text.processData
                0x08000d78      0x2e8 build/main.o
                0x08000d78                processData
 .text.HAL_ADC_ConvCpltCallback
                0x08001060        0x8 build/main.o
                0x08001060                HAL_ADC_ConvCpltCallback
 .text.Error_Handler
                0x08001068        0x4 build/main.o
                0x08001068                Error_Handler
 .text.MX_ADC1_Init
                0x0800106c       0x70 build/main.o
 .text.MX_TIM2_Init
                0x080010dc       0x68 build/main.o
 .text.MX_USART1_UART_Init
                0x08001144       0x34 build/main.o
 .text.SystemClock_Config
                0x08001178       0xa8 build/main.o
                0x08001178                SystemClock_Config
 .text.main     0x08001220       0x6c build/main.o
                0x08001220                main
 .text.NMI_Handler
                0x0800128c        0x2 build/stm32f4xx_it.o
                0x0800128c                NMI_Handler
 .text.HardFault_Handler
                0x0800128e        0x2 build/stm32f4xx_it.o
                0x0800128e                HardFault_Handler
 .text.MemManage_Handler
                0x08001290        0x2 build/stm32f4xx_it.o
                0x08001290                MemManage_Handler
 .text.BusFault_Handler
                0x08001292        0x2 build/stm32f4xx_it.o
                0x08001292                BusFault_Handler
 .text.UsageFault_Handler
                0x08001294        0x2 build/stm32f4xx_it.o
                0x08001294                UsageFault_Handler
 .text.SVC_Handler
                0x08001296        0x2 build/stm32f4xx_it.o
                0x08001296                SVC_Handler
 .text.DebugMon_Handler
                0x08001298        0x2 build/stm32f4xx_it.o
                0x08001298                DebugMon_Handler
 .text.PendSV_Handler
                0x0800129a        0x2 build/stm32f4xx_it.o
                0x0800129a                PendSV_Handler
 .text.SysTick_Handler
                0x0800129c        0x8 build/stm32f4xx_it.o
                0x0800129c                SysTick_Handler
 .text.ADC_IRQHandler
                0x080012a4       0x10 build/stm32f4xx_it.o
                0x080012a4                ADC_IRQHandler
 .text.TIM2_IRQHandler
                0x080012b4       0x10 build/stm32f4xx_it.o
                0x080012b4                TIM2_IRQHandler
 .text.DMA2_Stream0_IRQHandler
                0x080012c4       0x10 build/stm32f4xx_it.o
                0x080012c4                DMA2_Stream0_IRQHandler
 .text.HAL_MspInit
                0x080012d4       0x38 build/stm32f4xx_hal_msp.o
                0x080012d4                HAL_MspInit
 .text.HAL_ADC_MspInit
                0x0800130c       0xe0 build/stm32f4xx_hal_msp.o
                0x0800130c                HAL_ADC_MspInit
 .text.HAL_TIM_Base_MspInit
                0x080013ec       0x3c build/stm32f4xx_hal_msp.o
                0x080013ec                HAL_TIM_Base_MspInit
 .text.HAL_UART_MspInit
                0x08001428       0x74 build/stm32f4xx_hal_msp.o
                0x08001428                HAL_UART_MspInit
 .text.HAL_ADC_ConvHalfCpltCallback
                0x0800149c        0x2 build/stm32f4xx_hal_adc.o
                0x0800149c                HAL_ADC_ConvHalfCpltCallback
 .text.HAL_ADC_LevelOutOfWindowCallback
                0x0800149e        0x2 build/stm32f4xx_hal_adc.o
                0x0800149e                HAL_ADC_LevelOutOfWindowCallback
 .text.HAL_ADC_ErrorCallback
                0x080014a0        0x2 build/stm32f4xx_hal_adc.o
                0x080014a0                HAL_ADC_ErrorCallback
 *fill*         0x080014a2        0x2 
 .text.ADC_Init
                0x080014a4      0x134 build/stm32f4xx_hal_adc.o
 .text.ADC_DMAConvCplt
                0x080015d8       0x72 build/stm32f4xx_hal_adc.o
 .text.ADC_DMAHalfConvCplt
                0x0800164a        0xa build/stm32f4xx_hal_adc.o
 .text.ADC_DMAError
                0x08001654       0x16 build/stm32f4xx_hal_adc.o
 *fill*         0x0800166a        0x2 
 .text.HAL_ADC_Init
                0x0800166c       0x90 build/stm32f4xx_hal_adc.o
                0x0800166c                HAL_ADC_Init
 .text.HAL_ADC_IRQHandler
                0x080016fc      0x13e build/stm32f4xx_hal_adc.o
                0x080016fc                HAL_ADC_IRQHandler
 *fill*         0x0800183a        0x2 
 .text.HAL_ADC_Start_DMA
                0x0800183c      0x164 build/stm32f4xx_hal_adc.o
                0x0800183c                HAL_ADC_Start_DMA
 .text.HAL_ADC_ConfigChannel
                0x080019a0      0x194 build/stm32f4xx_hal_adc.o
                0x080019a0                HAL_ADC_ConfigChannel
 .text.HAL_ADCEx_InjectedConvCpltCallback
                0x08001b34        0x2 build/stm32f4xx_hal_adc_ex.o
                0x08001b34                HAL_ADCEx_InjectedConvCpltCallback
 *fill*         0x08001b36        0x2 
 .text.HAL_RCC_OscConfig
                0x08001b38      0x3f8 build/stm32f4xx_hal_rcc.o
                0x08001b38                HAL_RCC_OscConfig
 .text.HAL_RCC_GetSysClockFreq
                0x08001f30       0xa8 build/stm32f4xx_hal_rcc.o
                0x08001f30                HAL_RCC_GetSysClockFreq
 .text.HAL_RCC_ClockConfig
                0x08001fd8      0x160 build/stm32f4xx_hal_rcc.o
                0x08001fd8                HAL_RCC_ClockConfig
 .text.HAL_RCC_GetHCLKFreq
                0x08002138        0xc build/stm32f4xx_hal_rcc.o
                0x08002138                HAL_RCC_GetHCLKFreq
 .text.HAL_RCC_GetPCLK1Freq
                0x08002144       0x20 build/stm32f4xx_hal_rcc.o
                0x08002144                HAL_RCC_GetPCLK1Freq
 .text.HAL_RCC_GetPCLK2Freq
                0x08002164       0x20 build/stm32f4xx_hal_rcc.o
                0x08002164                HAL_RCC_GetPCLK2Freq
 .text.HAL_GPIO_Init
                0x08002184      0x1c8 build/stm32f4xx_hal_gpio.o
                0x08002184                HAL_GPIO_Init
 .text.DMA_SetConfig
                0x0800234c       0x2c build/stm32f4xx_hal_dma.o
 .text.DMA_CalcBaseAndBitshift
                0x08002378       0x44 build/stm32f4xx_hal_dma.o
 .text.DMA_CheckFifoParam
                0x080023bc       0x8e build/stm32f4xx_hal_dma.o
 *fill*         0x0800244a        0x2 
 .text.HAL_DMA_Init
                0x0800244c       0xcc build/stm32f4xx_hal_dma.o
                0x0800244c                HAL_DMA_Init
 .text.HAL_DMA_Start_IT
                0x08002518       0x6a build/stm32f4xx_hal_dma.o
                0x08002518                HAL_DMA_Start_IT
 *fill*         0x08002582        0x2 
 .text.HAL_DMA_IRQHandler
                0x08002584      0x1dc build/stm32f4xx_hal_dma.o
                0x08002584                HAL_DMA_IRQHandler
 .text.__NVIC_EnableIRQ
                0x08002760       0x1c build/stm32f4xx_hal_cortex.o
 .text.__NVIC_SetPriority
                0x0800277c       0x28 build/stm32f4xx_hal_cortex.o
 .text.NVIC_EncodePriority
                0x080027a4       0x3e build/stm32f4xx_hal_cortex.o
 *fill*         0x080027e2        0x2 
 .text.HAL_NVIC_SetPriorityGrouping
                0x080027e4       0x24 build/stm32f4xx_hal_cortex.o
                0x080027e4                HAL_NVIC_SetPriorityGrouping
 .text.HAL_NVIC_SetPriority
                0x08002808       0x20 build/stm32f4xx_hal_cortex.o
                0x08002808                HAL_NVIC_SetPriority
 .text.HAL_NVIC_EnableIRQ
                0x08002828        0x8 build/stm32f4xx_hal_cortex.o
                0x08002828                HAL_NVIC_EnableIRQ
 .text.HAL_SYSTICK_Config
                0x08002830       0x28 build/stm32f4xx_hal_cortex.o
                0x08002830                HAL_SYSTICK_Config
 .text.HAL_InitTick
                0x08002858       0x4c build/stm32f4xx_hal.o
                0x08002858                HAL_InitTick
 .text.HAL_Init
                0x080028a4       0x34 build/stm32f4xx_hal.o
                0x080028a4                HAL_Init
 .text.HAL_IncTick
                0x080028d8       0x18 build/stm32f4xx_hal.o
                0x080028d8                HAL_IncTick
 .text.HAL_GetTick
                0x080028f0        0xc build/stm32f4xx_hal.o
                0x080028f0                HAL_GetTick
 .text.HAL_TIM_PeriodElapsedCallback
                0x080028fc        0x2 build/stm32f4xx_hal_tim.o
                0x080028fc                HAL_TIM_PeriodElapsedCallback
 .text.HAL_TIM_PeriodElapsedHalfCpltCallback
                0x080028fe        0x2 build/stm32f4xx_hal_tim.o
                0x080028fe                HAL_TIM_PeriodElapsedHalfCpltCallback
 .text.HAL_TIM_OC_DelayElapsedCallback
                0x08002900        0x2 build/stm32f4xx_hal_tim.o
                0x08002900                HAL_TIM_OC_DelayElapsedCallback
 .text.HAL_TIM_IC_CaptureCallback
                0x08002902        0x2 build/stm32f4xx_hal_tim.o
                0x08002902                HAL_TIM_IC_CaptureCallback
 .text.HAL_TIM_IC_CaptureHalfCpltCallback
                0x08002904        0x2 build/stm32f4xx_hal_tim.o
                0x08002904                HAL_TIM_IC_CaptureHalfCpltCallback
 .text.HAL_TIM_PWM_PulseFinishedCallback
                0x08002906        0x2 build/stm32f4xx_hal_tim.o
                0x08002906                HAL_TIM_PWM_PulseFinishedCallback
 .text.HAL_TIM_PWM_PulseFinishedHalfCpltCallback
                0x08002908        0x2 build/stm32f4xx_hal_tim.o
                0x08002908                HAL_TIM_PWM_PulseFinishedHalfCpltCallback
 .text.HAL_TIM_TriggerCallback
                0x0800290a        0x2 build/stm32f4xx_hal_tim.o
                0x0800290a                HAL_TIM_TriggerCallback
 .text.HAL_TIM_TriggerHalfCpltCallback
                0x0800290c        0x2 build/stm32f4xx_hal_tim.o
                0x0800290c                HAL_TIM_TriggerHalfCpltCallback
 .text.HAL_TIM_ErrorCallback
                0x0800290e        0x2 build/stm32f4xx_hal_tim.o
                0x0800290e                HAL_TIM_ErrorCallback
 .text.TIM_TI1_ConfigInputStage
                0x08002910       0x26 build/stm32f4xx_hal_tim.o
 .text.TIM_TI2_ConfigInputStage
                0x08002936       0x28 build/stm32f4xx_hal_tim.o
 .text.TIM_ITRx_SetConfig
                0x0800295e       0x10 build/stm32f4xx_hal_tim.o
 *fill*         0x0800296e        0x2 
 .text.HAL_TIM_Base_Start
                0x08002970       0x6c build/stm32f4xx_hal_tim.o
                0x08002970                HAL_TIM_Base_Start
 .text.HAL_TIM_IRQHandler
                0x080029dc      0x178 build/stm32f4xx_hal_tim.o
                0x080029dc                HAL_TIM_IRQHandler
 .text.TIM_Base_SetConfig
                0x08002b54       0xac build/stm32f4xx_hal_tim.o
                0x08002b54                TIM_Base_SetConfig
 .text.TIM_ETR_SetConfig
                0x08002c00       0x1a build/stm32f4xx_hal_tim.o
                0x08002c00                TIM_ETR_SetConfig
 .text.HAL_TIM_ConfigClockSource
                0x08002c1a       0xfe build/stm32f4xx_hal_tim.o
                0x08002c1a                HAL_TIM_ConfigClockSource
 .text.TIM_ResetCallback
                0x08002d18       0x84 build/stm32f4xx_hal_tim.o
                0x08002d18                TIM_ResetCallback
 .text.HAL_TIM_Base_Init
                0x08002d9c       0x6c build/stm32f4xx_hal_tim.o
                0x08002d9c                HAL_TIM_Base_Init
 .text.HAL_TIMEx_MasterConfigSynchronization
                0x08002e08       0x7c build/stm32f4xx_hal_tim_ex.o
                0x08002e08                HAL_TIMEx_MasterConfigSynchronization
 .text.HAL_TIMEx_CommutCallback
                0x08002e84        0x2 build/stm32f4xx_hal_tim_ex.o
                0x08002e84                HAL_TIMEx_CommutCallback
 .text.HAL_TIMEx_CommutHalfCpltCallback
                0x08002e86        0x2 build/stm32f4xx_hal_tim_ex.o
                0x08002e86                HAL_TIMEx_CommutHalfCpltCallback
 .text.HAL_TIMEx_BreakCallback
                0x08002e88        0x2 build/stm32f4xx_hal_tim_ex.o
                0x08002e88                HAL_TIMEx_BreakCallback
 .text.HAL_UART_TxCpltCallback
                0x08002e8a        0x2 build/stm32f4xx_hal_uart.o
                0x08002e8a                HAL_UART_TxCpltCallback
 .text.HAL_UART_TxHalfCpltCallback
                0x08002e8c        0x2 build/stm32f4xx_hal_uart.o
                0x08002e8c                HAL_UART_TxHalfCpltCallback
 .text.HAL_UART_RxCpltCallback
                0x08002e8e        0x2 build/stm32f4xx_hal_uart.o
                0x08002e8e                HAL_UART_RxCpltCallback
 .text.HAL_UART_RxHalfCpltCallback
                0x08002e90        0x2 build/stm32f4xx_hal_uart.o
                0x08002e90                HAL_UART_RxHalfCpltCallback
 .text.HAL_UART_ErrorCallback
                0x08002e92        0x2 build/stm32f4xx_hal_uart.o
                0x08002e92                HAL_UART_ErrorCallback
 .text.HAL_UART_AbortCpltCallback
                0x08002e94        0x2 build/stm32f4xx_hal_uart.o
                0x08002e94                HAL_UART_AbortCpltCallback
 .text.HAL_UART_AbortTransmitCpltCallback
                0x08002e96        0x2 build/stm32f4xx_hal_uart.o
                0x08002e96                HAL_UART_AbortTransmitCpltCallback
 .text.HAL_UART_AbortReceiveCpltCallback
                0x08002e98        0x2 build/stm32f4xx_hal_uart.o
                0x08002e98                HAL_UART_AbortReceiveCpltCallback
 .text.HAL_UARTEx_RxEventCallback
                0x08002e9a        0x2 build/stm32f4xx_hal_uart.o
                0x08002e9a                HAL_UARTEx_RxEventCallback
 .text.UART_EndRxTransfer
                0x08002e9c       0x5c build/stm32f4xx_hal_uart.o
 .text.UART_SetConfig
                0x08002ef8      0x110 build/stm32f4xx_hal_uart.o
 .text.UART_WaitOnFlagUntilTimeout
                0x08003008       0x86 build/stm32f4xx_hal_uart.o
 .text.HAL_UART_Transmit
                0x0800308e       0xcc build/stm32f4xx_hal_uart.o
                0x0800308e                HAL_UART_Transmit
 *fill*         0x0800315a        0x2 
 .text.UART_InitCallbacksToDefault
                0x0800315c       0x4c build/stm32f4xx_hal_uart.o
                0x0800315c                UART_InitCallbacksToDefault
 .text.HAL_UART_Init
                0x080031a8       0x78 build/stm32f4xx_hal_uart.o
                0x080031a8                HAL_UART_Init
 .text.SystemInit
                0x08003220       0x14 build/system_stm32f4xx.o
                0x08003220                SystemInit
 .text._sbrk    0x08003234       0x48 build/sysmem.o
                0x08003234                _sbrk
 .text._getpid  0x0800327c        0x4 build/syscalls.o
                0x0800327c                _getpid
 .text._kill    0x08003280       0x10 build/syscalls.o
                0x08003280                _kill
 .text._exit    0x08003290        0xc build/syscalls.o
                0x08003290                _exit
 .text._read    0x0800329c       0x20 build/syscalls.o
                0x0800329c                _read
 .text._write   0x080032bc       0x1c build/syscalls.o
                0x080032bc                _write
 .text._close   0x080032d8        0x6 build/syscalls.o
                0x080032d8                _close
 .text._fstat   0x080032de        0xa build/syscalls.o
                0x080032de                _fstat
 .text._isatty  0x080032e8        0x4 build/syscalls.o
                0x080032e8                _isatty
 .text._lseek   0x080032ec        0x4 build/syscalls.o
                0x080032ec                _lseek
 .text.Reset_Handler
                0x080032f0       0x50 build/startup_stm32f401xc.o
                0x080032f0                Reset_Handler
 .text.Default_Handler
                0x08003340        0x2 build/startup_stm32f401xc.o
                0x08003340                RTC_Alarm_IRQHandler
                0x08003340                EXTI2_IRQHandler
                0x08003340                SPI4_IRQHandler
                0x08003340                TIM1_CC_IRQHandler
                0x08003340                DMA2_Stream5_IRQHandler
                0x08003340                DMA1_Stream5_IRQHandler
                0x08003340                PVD_IRQHandler
                0x08003340                SDIO_IRQHandler
                0x08003340                TAMP_STAMP_IRQHandler
                0x08003340                EXTI3_IRQHandler
                0x08003340                TIM1_UP_TIM10_IRQHandler
                0x08003340                I2C3_ER_IRQHandler
                0x08003340                EXTI0_IRQHandler
                0x08003340                I2C2_EV_IRQHandler
                0x08003340                DMA1_Stream2_IRQHandler
                0x08003340                FPU_IRQHandler
                0x08003340                DMA2_Stream2_IRQHandler
                0x08003340                SPI1_IRQHandler
                0x08003340                TIM1_BRK_TIM9_IRQHandler
                0x08003340                DMA2_Stream3_IRQHandler
                0x08003340                USART6_IRQHandler
                0x08003340                TIM4_IRQHandler
                0x08003340                I2C1_EV_IRQHandler
                0x08003340                DMA1_Stream6_IRQHandler
                0x08003340                DMA1_Stream1_IRQHandler
                0x08003340                TIM3_IRQHandler
                0x08003340                RCC_IRQHandler
                0x08003340                Default_Handler
                0x08003340                EXTI15_10_IRQHandler
                0x08003340                DMA1_Stream7_IRQHandler
                0x08003340                TIM5_IRQHandler
                0x08003340                DMA2_Stream7_IRQHandler
                0x08003340                I2C3_EV_IRQHandler
                0x08003340                EXTI9_5_IRQHandler
                0x08003340                RTC_WKUP_IRQHandler
                0x08003340                SPI2_IRQHandler
                0x08003340                DMA1_Stream0_IRQHandler
                0x08003340                EXTI4_IRQHandler
                0x08003340                WWDG_IRQHandler
                0x08003340                OTG_FS_WKUP_IRQHandler
                0x08003340                TIM1_TRG_COM_TIM11_IRQHandler
                0x08003340                EXTI1_IRQHandler
                0x08003340                USART2_IRQHandler
                0x08003340                I2C2_ER_IRQHandler
                0x08003340                DMA2_Stream1_IRQHandler
                0x08003340                FLASH_IRQHandler
                0x08003340                DMA2_Stream4_IRQHandler
                0x08003340                USART1_IRQHandler
                0x08003340                OTG_FS_IRQHandler
                0x08003340                SPI3_IRQHandler
                0x08003340                DMA1_Stream4_IRQHandler
                0x08003340                I2C1_ER_IRQHandler
                0x08003340                DMA2_Stream6_IRQHandler
                0x08003340                DMA1_Stream3_IRQHandler
 *fill*         0x08003342        0x2 
 .text.__libc_init_array
                0x08003344       0x48 /nix/store/i3m8xrhhnb7l83cpwdd9rlkcglpnxkw8-gcc-arm-embedded-12.3.rel1/bin/../lib/gcc/arm-none-eabi/12.3.1/../../../../arm-none-eabi/lib/thumb/v7e-m+fp/hard/libc_nano.a(libc_a-init.o)
                0x08003344                __libc_init_array
 .text.__cvt    0x0800338c       0xd2 /nix/store/i3m8xrhhnb7l83cpwdd9rlkcglpnxkw8-gcc-arm-embedded-12.3.rel1/bin/../lib/gcc/arm-none-eabi/12.3.1/../../../../arm-none-eabi/lib/thumb/v7e-m+fp/hard/libc_nano.a(libc_a-nano-vfprintf_float.o)
                0x0800338c                __cvt
 .text.__exponent
                0x0800345e       0x74 /nix/store/i3m8xrhhnb7l83cpwdd9rlkcglpnxkw8-gcc-arm-embedded-12.3.rel1/bin/../lib/gcc/arm-none-eabi/12.3.1/../../../../arm-none-eabi/lib/thumb/v7e-m+fp/hard/libc_nano.a(libc_a-nano-vfprintf_float.o)
                0x0800345e                __exponent
 *fill*         0x080034d2        0x2 
 .text._printf_float
                0x080034d4      0x464 /nix/store/i3m8xrhhnb7l83cpwdd9rlkcglpnxkw8-gcc-arm-embedded-12.3.rel1/bin/../lib/gcc/arm-none-eabi/12.3.1/../../../../arm-none-eabi/lib/thumb/v7e-m+fp/hard/libc_nano.a(libc_a-nano-vfprintf_float.o)
                0x080034d4                _printf_float
 .text._printf_common
                0x08003938       0xda /nix/store/i3m8xrhhnb7l83cpwdd9rlkcglpnxkw8-gcc-arm-embedded-12.3.rel1/bin/../lib/gcc/arm-none-eabi/12.3.1/../../../../arm-none-eabi/lib/thumb/v7e-m+fp/hard/libc_nano.a(libc_a-nano-vfprintf_i.o)
                0x08003938                _printf_common
 *fill*         0x08003a12        0x2 
 .text._printf_i
                0x08003a14      0x258 /nix/store/i3m8xrhhnb7l83cpwdd9rlkcglpnxkw8-gcc-arm-embedded-12.3.rel1/bin/../lib/gcc/arm-none-eabi/12.3.1/../../../../arm-none-eabi/lib/thumb/v7e-m+fp/hard/libc_nano.a(libc_a-nano-vfprintf_i.o)
                0x08003a14                _printf_i
 .text.std      0x08003c6c       0x6c /nix/store/i3m8xrhhnb7l83cpwdd9rlkcglpnxkw8-gcc-arm-embedded-12.3.rel1/bin/../lib/gcc/arm-none-eabi/12.3.1/../../../../arm-none-eabi/lib/thumb/v7e-m+fp/hard/libc_nano.a(libc_a-findfp.o)
 .text.stdio_exit_handler
                0x08003cd8       0x18 /nix/store/i3m8xrhhnb7l83cpwdd9rlkcglpnxkw8-gcc-arm-embedded-12.3.rel1/bin/../lib/gcc/arm-none-eabi/12.3.1/../../../../arm-none-eabi/lib/thumb/v7e-m+fp/hard/libc_nano.a(libc_a-findfp.o)
 .text.cleanup_stdio
                0x08003cf0       0x40 /nix/store/i3m8xrhhnb7l83cpwdd9rlkcglpnxkw8-gcc-arm-embedded-12.3.rel1/bin/../lib/gcc/arm-none-eabi/12.3.1/../../../../arm-none-eabi/lib/thumb/v7e-m+fp/hard/libc_nano.a(libc_a-findfp.o)
 .text.global_stdio_init.part.0
                0x08003d30       0x3c /nix/store/i3m8xrhhnb7l83cpwdd9rlkcglpnxkw8-gcc-arm-embedded-12.3.rel1/bin/../lib/gcc/arm-none-eabi/12.3.1/../../../../arm-none-eabi/lib/thumb/v7e-m+fp/hard/libc_nano.a(libc_a-findfp.o)
 .text.__sfp_lock_acquire
                0x08003d6c        0xc /nix/store/i3m8xrhhnb7l83cpwdd9rlkcglpnxkw8-gcc-arm-embedded-12.3.rel1/bin/../lib/gcc/arm-none-eabi/12.3.1/../../../../arm-none-eabi/lib/thumb/v7e-m+fp/hard/libc_nano.a(libc_a-findfp.o)
                0x08003d6c                __sfp_lock_acquire
 .text.__sfp_lock_release
                0x08003d78        0xc /nix/store/i3m8xrhhnb7l83cpwdd9rlkcglpnxkw8-gcc-arm-embedded-12.3.rel1/bin/../lib/gcc/arm-none-eabi/12.3.1/../../../../arm-none-eabi/lib/thumb/v7e-m+fp/hard/libc_nano.a(libc_a-findfp.o)
                0x08003d78                __sfp_lock_release
 .text.__sinit  0x08003d84       0x30 /nix/store/i3m8xrhhnb7l83cpwdd9rlkcglpnxkw8-gcc-arm-embedded-12.3.rel1/bin/../lib/gcc/arm-none-eabi/12.3.1/../../../../arm-none-eabi/lib/thumb/v7e-m+fp/hard/libc_nano.a(libc_a-findfp.o)
                0x08003d84                __sinit
 .text.snprintf
                0x08003db4       0x68 /nix/store/i3m8xrhhnb7l83cpwdd9rlkcglpnxkw8-gcc-arm-embedded-12.3.rel1/bin/../lib/gcc/arm-none-eabi/12.3.1/../../../../arm-none-eabi/lib/thumb/v7e-m+fp/hard/libc_nano.a(libc_a-snprintf.o)
                0x08003db4                snprintf
                0x08003db4                sniprintf
 .text.__sread  0x08003e1c       0x22 /nix/store/i3m8xrhhnb7l83cpwdd9rlkcglpnxkw8-gcc-arm-embedded-12.3.rel1/bin/../lib/gcc/arm-none-eabi/12.3.1/../../../../arm-none-eabi/lib/thumb/v7e-m+fp/hard/libc_nano.a(libc_a-stdio.o)
                0x08003e1c                __sread
 .text.__swrite
                0x08003e3e       0x38 /nix/store/i3m8xrhhnb7l83cpwdd9rlkcglpnxkw8-gcc-arm-embedded-12.3.rel1/bin/../lib/gcc/arm-none-eabi/12.3.1/../../../../arm-none-eabi/lib/thumb/v7e-m+fp/hard/libc_nano.a(libc_a-stdio.o)
                0x08003e3e                __swrite
 .text.__sseek  0x08003e76       0x24 /nix/store/i3m8xrhhnb7l83cpwdd9rlkcglpnxkw8-gcc-arm-embedded-12.3.rel1/bin/../lib/gcc/arm-none-eabi/12.3.1/../../../../arm-none-eabi/lib/thumb/v7e-m+fp/hard/libc_nano.a(libc_a-stdio.o)
                0x08003e76                __sseek
 .text.__sclose
                0x08003e9a        0x8 /nix/store/i3m8xrhhnb7l83cpwdd9rlkcglpnxkw8-gcc-arm-embedded-12.3.rel1/bin/../lib/gcc/arm-none-eabi/12.3.1/../../../../arm-none-eabi/lib/thumb/v7e-m+fp/hard/libc_nano.a(libc_a-stdio.o)
                0x08003e9a                __sclose
 .text.quorem   0x08003ea2      0x110 /nix/store/i3m8xrhhnb7l83cpwdd9rlkcglpnxkw8-gcc-arm-embedded-12.3.rel1/bin/../lib/gcc/arm-none-eabi/12.3.1/../../../../arm-none-eabi/lib/thumb/v7e-m+fp/hard/libc_nano.a(libc_a-dtoa.o)
 *fill*         0x08003fb2        0x6 
 .text._dtoa_r  0x08003fb8      0xc58 /nix/store/i3m8xrhhnb7l83cpwdd9rlkcglpnxkw8-gcc-arm-embedded-12.3.rel1/bin/../lib/gcc/arm-none-eabi/12.3.1/../../../../arm-none-eabi/lib/thumb/v7e-m+fp/hard/libc_nano.a(libc_a-dtoa.o)
                0x08003fb8                _dtoa_r
 .text._write_r
                0x08004c10       0x24 /nix/store/i3m8xrhhnb7l83cpwdd9rlkcglpnxkw8-gcc-arm-embedded-12.3.rel1/bin/../lib/gcc/arm-none-eabi/12.3.1/../../../../arm-none-eabi/lib/thumb/v7e-m+fp/hard/libc_nano.a(libc_a-writer.o)
                0x08004c10                _write_r
 .text.__errno  0x08004c34        0xc /nix/store/i3m8xrhhnb7l83cpwdd9rlkcglpnxkw8-gcc-arm-embedded-12.3.rel1/bin/../lib/gcc/arm-none-eabi/12.3.1/../../../../arm-none-eabi/lib/thumb/v7e-m+fp/hard/libc_nano.a(libc_a-errno.o)
                0x08004c34                __errno
 .text._fwalk_sglue
                0x08004c40       0x3c /nix/store/i3m8xrhhnb7l83cpwdd9rlkcglpnxkw8-gcc-arm-embedded-12.3.rel1/bin/../lib/gcc/arm-none-eabi/12.3.1/../../../../arm-none-eabi/lib/thumb/v7e-m+fp/hard/libc_nano.a(libc_a-fwalk.o)
                0x08004c40                _fwalk_sglue
 .text.memset   0x08004c7c       0x10 /nix/store/i3m8xrhhnb7l83cpwdd9rlkcglpnxkw8-gcc-arm-embedded-12.3.rel1/bin/../lib/gcc/arm-none-eabi/12.3.1/../../../../arm-none-eabi/lib/thumb/v7e-m+fp/hard/libc_nano.a(libc_a-memset.o)
                0x08004c7c                memset
 .text.__retarget_lock_init_recursive
                0x08004c8c        0x2 /nix/store/i3m8xrhhnb7l83cpwdd9rlkcglpnxkw8-gcc-arm-embedded-12.3.rel1/bin/../lib/gcc/arm-none-eabi/12.3.1/../../../../arm-none-eabi/lib/thumb/v7e-m+fp/hard/libc_nano.a(libc_a-lock.o)
                0x08004c8c                __retarget_lock_init_recursive
 .text.__retarget_lock_acquire_recursive
                0x08004c8e        0x2 /nix/store/i3m8xrhhnb7l83cpwdd9rlkcglpnxkw8-gcc-arm-embedded-12.3.rel1/bin/../lib/gcc/arm-none-eabi/12.3.1/../../../../arm-none-eabi/lib/thumb/v7e-m+fp/hard/libc_nano.a(libc_a-lock.o)
                0x08004c8e                __retarget_lock_acquire_recursive
 .text.__retarget_lock_release_recursive
                0x08004c90        0x2 /nix/store/i3m8xrhhnb7l83cpwdd9rlkcglpnxkw8-gcc-arm-embedded-12.3.rel1/bin/../lib/gcc/arm-none-eabi/12.3.1/../../../../arm-none-eabi/lib/thumb/v7e-m+fp/hard/libc_nano.a(libc_a-lock.o)
                0x08004c90                __retarget_lock_release_recursive
 *fill*         0x08004c92        0x2 
 .text._localeconv_r
                0x08004c94        0x8 /nix/store/i3m8xrhhnb7l83cpwdd9rlkcglpnxkw8-gcc-arm-embedded-12.3.rel1/bin/../lib/gcc/arm-none-eabi/12.3.1/../../../../arm-none-eabi/lib/thumb/v7e-m+fp/hard/libc_nano.a(libc_a-localeconv.o)
                0x08004c94                _localeconv_r
 .text.__ssputs_r
                0x08004c9c       0xb6 /nix/store/i3m8xrhhnb7l83cpwdd9rlkcglpnxkw8-gcc-arm-embedded-12.3.rel1/bin/../lib/gcc/arm-none-eabi/12.3.1/../../../../arm-none-eabi/lib/thumb/v7e-m+fp/hard/libc_nano.a(libc_a-nano-svfprintf.o)
                0x08004c9c                __ssputs_r
 *fill*         0x08004d52        0x2 
 .text._svfprintf_r
                0x08004d54      0x1f8 /nix/store/i3m8xrhhnb7l83cpwdd9rlkcglpnxkw8-gcc-arm-embedded-12.3.rel1/bin/../lib/gcc/arm-none-eabi/12.3.1/../../../../arm-none-eabi/lib/thumb/v7e-m+fp/hard/libc_nano.a(libc_a-nano-svfprintf.o)
                0x08004d54                _svfprintf_r
                0x08004d54                _svfiprintf_r
 .text._close_r
                0x08004f4c       0x20 /nix/store/i3m8xrhhnb7l83cpwdd9rlkcglpnxkw8-gcc-arm-embedded-12.3.rel1/bin/../lib/gcc/arm-none-eabi/12.3.1/../../../../arm-none-eabi/lib/thumb/v7e-m+fp/hard/libc_nano.a(libc_a-closer.o)
                0x08004f4c                _close_r
 .text.__sflush_r
                0x08004f6c      0x108 /nix/store/i3m8xrhhnb7l83cpwdd9rlkcglpnxkw8-gcc-arm-embedded-12.3.rel1/bin/../lib/gcc/arm-none-eabi/12.3.1/../../../../arm-none-eabi/lib/thumb/v7e-m+fp/hard/libc_nano.a(libc_a-fflush.o)
                0x08004f6c                __sflush_r
 .text._fflush_r
                0x08005074       0x50 /nix/store/i3m8xrhhnb7l83cpwdd9rlkcglpnxkw8-gcc-arm-embedded-12.3.rel1/bin/../lib/gcc/arm-none-eabi/12.3.1/../../../../arm-none-eabi/lib/thumb/v7e-m+fp/hard/libc_nano.a(libc_a-fflush.o)
                0x08005074                _fflush_r
 .text.memcpy   0x080050c4       0x1c /nix/store/i3m8xrhhnb7l83cpwdd9rlkcglpnxkw8-gcc-arm-embedded-12.3.rel1/bin/../lib/gcc/arm-none-eabi/12.3.1/../../../../arm-none-eabi/lib/thumb/v7e-m+fp/hard/libc_nano.a(libc_a-memcpy-stub.o)
                0x080050c4                memcpy
 .text.malloc   0x080050e0       0x10 /nix/store/i3m8xrhhnb7l83cpwdd9rlkcglpnxkw8-gcc-arm-embedded-12.3.rel1/bin/../lib/gcc/arm-none-eabi/12.3.1/../../../../arm-none-eabi/lib/thumb/v7e-m+fp/hard/libc_nano.a(libc_a-malloc.o)
                0x080050e0                malloc
 .text.sbrk_aligned
                0x080050f0       0x44 /nix/store/i3m8xrhhnb7l83cpwdd9rlkcglpnxkw8-gcc-arm-embedded-12.3.rel1/bin/../lib/gcc/arm-none-eabi/12.3.1/../../../../arm-none-eabi/lib/thumb/v7e-m+fp/hard/libc_nano.a(libc_a-mallocr.o)
 .text._malloc_r
                0x08005134      0x100 /nix/store/i3m8xrhhnb7l83cpwdd9rlkcglpnxkw8-gcc-arm-embedded-12.3.rel1/bin/../lib/gcc/arm-none-eabi/12.3.1/../../../../arm-none-eabi/lib/thumb/v7e-m+fp/hard/libc_nano.a(libc_a-mallocr.o)
                0x08005134                _malloc_r
 .text.__assert_func
                0x08005234       0x3c /nix/store/i3m8xrhhnb7l83cpwdd9rlkcglpnxkw8-gcc-arm-embedded-12.3.rel1/bin/../lib/gcc/arm-none-eabi/12.3.1/../../../../arm-none-eabi/lib/thumb/v7e-m+fp/hard/libc_nano.a(libc_a-assert.o)
                0x08005234                __assert_func
 .text._lseek_r
                0x08005270       0x24 /nix/store/i3m8xrhhnb7l83cpwdd9rlkcglpnxkw8-gcc-arm-embedded-12.3.rel1/bin/../lib/gcc/arm-none-eabi/12.3.1/../../../../arm-none-eabi/lib/thumb/v7e-m+fp/hard/libc_nano.a(libc_a-lseekr.o)
                0x08005270                _lseek_r
 .text._read_r  0x08005294       0x24 /nix/store/i3m8xrhhnb7l83cpwdd9rlkcglpnxkw8-gcc-arm-embedded-12.3.rel1/bin/../lib/gcc/arm-none-eabi/12.3.1/../../../../arm-none-eabi/lib/thumb/v7e-m+fp/hard/libc_nano.a(libc_a-readr.o)
                0x08005294                _read_r
 .text.fprintf  0x080052b8       0x24 /nix/store/i3m8xrhhnb7l83cpwdd9rlkcglpnxkw8-gcc-arm-embedded-12.3.rel1/bin/../lib/gcc/arm-none-eabi/12.3.1/../../../../arm-none-eabi/lib/thumb/v7e-m+fp/hard/libc_nano.a(libc_a-fprintf.o)
                0x080052b8                fprintf
                0x080052b8                fiprintf
 .text.__malloc_lock
                0x080052dc        0xc /nix/store/i3m8xrhhnb7l83cpwdd9rlkcglpnxkw8-gcc-arm-embedded-12.3.rel1/bin/../lib/gcc/arm-none-eabi/12.3.1/../../../../arm-none-eabi/lib/thumb/v7e-m+fp/hard/libc_nano.a(libc_a-mlock.o)
                0x080052dc                __malloc_lock
 .text.__malloc_unlock
                0x080052e8        0xc /nix/store/i3m8xrhhnb7l83cpwdd9rlkcglpnxkw8-gcc-arm-embedded-12.3.rel1/bin/../lib/gcc/arm-none-eabi/12.3.1/../../../../arm-none-eabi/lib/thumb/v7e-m+fp/hard/libc_nano.a(libc_a-mlock.o)
                0x080052e8                __malloc_unlock
 .text._Balloc  0x080052f4       0x80 /nix/store/i3m8xrhhnb7l83cpwdd9rlkcglpnxkw8-gcc-arm-embedded-12.3.rel1/bin/../lib/gcc/arm-none-eabi/12.3.1/../../../../arm-none-eabi/lib/thumb/v7e-m+fp/hard/libc_nano.a(libc_a-mprec.o)
                0x080052f4                _Balloc
 .text._Bfree   0x08005374       0x44 /nix/store/i3m8xrhhnb7l83cpwdd9rlkcglpnxkw8-gcc-arm-embedded-12.3.rel1/bin/../lib/gcc/arm-none-eabi/12.3.1/../../../../arm-none-eabi/lib/thumb/v7e-m+fp/hard/libc_nano.a(libc_a-mprec.o)
                0x08005374                _Bfree
 .text.__multadd
                0x080053b8       0x8c /nix/store/i3m8xrhhnb7l83cpwdd9rlkcglpnxkw8-gcc-arm-embedded-12.3.rel1/bin/../lib/gcc/arm-none-eabi/12.3.1/../../../../arm-none-eabi/lib/thumb/v7e-m+fp/hard/libc_nano.a(libc_a-mprec.o)
                0x080053b8                __multadd
 .text.__hi0bits
                0x08005444       0x44 /nix/store/i3m8xrhhnb7l83cpwdd9rlkcglpnxkw8-gcc-arm-embedded-12.3.rel1/bin/../lib/gcc/arm-none-eabi/12.3.1/../../../../arm-none-eabi/lib/thumb/v7e-m+fp/hard/libc_nano.a(libc_a-mprec.o)
                0x08005444                __hi0bits
 .text.__lo0bits
                0x08005488       0x5a /nix/store/i3m8xrhhnb7l83cpwdd9rlkcglpnxkw8-gcc-arm-embedded-12.3.rel1/bin/../lib/gcc/arm-none-eabi/12.3.1/../../../../arm-none-eabi/lib/thumb/v7e-m+fp/hard/libc_nano.a(libc_a-mprec.o)
                0x08005488                __lo0bits
 *fill*         0x080054e2        0x2 
 .text.__i2b    0x080054e4       0x2c /nix/store/i3m8xrhhnb7l83cpwdd9rlkcglpnxkw8-gcc-arm-embedded-12.3.rel1/bin/../lib/gcc/arm-none-eabi/12.3.1/../../../../arm-none-eabi/lib/thumb/v7e-m+fp/hard/libc_nano.a(libc_a-mprec.o)
                0x080054e4                __i2b
 .text.__multiply
                0x08005510      0x154 /nix/store/i3m8xrhhnb7l83cpwdd9rlkcglpnxkw8-gcc-arm-embedded-12.3.rel1/bin/../lib/gcc/arm-none-eabi/12.3.1/../../../../arm-none-eabi/lib/thumb/v7e-m+fp/hard/libc_nano.a(libc_a-mprec.o)
                0x08005510                __multiply
 .text.__pow5mult
                0x08005664       0xb4 /nix/store/i3m8xrhhnb7l83cpwdd9rlkcglpnxkw8-gcc-arm-embedded-12.3.rel1/bin/../lib/gcc/arm-none-eabi/12.3.1/../../../../arm-none-eabi/lib/thumb/v7e-m+fp/hard/libc_nano.a(libc_a-mprec.o)
                0x08005664                __pow5mult
 .text.__lshift
                0x08005718       0xd8 /nix/store/i3m8xrhhnb7l83cpwdd9rlkcglpnxkw8-gcc-arm-embedded-12.3.rel1/bin/../lib/gcc/arm-none-eabi/12.3.1/../../../../arm-none-eabi/lib/thumb/v7e-m+fp/hard/libc_nano.a(libc_a-mprec.o)
                0x08005718                __lshift
 .text.__mcmp   0x080057f0       0x36 /nix/store/i3m8xrhhnb7l83cpwdd9rlkcglpnxkw8-gcc-arm-embedded-12.3.rel1/bin/../lib/gcc/arm-none-eabi/12.3.1/../../../../arm-none-eabi/lib/thumb/v7e-m+fp/hard/libc_nano.a(libc_a-mprec.o)
                0x080057f0                __mcmp
 *fill*         0x08005826        0x2 
 .text.__mdiff  0x08005828      0x128 /nix/store/i3m8xrhhnb7l83cpwdd9rlkcglpnxkw8-gcc-arm-embedded-12.3.rel1/bin/../lib/gcc/arm-none-eabi/12.3.1/../../../../arm-none-eabi/lib/thumb/v7e-m+fp/hard/libc_nano.a(libc_a-mprec.o)
                0x08005828                __mdiff
 .text.__d2b    0x08005950       0xb0 /nix/store/i3m8xrhhnb7l83cpwdd9rlkcglpnxkw8-gcc-arm-embedded-12.3.rel1/bin/../lib/gcc/arm-none-eabi/12.3.1/../../../../arm-none-eabi/lib/thumb/v7e-m+fp/hard/libc_nano.a(libc_a-mprec.o)
                0x08005950                __d2b
 .text._calloc_r
                0x08005a00       0x28 /nix/store/i3m8xrhhnb7l83cpwdd9rlkcglpnxkw8-gcc-arm-embedded-12.3.rel1/bin/../lib/gcc/arm-none-eabi/12.3.1/../../../../arm-none-eabi/lib/thumb/v7e-m+fp/hard/libc_nano.a(libc_a-callocr.o)
                0x08005a00                _calloc_r
 .text._sbrk_r  0x08005a28       0x20 /nix/store/i3m8xrhhnb7l83cpwdd9rlkcglpnxkw8-gcc-arm-embedded-12.3.rel1/bin/../lib/gcc/arm-none-eabi/12.3.1/../../../../arm-none-eabi/lib/thumb/v7e-m+fp/hard/libc_nano.a(libc_a-sbrkr.o)
                0x08005a28                _sbrk_r
 .text.memmove  0x08005a48       0x34 /nix/store/i3m8xrhhnb7l83cpwdd9rlkcglpnxkw8-gcc-arm-embedded-12.3.rel1/bin/../lib/gcc/arm-none-eabi/12.3.1/../../../../arm-none-eabi/lib/thumb/v7e-m+fp/hard/libc_nano.a(libc_a-memmove.o)
                0x08005a48                memmove
 .text._realloc_r
                0x08005a7c       0x5c /nix/store/i3m8xrhhnb7l83cpwdd9rlkcglpnxkw8-gcc-arm-embedded-12.3.rel1/bin/../lib/gcc/arm-none-eabi/12.3.1/../../../../arm-none-eabi/lib/thumb/v7e-m+fp/hard/libc_nano.a(libc_a-reallocr.o)
                0x08005a7c                _realloc_r
 .text._free_r  0x08005ad8       0x94 /nix/store/i3m8xrhhnb7l83cpwdd9rlkcglpnxkw8-gcc-arm-embedded-12.3.rel1/bin/../lib/gcc/arm-none-eabi/12.3.1/../../../../arm-none-eabi/lib/thumb/v7e-m+fp/hard/libc_nano.a(libc_a-freer.o)
                0x08005ad8                _free_r
 .text.__sfputc_r
                0x08005b6c       0x2e /nix/store/i3m8xrhhnb7l83cpwdd9rlkcglpnxkw8-gcc-arm-embedded-12.3.rel1/bin/../lib/gcc/arm-none-eabi/12.3.1/../../../../arm-none-eabi/lib/thumb/v7e-m+fp/hard/libc_nano.a(libc_a-nano-vfprintf.o)
 .text.__sfputs_r
                0x08005b9a       0x24 /nix/store/i3m8xrhhnb7l83cpwdd9rlkcglpnxkw8-gcc-arm-embedded-12.3.rel1/bin/../lib/gcc/arm-none-eabi/12.3.1/../../../../arm-none-eabi/lib/thumb/v7e-m+fp/hard/libc_nano.a(libc_a-nano-vfprintf.o)
                0x08005b9a                __sfputs_r
 *fill*         0x08005bbe        0x2 
 .text._vfprintf_r
                0x08005bc0      0x230 /nix/store/i3m8xrhhnb7l83cpwdd9rlkcglpnxkw8-gcc-arm-embedded-12.3.rel1/bin/../lib/gcc/arm-none-eabi/12.3.1/../../../../arm-none-eabi/lib/thumb/v7e-m+fp/hard/libc_nano.a(libc_a-nano-vfprintf.o)
                0x08005bc0                _vfiprintf_r
                0x08005bc0                _vfprintf_r
 .text.__swbuf_r
                0x08005df0       0x7c /nix/store/i3m8xrhhnb7l83cpwdd9rlkcglpnxkw8-gcc-arm-embedded-12.3.rel1/bin/../lib/gcc/arm-none-eabi/12.3.1/../../../../arm-none-eabi/lib/thumb/v7e-m+fp/hard/libc_nano.a(libc_a-wbuf.o)
                0x08005df0                __swbuf_r
 .text.__swsetup_r
                0x08005e6c       0xac /nix/store/i3m8xrhhnb7l83cpwdd9rlkcglpnxkw8-gcc-arm-embedded-12.3.rel1/bin/../lib/gcc/arm-none-eabi/12.3.1/../../../../arm-none-eabi/lib/thumb/v7e-m+fp/hard/libc_nano.a(libc_a-wsetup.o)
                0x08005e6c                __swsetup_r
 .text.__ascii_wctomb
                0x08005f18       0x1a /nix/store/i3m8xrhhnb7l83cpwdd9rlkcglpnxkw8-gcc-arm-embedded-12.3.rel1/bin/../lib/gcc/arm-none-eabi/12.3.1/../../../../arm-none-eabi/lib/thumb/v7e-m+fp/hard/libc_nano.a(libc_a-wctomb_r.o)
                0x08005f18                __ascii_wctomb
 .text.abort    0x08005f32        0xe /nix/store/i3m8xrhhnb7l83cpwdd9rlkcglpnxkw8-gcc-arm-embedded-12.3.rel1/bin/../lib/gcc/arm-none-eabi/12.3.1/../../../../arm-none-eabi/lib/thumb/v7e-m+fp/hard/libc_nano.a(libc_a-abort.o)
                0x08005f32                abort
 .text.__ascii_mbtowc
                0x08005f40       0x24 /nix/store/i3m8xrhhnb7l83cpwdd9rlkcglpnxkw8-gcc-arm-embedded-12.3.rel1/bin/../lib/gcc/arm-none-eabi/12.3.1/../../../../arm-none-eabi/lib/thumb/v7e-m+fp/hard/libc_nano.a(libc_a-mbtowc_r.o)
                0x08005f40                __ascii_mbtowc
 .text._malloc_usable_size_r
                0x08005f64       0x10 /nix/store/i3m8xrhhnb7l83cpwdd9rlkcglpnxkw8-gcc-arm-embedded-12.3.rel1/bin/../lib/gcc/arm-none-eabi/12.3.1/../../../../arm-none-eabi/lib/thumb/v7e-m+fp/hard/libc_nano.a(libc_a-msizer.o)
                0x08005f64                _malloc_usable_size_r
 .text.__swhatbuf_r
                0x08005f74       0x4c /nix/store/i3m8xrhhnb7l83cpwdd9rlkcglpnxkw8-gcc-arm-embedded-12.3.rel1/bin/../lib/gcc/arm-none-eabi/12.3.1/../../../../arm-none-eabi/lib/thumb/v7e-m+fp/hard/libc_nano.a(libc_a-makebuf.o)
                0x08005f74                __swhatbuf_r
 .text.__smakebuf_r
                0x08005fc0       0x78 /nix/store/i3m8xrhhnb7l83cpwdd9rlkcglpnxkw8-gcc-arm-embedded-12.3.rel1/bin/../lib/gcc/arm-none-eabi/12.3.1/../../../../arm-none-eabi/lib/thumb/v7e-m+fp/hard/libc_nano.a(libc_a-makebuf.o)
                0x08005fc0                __smakebuf_r
 .text._raise_r
                0x08006038       0x50 /nix/store/i3m8xrhhnb7l83cpwdd9rlkcglpnxkw8-gcc-arm-embedded-12.3.rel1/bin/../lib/gcc/arm-none-eabi/12.3.1/../../../../arm-none-eabi/lib/thumb/v7e-m+fp/hard/libc_nano.a(libc_a-signal.o)
                0x08006038                _raise_r
 .text.raise    0x08006088       0x10 /nix/store/i3m8xrhhnb7l83cpwdd9rlkcglpnxkw8-gcc-arm-embedded-12.3.rel1/bin/../lib/gcc/arm-none-eabi/12.3.1/../../../../arm-none-eabi/lib/thumb/v7e-m+fp/hard/libc_nano.a(libc_a-signal.o)
                0x08006088                raise
 .text._fstat_r
                0x08006098       0x24 /nix/store/i3m8xrhhnb7l83cpwdd9rlkcglpnxkw8-gcc-arm-embedded-12.3.rel1/bin/../lib/gcc/arm-none-eabi/12.3.1/../../../../arm-none-eabi/lib/thumb/v7e-m+fp/hard/libc_nano.a(libc_a-fstatr.o)
                0x08006098                _fstat_r
 .text._isatty_r
                0x080060bc       0x20 /nix/store/i3m8xrhhnb7l83cpwdd9rlkcglpnxkw8-gcc-arm-embedded-12.3.rel1/bin/../lib/gcc/arm-none-eabi/12.3.1/../../../../arm-none-eabi/lib/thumb/v7e-m+fp/hard/libc_nano.a(libc_a-isattyr.o)
                0x080060bc                _isatty_r
 .text._kill_r  0x080060dc       0x24 /nix/store/i3m8xrhhnb7l83cpwdd9rlkcglpnxkw8-gcc-arm-embedded-12.3.rel1/bin/../lib/gcc/arm-none-eabi/12.3.1/../../../../arm-none-eabi/lib/thumb/v7e-m+fp/hard/libc_nano.a(libc_a-signalr.o)
                0x080060dc                _kill_r
 .text._getpid_r
                0x08006100        0x4 /nix/store/i3m8xrhhnb7l83cpwdd9rlkcglpnxkw8-gcc-arm-embedded-12.3.rel1/bin/../lib/gcc/arm-none-eabi/12.3.1/../../../../arm-none-eabi/lib/thumb/v7e-m+fp/hard/libc_nano.a(libc_a-signalr.o)
                0x08006100                _getpid_r
 .text.arm_mean_f32
                0x08006104       0x68 Lib/libarm_cortexM4lf_math.a(arm_mean_f32.o)
                0x08006104                arm_mean_f32
 .text.arm_max_f32
                0x0800616c       0xd0 Lib/libarm_cortexM4lf_math.a(arm_max_f32.o)
                0x0800616c                arm_max_f32
 .text.arm_rfft_fast_init_f32
                0x0800623c      0x108 Lib/libarm_cortexM4lf_math.a(arm_rfft_fast_init_f32.o)
                0x0800623c                arm_rfft_fast_init_f32
 .text.arm_rfft_fast_f32
                0x08006344      0x188 Lib/libarm_cortexM4lf_math.a(arm_rfft_fast_f32.o)
                0x08006344                arm_rfft_fast_f32
 .text.arm_cfft_radix8by2_f32
                0x080064cc      0x1a4 Lib/libarm_cortexM4lf_math.a(arm_cfft_f32.o)
                0x080064cc                arm_cfft_radix8by2_f32
 .text.arm_cfft_radix8by4_f32
                0x08006670      0x4bc Lib/libarm_cortexM4lf_math.a(arm_cfft_f32.o)
                0x08006670                arm_cfft_radix8by4_f32
 .text.arm_cfft_f32
                0x08006b2c       0xf4 Lib/libarm_cortexM4lf_math.a(arm_cfft_f32.o)
                0x08006b2c                arm_cfft_f32
 .text.arm_fir_init_f32
                0x08006c20       0x24 Lib/libarm_cortexM4lf_math.a(arm_fir_init_f32.o)
                0x08006c20                arm_fir_init_f32
 .text.arm_fir_f32
                0x08006c44      0x4c8 Lib/libarm_cortexM4lf_math.a(arm_fir_f32.o)
                0x08006c44                arm_fir_f32
 .text.arm_cmplx_mag_f32
                0x0800710c      0x1d0 Lib/libarm_cortexM4lf_math.a(arm_cmplx_mag_f32.o)
                0x0800710c                arm_cmplx_mag_f32
 .text.arm_radix8_butterfly_f32
                0x080072dc      0x5c4 Lib/libarm_cortexM4lf_math.a(arm_cfft_radix8_f32.o)
                0x080072dc                arm_radix8_butterfly_f32
 .text.__udivmoddi4
                0x080078a0      0x2bc /nix/store/i3m8xrhhnb7l83cpwdd9rlkcglpnxkw8-gcc-arm-embedded-12.3.rel1/bin/../lib/gcc/arm-none-eabi/12.3.1/thumb/v7e-m+fp/hard/libgcc.a(_udivmoddi4.o)
                0x080078a0                __udivmoddi4
 .text.sqrtf    0x08007b5c       0x44 /nix/store/i3m8xrhhnb7l83cpwdd9rlkcglpnxkw8-gcc-arm-embedded-12.3.rel1/bin/../lib/gcc/arm-none-eabi/12.3.1/../../../../arm-none-eabi/lib/thumb/v7e-m+fp/hard/libm.a(libm_a-wf_sqrt.o)
                0x08007b5c                sqrtf
 .text.__ieee754_sqrtf
                0x08007ba0        0x8 /nix/store/i3m8xrhhnb7l83cpwdd9rlkcglpnxkw8-gcc-arm-embedded-12.3.rel1/bin/../lib/gcc/arm-none-eabi/12.3.1/../../../../arm-none-eabi/lib/thumb/v7e-m+fp/hard/libm.a(libm_a-ef_sqrt.o)
                0x08007ba0                __ieee754_sqrtf
 *(.glue_7)
 .glue_7        0x08007ba8        0x0 linker stubs
 *(.glue_7t)
 .glue_7t       0x08007ba8        0x0 linker stubs
 *(.eh_frame)
 .eh_frame      0x08007ba8        0x0 /nix/store/i3m8xrhhnb7l83cpwdd9rlkcglpnxkw8-gcc-arm-embedded-12.3.rel1/bin/../lib/gcc/arm-none-eabi/12.3.1/thumb/v7e-m+fp/hard/crtbegin.o
 *(.init)
 .init          0x08007ba8        0x4 /nix/store/i3m8xrhhnb7l83cpwdd9rlkcglpnxkw8-gcc-arm-embedded-12.3.rel1/bin/../lib/gcc/arm-none-eabi/12.3.1/thumb/v7e-m+fp/hard/crti.o
                0x08007ba8                _init
 .init          0x08007bac        0x8 /nix/store/i3m8xrhhnb7l83cpwdd9rlkcglpnxkw8-gcc-arm-embedded-12.3.rel1/bin/../lib/gcc/arm-none-eabi/12.3.1/thumb/v7e-m+fp/hard/crtn.o
 *(.fini)
 .fini          0x08007bb4        0x4 /nix/store/i3m8xrhhnb7l83cpwdd9rlkcglpnxkw8-gcc-arm-embedded-12.3.rel1/bin/../lib/gcc/arm-none-eabi/12.3.1/thumb/v7e-m+fp/hard/crti.o
                0x08007bb4                _fini
 .fini          0x08007bb8        0x8 /nix/store/i3m8xrhhnb7l83cpwdd9rlkcglpnxkw8-gcc-arm-embedded-12.3.rel1/bin/../lib/gcc/arm-none-eabi/12.3.1/thumb/v7e-m+fp/hard/crtn.o
                0x08007bc0                        . = ALIGN (0x4)
                0x08007bc0                        _etext = .

.vfp11_veneer   0x08007bc0        0x0
 .vfp11_veneer  0x08007bc0        0x0 linker stubs

.v4_bx          0x08007bc0        0x0
 .v4_bx         0x08007bc0        0x0 linker stubs

.iplt           0x08007bc0        0x0
 .iplt          0x08007bc0        0x0 /nix/store/i3m8xrhhnb7l83cpwdd9rlkcglpnxkw8-gcc-arm-embedded-12.3.rel1/bin/../lib/gcc/arm-none-eabi/12.3.1/thumb/v7e-m+fp/hard/crtbegin.o

.rodata         0x08007bc0    0x1386c
                0x08007bc0                        . = ALIGN (0x4)
 *(.rodata)
 *(.rodata*)
 .rodata.processData.str1.4
                0x08007bc0       0x7e build/main.o
 *fill*         0x08007c3e        0x2 
 .rodata.flagBitshiftOffset.0
                0x08007c40        0x8 build/stm32f4xx_hal_dma.o
 .rodata.APBPrescTable
                0x08007c48        0x8 build/system_stm32f4xx.o
                0x08007c48                APBPrescTable
 .rodata.AHBPrescTable
                0x08007c50       0x10 build/system_stm32f4xx.o
                0x08007c50                AHBPrescTable
 .rodata._printf_float.str1.1
                0x08007c60       0x12 /nix/store/i3m8xrhhnb7l83cpwdd9rlkcglpnxkw8-gcc-arm-embedded-12.3.rel1/bin/../lib/gcc/arm-none-eabi/12.3.1/../../../../arm-none-eabi/lib/thumb/v7e-m+fp/hard/libc_nano.a(libc_a-nano-vfprintf_float.o)
 .rodata._printf_i.str1.1
                0x08007c72       0x22 /nix/store/i3m8xrhhnb7l83cpwdd9rlkcglpnxkw8-gcc-arm-embedded-12.3.rel1/bin/../lib/gcc/arm-none-eabi/12.3.1/../../../../arm-none-eabi/lib/thumb/v7e-m+fp/hard/libc_nano.a(libc_a-nano-vfprintf_i.o)
 .rodata._dtoa_r.str1.1
                0x08007c94       0x8e /nix/store/i3m8xrhhnb7l83cpwdd9rlkcglpnxkw8-gcc-arm-embedded-12.3.rel1/bin/../lib/gcc/arm-none-eabi/12.3.1/../../../../arm-none-eabi/lib/thumb/v7e-m+fp/hard/libc_nano.a(libc_a-dtoa.o)
                                 0x90 (size before relaxing)
 .rodata._svfprintf_r.str1.1
                0x08007d22       0x11 /nix/store/i3m8xrhhnb7l83cpwdd9rlkcglpnxkw8-gcc-arm-embedded-12.3.rel1/bin/../lib/gcc/arm-none-eabi/12.3.1/../../../../arm-none-eabi/lib/thumb/v7e-m+fp/hard/libc_nano.a(libc_a-nano-svfprintf.o)
 .rodata.__assert_func.str1.1
                0x08007d33       0x3c /nix/store/i3m8xrhhnb7l83cpwdd9rlkcglpnxkw8-gcc-arm-embedded-12.3.rel1/bin/../lib/gcc/arm-none-eabi/12.3.1/../../../../arm-none-eabi/lib/thumb/v7e-m+fp/hard/libc_nano.a(libc_a-assert.o)
                                 0x3d (size before relaxing)
 .rodata._Balloc.str1.1
                0x08007d6f       0x5a /nix/store/i3m8xrhhnb7l83cpwdd9rlkcglpnxkw8-gcc-arm-embedded-12.3.rel1/bin/../lib/gcc/arm-none-eabi/12.3.1/../../../../arm-none-eabi/lib/thumb/v7e-m+fp/hard/libc_nano.a(libc_a-mprec.o)
                                 0x71 (size before relaxing)
 .rodata.__multadd.str1.1
                0x08007dc9       0x11 /nix/store/i3m8xrhhnb7l83cpwdd9rlkcglpnxkw8-gcc-arm-embedded-12.3.rel1/bin/../lib/gcc/arm-none-eabi/12.3.1/../../../../arm-none-eabi/lib/thumb/v7e-m+fp/hard/libc_nano.a(libc_a-mprec.o)
 *fill*         0x08007dc9        0x3 
 .rodata.p05.0  0x08007dcc        0xc /nix/store/i3m8xrhhnb7l83cpwdd9rlkcglpnxkw8-gcc-arm-embedded-12.3.rel1/bin/../lib/gcc/arm-none-eabi/12.3.1/../../../../arm-none-eabi/lib/thumb/v7e-m+fp/hard/libc_nano.a(libc_a-mprec.o)
 .rodata.__mprec_bigtens
                0x08007dd8       0x28 /nix/store/i3m8xrhhnb7l83cpwdd9rlkcglpnxkw8-gcc-arm-embedded-12.3.rel1/bin/../lib/gcc/arm-none-eabi/12.3.1/../../../../arm-none-eabi/lib/thumb/v7e-m+fp/hard/libc_nano.a(libc_a-mprec.o)
                0x08007dd8                __mprec_bigtens
 .rodata.__mprec_tens
                0x08007e00       0xc8 /nix/store/i3m8xrhhnb7l83cpwdd9rlkcglpnxkw8-gcc-arm-embedded-12.3.rel1/bin/../lib/gcc/arm-none-eabi/12.3.1/../../../../arm-none-eabi/lib/thumb/v7e-m+fp/hard/libc_nano.a(libc_a-mprec.o)
                0x08007e00                __mprec_tens
 .rodata._setlocale_r.str1.1
                0x08007ec8        0x8 /nix/store/i3m8xrhhnb7l83cpwdd9rlkcglpnxkw8-gcc-arm-embedded-12.3.rel1/bin/../lib/gcc/arm-none-eabi/12.3.1/../../../../arm-none-eabi/lib/thumb/v7e-m+fp/hard/libc_nano.a(libc_a-locale.o)
                                  0x9 (size before relaxing)
 .rodata.str1.1
                0x08007ed0        0x2 /nix/store/i3m8xrhhnb7l83cpwdd9rlkcglpnxkw8-gcc-arm-embedded-12.3.rel1/bin/../lib/gcc/arm-none-eabi/12.3.1/../../../../arm-none-eabi/lib/thumb/v7e-m+fp/hard/libc_nano.a(libc_a-locale.o)
 .rodata._vfprintf_r.str1.1
                0x08007ed2       0x11 /nix/store/i3m8xrhhnb7l83cpwdd9rlkcglpnxkw8-gcc-arm-embedded-12.3.rel1/bin/../lib/gcc/arm-none-eabi/12.3.1/../../../../arm-none-eabi/lib/thumb/v7e-m+fp/hard/libc_nano.a(libc_a-nano-vfprintf.o)
 .rodata._ctype_
                0x08007ed2      0x101 /nix/store/i3m8xrhhnb7l83cpwdd9rlkcglpnxkw8-gcc-arm-embedded-12.3.rel1/bin/../lib/gcc/arm-none-eabi/12.3.1/../../../../arm-none-eabi/lib/thumb/v7e-m+fp/hard/libc_nano.a(libc_a-ctype_.o)
                0x08007ed2                _ctype_
 *fill*         0x08007fd3        0x1 
 .rodata.twiddleCoef_2048
                0x08007fd4     0x4000 Lib/libarm_cortexM4lf_math.a(arm_common_tables.o)
                0x08007fd4                twiddleCoef_2048
 .rodata.twiddleCoef_rfft_64
                0x0800bfd4      0x100 Lib/libarm_cortexM4lf_math.a(arm_common_tables.o)
                0x0800bfd4                twiddleCoef_rfft_64
 .rodata.armBitRevIndexTable64
                0x0800c0d4       0x70 Lib/libarm_cortexM4lf_math.a(arm_common_tables.o)
                0x0800c0d4                armBitRevIndexTable64
 .rodata.twiddleCoef_rfft_2048
                0x0800c144     0x2000 Lib/libarm_cortexM4lf_math.a(arm_common_tables.o)
                0x0800c144                twiddleCoef_rfft_2048
 .rodata.twiddleCoef_rfft_4096
                0x0800e144     0x4000 Lib/libarm_cortexM4lf_math.a(arm_common_tables.o)
                0x0800e144                twiddleCoef_rfft_4096
 .rodata.twiddleCoef_256
                0x08012144      0x800 Lib/libarm_cortexM4lf_math.a(arm_common_tables.o)
                0x08012144                twiddleCoef_256
 .rodata.twiddleCoef_16
                0x08012944       0x80 Lib/libarm_cortexM4lf_math.a(arm_common_tables.o)
                0x08012944                twiddleCoef_16
 .rodata.twiddleCoef_1024
                0x080129c4     0x2000 Lib/libarm_cortexM4lf_math.a(arm_common_tables.o)
                0x080129c4                twiddleCoef_1024
 .rodata.twiddleCoef_32
                0x080149c4      0x100 Lib/libarm_cortexM4lf_math.a(arm_common_tables.o)
                0x080149c4                twiddleCoef_32
 .rodata.armBitRevIndexTable1024
                0x08014ac4      0xe10 Lib/libarm_cortexM4lf_math.a(arm_common_tables.o)
                0x08014ac4                armBitRevIndexTable1024
 .rodata.armBitRevIndexTable16
                0x080158d4       0x28 Lib/libarm_cortexM4lf_math.a(arm_common_tables.o)
                0x080158d4                armBitRevIndexTable16
 .rodata.twiddleCoef_rfft_32
                0x080158fc       0x80 Lib/libarm_cortexM4lf_math.a(arm_common_tables.o)
                0x080158fc                twiddleCoef_rfft_32
 .rodata.armBitRevIndexTable32
                0x0801597c       0x60 Lib/libarm_cortexM4lf_math.a(arm_common_tables.o)
                0x0801597c                armBitRevIndexTable32
 .rodata.twiddleCoef_128
                0x080159dc      0x400 Lib/libarm_cortexM4lf_math.a(arm_common_tables.o)
                0x080159dc                twiddleCoef_128
 .rodata.twiddleCoef_512
                0x08015ddc     0x1000 Lib/libarm_cortexM4lf_math.a(arm_common_tables.o)
                0x08015ddc                twiddleCoef_512
 .rodata.armBitRevIndexTable2048
                0x08016ddc     0x1dc0 Lib/libarm_cortexM4lf_math.a(arm_common_tables.o)
                0x08016ddc                armBitRevIndexTable2048
 .rodata.twiddleCoef_64
                0x08018b9c      0x200 Lib/libarm_cortexM4lf_math.a(arm_common_tables.o)
                0x08018b9c                twiddleCoef_64
 .rodata.twiddleCoef_rfft_512
                0x08018d9c      0x800 Lib/libarm_cortexM4lf_math.a(arm_common_tables.o)
                0x08018d9c                twiddleCoef_rfft_512
 .rodata.armBitRevIndexTable512
                0x0801959c      0x380 Lib/libarm_cortexM4lf_math.a(arm_common_tables.o)
                0x0801959c                armBitRevIndexTable512
 .rodata.twiddleCoef_rfft_1024
                0x0801991c     0x1000 Lib/libarm_cortexM4lf_math.a(arm_common_tables.o)
                0x0801991c                twiddleCoef_rfft_1024
 .rodata.twiddleCoef_rfft_256
                0x0801a91c      0x400 Lib/libarm_cortexM4lf_math.a(arm_common_tables.o)
                0x0801a91c                twiddleCoef_rfft_256
 .rodata.armBitRevIndexTable256
                0x0801ad1c      0x370 Lib/libarm_cortexM4lf_math.a(arm_common_tables.o)
                0x0801ad1c                armBitRevIndexTable256
 .rodata.twiddleCoef_rfft_128
                0x0801b08c      0x200 Lib/libarm_cortexM4lf_math.a(arm_common_tables.o)
                0x0801b08c                twiddleCoef_rfft_128
 .rodata.armBitRevIndexTable128
                0x0801b28c      0x1a0 Lib/libarm_cortexM4lf_math.a(arm_common_tables.o)
                0x0801b28c                armBitRevIndexTable128
                0x0801b42c                        . = ALIGN (0x4)

.ARM.extab
 *(.ARM.extab* .gnu.linkonce.armextab.*)

.ARM            0x0801b42c        0x8
                0x0801b42c                        __exidx_start = .
 *(.ARM.exidx*)
 .ARM.exidx     0x0801b42c        0x8 /nix/store/i3m8xrhhnb7l83cpwdd9rlkcglpnxkw8-gcc-arm-embedded-12.3.rel1/bin/../lib/gcc/arm-none-eabi/12.3.1/../../../../arm-none-eabi/lib/thumb/v7e-m+fp/hard/libc_nano.a(libc_a-memchr.o)
 .ARM.exidx     0x0801b434        0x0 /nix/store/i3m8xrhhnb7l83cpwdd9rlkcglpnxkw8-gcc-arm-embedded-12.3.rel1/bin/../lib/gcc/arm-none-eabi/12.3.1/../../../../arm-none-eabi/lib/thumb/v7e-m+fp/hard/libc_nano.a(libc_a-strlen.o)
                                  0x8 (size before relaxing)
 .ARM.exidx.text.__udivmoddi4
                0x0801b434        0x0 /nix/store/i3m8xrhhnb7l83cpwdd9rlkcglpnxkw8-gcc-arm-embedded-12.3.rel1/bin/../lib/gcc/arm-none-eabi/12.3.1/thumb/v7e-m+fp/hard/libgcc.a(_udivmoddi4.o)
                                  0x8 (size before relaxing)
                0x0801b434                        __exidx_end = .

.rel.dyn        0x0801b434        0x0
 .rel.iplt      0x0801b434        0x0 /nix/store/i3m8xrhhnb7l83cpwdd9rlkcglpnxkw8-gcc-arm-embedded-12.3.rel1/bin/../lib/gcc/arm-none-eabi/12.3.1/thumb/v7e-m+fp/hard/crtbegin.o

.preinit_array  0x0801b434        0x0
                0x0801b434                        PROVIDE (__preinit_array_start = .)
 *(.preinit_array*)
                0x0801b434                        PROVIDE (__preinit_array_end = .)

.init_array     0x0801b434        0x4
                0x0801b434                        PROVIDE (__init_array_start = .)
 *(SORT_BY_NAME(.init_array.*))
 *(.init_array*)
 .init_array    0x0801b434        0x4 /nix/store/i3m8xrhhnb7l83cpwdd9rlkcglpnxkw8-gcc-arm-embedded-12.3.rel1/bin/../lib/gcc/arm-none-eabi/12.3.1/thumb/v7e-m+fp/hard/crtbegin.o
                0x0801b438                        PROVIDE (__init_array_end = .)

.fini_array     0x0801b438        0x4
                [!provide]                        PROVIDE (__fini_array_start = .)
 *(SORT_BY_NAME(.fini_array.*))
 *(.fini_array*)
 .fini_array    0x0801b438        0x4 /nix/store/i3m8xrhhnb7l83cpwdd9rlkcglpnxkw8-gcc-arm-embedded-12.3.rel1/bin/../lib/gcc/arm-none-eabi/12.3.1/thumb/v7e-m+fp/hard/crtbegin.o
                [!provide]                        PROVIDE (__fini_array_end = .)
                0x0801b43c                        _sidata = LOADADDR (.data)

.data           0x20000000      0x6b0 load address 0x0801b43c
                0x20000000                        . = ALIGN (0x4)
                0x20000000                        _sdata = .
 *(.data)
 *(.data*)
 .data.firCoeffs32
                0x20000000      0x4dc build/main.o
 .data.uwTickFreq
                0x200004dc        0x1 build/stm32f4xx_hal.o
                0x200004dc                uwTickFreq
 *fill*         0x200004dd        0x3 
 .data.uwTickPrio
                0x200004e0        0x4 build/stm32f4xx_hal.o
                0x200004e0                uwTickPrio
 .data.SystemCoreClock
                0x200004e4        0x4 build/system_stm32f4xx.o
                0x200004e4                SystemCoreClock
 .data.__sglue  0x200004e8        0xc /nix/store/i3m8xrhhnb7l83cpwdd9rlkcglpnxkw8-gcc-arm-embedded-12.3.rel1/bin/../lib/gcc/arm-none-eabi/12.3.1/../../../../arm-none-eabi/lib/thumb/v7e-m+fp/hard/libc_nano.a(libc_a-findfp.o)
                0x200004e8                __sglue
 .data._impure_ptr
                0x200004f4        0x4 /nix/store/i3m8xrhhnb7l83cpwdd9rlkcglpnxkw8-gcc-arm-embedded-12.3.rel1/bin/../lib/gcc/arm-none-eabi/12.3.1/../../../../arm-none-eabi/lib/thumb/v7e-m+fp/hard/libc_nano.a(libc_a-impure.o)
                0x200004f4                _impure_ptr
 .data._impure_data
                0x200004f8       0x4c /nix/store/i3m8xrhhnb7l83cpwdd9rlkcglpnxkw8-gcc-arm-embedded-12.3.rel1/bin/../lib/gcc/arm-none-eabi/12.3.1/../../../../arm-none-eabi/lib/thumb/v7e-m+fp/hard/libc_nano.a(libc_a-impure.o)
                0x200004f8                _impure_data
 .data.__global_locale
                0x20000544      0x16c /nix/store/i3m8xrhhnb7l83cpwdd9rlkcglpnxkw8-gcc-arm-embedded-12.3.rel1/bin/../lib/gcc/arm-none-eabi/12.3.1/../../../../arm-none-eabi/lib/thumb/v7e-m+fp/hard/libc_nano.a(libc_a-locale.o)
                0x20000544                __global_locale
                0x200006b0                        . = ALIGN (0x4)
                0x200006b0                        _edata = .

.tm_clone_table
                0x200006b0        0x0 load address 0x0801baec
 .tm_clone_table
                0x200006b0        0x0 /nix/store/i3m8xrhhnb7l83cpwdd9rlkcglpnxkw8-gcc-arm-embedded-12.3.rel1/bin/../lib/gcc/arm-none-eabi/12.3.1/thumb/v7e-m+fp/hard/crtbegin.o
 .tm_clone_table
                0x200006b0        0x0 /nix/store/i3m8xrhhnb7l83cpwdd9rlkcglpnxkw8-gcc-arm-embedded-12.3.rel1/bin/../lib/gcc/arm-none-eabi/12.3.1/thumb/v7e-m+fp/hard/crtend.o

.igot.plt       0x200006b0        0x0 load address 0x0801baec
 .igot.plt      0x200006b0        0x0 /nix/store/i3m8xrhhnb7l83cpwdd9rlkcglpnxkw8-gcc-arm-embedded-12.3.rel1/bin/../lib/gcc/arm-none-eabi/12.3.1/thumb/v7e-m+fp/hard/crtbegin.o
                0x200006b0                        . = ALIGN (0x4)

.bss            0x200006b0     0xa870 load address 0x0801baec
                0x200006b0                        _sbss = .
                0x200006b0                        __bss_start__ = _sbss
 *(.bss)
 *(.bss*)
 .bss.completed.1
                0x200006b0        0x1 /nix/store/i3m8xrhhnb7l83cpwdd9rlkcglpnxkw8-gcc-arm-embedded-12.3.rel1/bin/../lib/gcc/arm-none-eabi/12.3.1/thumb/v7e-m+fp/hard/crtbegin.o
 *fill*         0x200006b1        0x3 
 .bss.object.0  0x200006b4       0x18 /nix/store/i3m8xrhhnb7l83cpwdd9rlkcglpnxkw8-gcc-arm-embedded-12.3.rel1/bin/../lib/gcc/arm-none-eabi/12.3.1/thumb/v7e-m+fp/hard/crtbegin.o
 .bss.frequencyBuffer.0
                0x200006cc       0x10 build/main.o
 .bss.frequencyIndex.1
                0x200006dc        0x4 build/main.o
 .bss.huart1    0x200006e0       0x78 build/main.o
                0x200006e0                huart1
 .bss.htim2     0x20000758       0xb4 build/main.o
                0x20000758                htim2
 .bss.hdma_adc1
                0x2000080c       0x60 build/main.o
                0x2000080c                hdma_adc1
 .bss.hadc1     0x2000086c       0x64 build/main.o
                0x2000086c                hadc1
 .bss.S_RFFT    0x200008d0       0x18 build/main.o
                0x200008d0                S_RFFT
 .bss.S         0x200008e8        0xc build/main.o
                0x200008e8                S
 .bss.fftMag    0x200008f4     0x1000 build/main.o
 .bss.fftOutput
                0x200018f4     0x2000 build/main.o
 .bss.firStateF32
                0x200038f4     0x24d8 build/main.o
 .bss.outputF32
                0x20005dcc     0x2000 build/main.o
 .bss.inputF32  0x20007dcc     0x2000 build/main.o
 .bss.adcBuffer
                0x20009dcc     0x1000 build/main.o
                0x20009dcc                adcBuffer
 .bss.uwTick    0x2000adcc        0x4 build/stm32f4xx_hal.o
                0x2000adcc                uwTick
 .bss.__sbrk_heap_end
                0x2000add0        0x4 build/sysmem.o
 .bss.__sf      0x2000add4      0x138 /nix/store/i3m8xrhhnb7l83cpwdd9rlkcglpnxkw8-gcc-arm-embedded-12.3.rel1/bin/../lib/gcc/arm-none-eabi/12.3.1/../../../../arm-none-eabi/lib/thumb/v7e-m+fp/hard/libc_nano.a(libc_a-findfp.o)
                0x2000add4                __sf
 .bss.__stdio_exit_handler
                0x2000af0c        0x4 /nix/store/i3m8xrhhnb7l83cpwdd9rlkcglpnxkw8-gcc-arm-embedded-12.3.rel1/bin/../lib/gcc/arm-none-eabi/12.3.1/../../../../arm-none-eabi/lib/thumb/v7e-m+fp/hard/libc_nano.a(libc_a-findfp.o)
                0x2000af0c                __stdio_exit_handler
 .bss.__lock___malloc_recursive_mutex
                0x2000af10        0x1 /nix/store/i3m8xrhhnb7l83cpwdd9rlkcglpnxkw8-gcc-arm-embedded-12.3.rel1/bin/../lib/gcc/arm-none-eabi/12.3.1/../../../../arm-none-eabi/lib/thumb/v7e-m+fp/hard/libc_nano.a(libc_a-lock.o)
                0x2000af10                __lock___malloc_recursive_mutex
 .bss.__lock___sfp_recursive_mutex
                0x2000af11        0x1 /nix/store/i3m8xrhhnb7l83cpwdd9rlkcglpnxkw8-gcc-arm-embedded-12.3.rel1/bin/../lib/gcc/arm-none-eabi/12.3.1/../../../../arm-none-eabi/lib/thumb/v7e-m+fp/hard/libc_nano.a(libc_a-lock.o)
                0x2000af11                __lock___sfp_recursive_mutex
 *fill*         0x2000af12        0x2 
 .bss.errno     0x2000af14        0x4 /nix/store/i3m8xrhhnb7l83cpwdd9rlkcglpnxkw8-gcc-arm-embedded-12.3.rel1/bin/../lib/gcc/arm-none-eabi/12.3.1/../../../../arm-none-eabi/lib/thumb/v7e-m+fp/hard/libc_nano.a(libc_a-reent.o)
                0x2000af14                errno
 .bss.__malloc_sbrk_start
                0x2000af18        0x4 /nix/store/i3m8xrhhnb7l83cpwdd9rlkcglpnxkw8-gcc-arm-embedded-12.3.rel1/bin/../lib/gcc/arm-none-eabi/12.3.1/../../../../arm-none-eabi/lib/thumb/v7e-m+fp/hard/libc_nano.a(libc_a-mallocr.o)
                0x2000af18                __malloc_sbrk_start
 .bss.__malloc_free_list
                0x2000af1c        0x4 /nix/store/i3m8xrhhnb7l83cpwdd9rlkcglpnxkw8-gcc-arm-embedded-12.3.rel1/bin/../lib/gcc/arm-none-eabi/12.3.1/../../../../arm-none-eabi/lib/thumb/v7e-m+fp/hard/libc_nano.a(libc_a-mallocr.o)
                0x2000af1c                __malloc_free_list
 *(COMMON)
                0x2000af20                        . = ALIGN (0x4)
                0x2000af20                        _ebss = .
                0x2000af20                        __bss_end__ = _ebss

._user_heap_stack
                0x2000af20      0xc00 load address 0x0801baec
                0x2000af20                        . = ALIGN (0x8)
                [!provide]                        PROVIDE (end = .)
                0x2000af20                        PROVIDE (_end = .)
                0x2000b320                        . = (. + _Min_Heap_Size)
 *fill*         0x2000af20      0x400 
                0x2000bb20                        . = (. + _Min_Stack_Size)
 *fill*         0x2000b320      0x800 
                0x2000bb20                        . = ALIGN (0x8)

/DISCARD/
 libc.a(*)
 libm.a(*)
 libgcc.a(*)

.ARM.attributes
                0x00000000       0x30
 *(.ARM.attributes)
 .ARM.attributes
                0x00000000       0x22 /nix/store/i3m8xrhhnb7l83cpwdd9rlkcglpnxkw8-gcc-arm-embedded-12.3.rel1/bin/../lib/gcc/arm-none-eabi/12.3.1/thumb/v7e-m+fp/hard/crti.o
 .ARM.attributes
                0x00000022       0x34 /nix/store/i3m8xrhhnb7l83cpwdd9rlkcglpnxkw8-gcc-arm-embedded-12.3.rel1/bin/../lib/gcc/arm-none-eabi/12.3.1/thumb/v7e-m+fp/hard/crtbegin.o
 .ARM.attributes
                0x00000056       0x34 build/main.o
 .ARM.attributes
                0x0000008a       0x34 build/stm32f4xx_it.o
 .ARM.attributes
                0x000000be       0x34 build/stm32f4xx_hal_msp.o
 .ARM.attributes
                0x000000f2       0x34 build/stm32f4xx_hal_adc.o
 .ARM.attributes
                0x00000126       0x34 build/stm32f4xx_hal_adc_ex.o
 .ARM.attributes
                0x0000015a       0x34 build/stm32f4xx_hal_rcc.o
 .ARM.attributes
                0x0000018e       0x34 build/stm32f4xx_hal_gpio.o
 .ARM.attributes
                0x000001c2       0x34 build/stm32f4xx_hal_dma.o
 .ARM.attributes
                0x000001f6       0x34 build/stm32f4xx_hal_cortex.o
 .ARM.attributes
                0x0000022a       0x34 build/stm32f4xx_hal.o
 .ARM.attributes
                0x0000025e       0x34 build/stm32f4xx_hal_tim.o
 .ARM.attributes
                0x00000292       0x34 build/stm32f4xx_hal_tim_ex.o
 .ARM.attributes
                0x000002c6       0x34 build/stm32f4xx_hal_uart.o
 .ARM.attributes
                0x000002fa       0x34 build/system_stm32f4xx.o
 .ARM.attributes
                0x0000032e       0x34 build/sysmem.o
 .ARM.attributes
                0x00000362       0x34 build/syscalls.o
 .ARM.attributes
                0x00000396       0x21 build/startup_stm32f401xc.o
 .ARM.attributes
                0x000003b7       0x34 /nix/store/i3m8xrhhnb7l83cpwdd9rlkcglpnxkw8-gcc-arm-embedded-12.3.rel1/bin/../lib/gcc/arm-none-eabi/12.3.1/../../../../arm-none-eabi/lib/thumb/v7e-m+fp/hard/libc_nano.a(libc_a-init.o)
 .ARM.attributes
                0x000003eb       0x34 /nix/store/i3m8xrhhnb7l83cpwdd9rlkcglpnxkw8-gcc-arm-embedded-12.3.rel1/bin/../lib/gcc/arm-none-eabi/12.3.1/../../../../arm-none-eabi/lib/thumb/v7e-m+fp/hard/libc_nano.a(libc_a-nano-vfprintf_float.o)
 .ARM.attributes
                0x0000041f       0x34 /nix/store/i3m8xrhhnb7l83cpwdd9rlkcglpnxkw8-gcc-arm-embedded-12.3.rel1/bin/../lib/gcc/arm-none-eabi/12.3.1/../../../../arm-none-eabi/lib/thumb/v7e-m+fp/hard/libc_nano.a(libc_a-nano-vfprintf_i.o)
 .ARM.attributes
                0x00000453       0x1c /nix/store/i3m8xrhhnb7l83cpwdd9rlkcglpnxkw8-gcc-arm-embedded-12.3.rel1/bin/../lib/gcc/arm-none-eabi/12.3.1/../../../../arm-none-eabi/lib/thumb/v7e-m+fp/hard/libc_nano.a(libc_a-memchr.o)
 .ARM.attributes
                0x0000046f       0x17 /nix/store/i3m8xrhhnb7l83cpwdd9rlkcglpnxkw8-gcc-arm-embedded-12.3.rel1/bin/../lib/gcc/arm-none-eabi/12.3.1/../../../../arm-none-eabi/lib/thumb/v7e-m+fp/hard/libc_nano.a(libc_a-strlen.o)
 .ARM.attributes
                0x00000486       0x34 /nix/store/i3m8xrhhnb7l83cpwdd9rlkcglpnxkw8-gcc-arm-embedded-12.3.rel1/bin/../lib/gcc/arm-none-eabi/12.3.1/../../../../arm-none-eabi/lib/thumb/v7e-m+fp/hard/libc_nano.a(libc_a-findfp.o)
 .ARM.attributes
                0x000004ba       0x34 /nix/store/i3m8xrhhnb7l83cpwdd9rlkcglpnxkw8-gcc-arm-embedded-12.3.rel1/bin/../lib/gcc/arm-none-eabi/12.3.1/../../../../arm-none-eabi/lib/thumb/v7e-m+fp/hard/libc_nano.a(libc_a-snprintf.o)
 .ARM.attributes
                0x000004ee       0x34 /nix/store/i3m8xrhhnb7l83cpwdd9rlkcglpnxkw8-gcc-arm-embedded-12.3.rel1/bin/../lib/gcc/arm-none-eabi/12.3.1/../../../../arm-none-eabi/lib/thumb/v7e-m+fp/hard/libc_nano.a(libc_a-stdio.o)
 .ARM.attributes
                0x00000522       0x34 /nix/store/i3m8xrhhnb7l83cpwdd9rlkcglpnxkw8-gcc-arm-embedded-12.3.rel1/bin/../lib/gcc/arm-none-eabi/12.3.1/../../../../arm-none-eabi/lib/thumb/v7e-m+fp/hard/libc_nano.a(libc_a-dtoa.o)
 .ARM.attributes
                0x00000556       0x34 /nix/store/i3m8xrhhnb7l83cpwdd9rlkcglpnxkw8-gcc-arm-embedded-12.3.rel1/bin/../lib/gcc/arm-none-eabi/12.3.1/../../../../arm-none-eabi/lib/thumb/v7e-m+fp/hard/libc_nano.a(libc_a-writer.o)
 .ARM.attributes
                0x0000058a       0x34 /nix/store/i3m8xrhhnb7l83cpwdd9rlkcglpnxkw8-gcc-arm-embedded-12.3.rel1/bin/../lib/gcc/arm-none-eabi/12.3.1/../../../../arm-none-eabi/lib/thumb/v7e-m+fp/hard/libc_nano.a(libc_a-errno.o)
 .ARM.attributes
                0x000005be       0x34 /nix/store/i3m8xrhhnb7l83cpwdd9rlkcglpnxkw8-gcc-arm-embedded-12.3.rel1/bin/../lib/gcc/arm-none-eabi/12.3.1/../../../../arm-none-eabi/lib/thumb/v7e-m+fp/hard/libc_nano.a(libc_a-fwalk.o)
 .ARM.attributes
                0x000005f2       0x34 /nix/store/i3m8xrhhnb7l83cpwdd9rlkcglpnxkw8-gcc-arm-embedded-12.3.rel1/bin/../lib/gcc/arm-none-eabi/12.3.1/../../../../arm-none-eabi/lib/thumb/v7e-m+fp/hard/libc_nano.a(libc_a-memset.o)
 .ARM.attributes
                0x00000626       0x34 /nix/store/i3m8xrhhnb7l83cpwdd9rlkcglpnxkw8-gcc-arm-embedded-12.3.rel1/bin/../lib/gcc/arm-none-eabi/12.3.1/../../../../arm-none-eabi/lib/thumb/v7e-m+fp/hard/libc_nano.a(libc_a-lock.o)
 .ARM.attributes
                0x0000065a       0x34 /nix/store/i3m8xrhhnb7l83cpwdd9rlkcglpnxkw8-gcc-arm-embedded-12.3.rel1/bin/../lib/gcc/arm-none-eabi/12.3.1/../../../../arm-none-eabi/lib/thumb/v7e-m+fp/hard/libc_nano.a(libc_a-localeconv.o)
 .ARM.attributes
                0x0000068e       0x34 /nix/store/i3m8xrhhnb7l83cpwdd9rlkcglpnxkw8-gcc-arm-embedded-12.3.rel1/bin/../lib/gcc/arm-none-eabi/12.3.1/../../../../arm-none-eabi/lib/thumb/v7e-m+fp/hard/libc_nano.a(libc_a-nano-svfprintf.o)
 .ARM.attributes
                0x000006c2       0x34 /nix/store/i3m8xrhhnb7l83cpwdd9rlkcglpnxkw8-gcc-arm-embedded-12.3.rel1/bin/../lib/gcc/arm-none-eabi/12.3.1/../../../../arm-none-eabi/lib/thumb/v7e-m+fp/hard/libc_nano.a(libc_a-closer.o)
 .ARM.attributes
                0x000006f6       0x34 /nix/store/i3m8xrhhnb7l83cpwdd9rlkcglpnxkw8-gcc-arm-embedded-12.3.rel1/bin/../lib/gcc/arm-none-eabi/12.3.1/../../../../arm-none-eabi/lib/thumb/v7e-m+fp/hard/libc_nano.a(libc_a-reent.o)
 .ARM.attributes
                0x0000072a       0x34 /nix/store/i3m8xrhhnb7l83cpwdd9rlkcglpnxkw8-gcc-arm-embedded-12.3.rel1/bin/../lib/gcc/arm-none-eabi/12.3.1/../../../../arm-none-eabi/lib/thumb/v7e-m+fp/hard/libc_nano.a(libc_a-impure.o)
 .ARM.attributes
                0x0000075e       0x34 /nix/store/i3m8xrhhnb7l83cpwdd9rlkcglpnxkw8-gcc-arm-embedded-12.3.rel1/bin/../lib/gcc/arm-none-eabi/12.3.1/../../../../arm-none-eabi/lib/thumb/v7e-m+fp/hard/libc_nano.a(libc_a-fflush.o)
 .ARM.attributes
                0x00000792       0x34 /nix/store/i3m8xrhhnb7l83cpwdd9rlkcglpnxkw8-gcc-arm-embedded-12.3.rel1/bin/../lib/gcc/arm-none-eabi/12.3.1/../../../../arm-none-eabi/lib/thumb/v7e-m+fp/hard/libc_nano.a(libc_a-memcpy-stub.o)
 .ARM.attributes
                0x000007c6       0x34 /nix/store/i3m8xrhhnb7l83cpwdd9rlkcglpnxkw8-gcc-arm-embedded-12.3.rel1/bin/../lib/gcc/arm-none-eabi/12.3.1/../../../../arm-none-eabi/lib/thumb/v7e-m+fp/hard/libc_nano.a(libc_a-malloc.o)
 .ARM.attributes
                0x000007fa       0x34 /nix/store/i3m8xrhhnb7l83cpwdd9rlkcglpnxkw8-gcc-arm-embedded-12.3.rel1/bin/../lib/gcc/arm-none-eabi/12.3.1/../../../../arm-none-eabi/lib/thumb/v7e-m+fp/hard/libc_nano.a(libc_a-mallocr.o)
 .ARM.attributes
                0x0000082e       0x34 /nix/store/i3m8xrhhnb7l83cpwdd9rlkcglpnxkw8-gcc-arm-embedded-12.3.rel1/bin/../lib/gcc/arm-none-eabi/12.3.1/../../../../arm-none-eabi/lib/thumb/v7e-m+fp/hard/libc_nano.a(libc_a-assert.o)
 .ARM.attributes
                0x00000862       0x34 /nix/store/i3m8xrhhnb7l83cpwdd9rlkcglpnxkw8-gcc-arm-embedded-12.3.rel1/bin/../lib/gcc/arm-none-eabi/12.3.1/../../../../arm-none-eabi/lib/thumb/v7e-m+fp/hard/libc_nano.a(libc_a-lseekr.o)
 .ARM.attributes
                0x00000896       0x34 /nix/store/i3m8xrhhnb7l83cpwdd9rlkcglpnxkw8-gcc-arm-embedded-12.3.rel1/bin/../lib/gcc/arm-none-eabi/12.3.1/../../../../arm-none-eabi/lib/thumb/v7e-m+fp/hard/libc_nano.a(libc_a-readr.o)
 .ARM.attributes
                0x000008ca       0x34 /nix/store/i3m8xrhhnb7l83cpwdd9rlkcglpnxkw8-gcc-arm-embedded-12.3.rel1/bin/../lib/gcc/arm-none-eabi/12.3.1/../../../../arm-none-eabi/lib/thumb/v7e-m+fp/hard/libc_nano.a(libc_a-fprintf.o)
 .ARM.attributes
                0x000008fe       0x34 /nix/store/i3m8xrhhnb7l83cpwdd9rlkcglpnxkw8-gcc-arm-embedded-12.3.rel1/bin/../lib/gcc/arm-none-eabi/12.3.1/../../../../arm-none-eabi/lib/thumb/v7e-m+fp/hard/libc_nano.a(libc_a-mlock.o)
 .ARM.attributes
                0x00000932       0x34 /nix/store/i3m8xrhhnb7l83cpwdd9rlkcglpnxkw8-gcc-arm-embedded-12.3.rel1/bin/../lib/gcc/arm-none-eabi/12.3.1/../../../../arm-none-eabi/lib/thumb/v7e-m+fp/hard/libc_nano.a(libc_a-mprec.o)
 .ARM.attributes
                0x00000966       0x34 /nix/store/i3m8xrhhnb7l83cpwdd9rlkcglpnxkw8-gcc-arm-embedded-12.3.rel1/bin/../lib/gcc/arm-none-eabi/12.3.1/../../../../arm-none-eabi/lib/thumb/v7e-m+fp/hard/libc_nano.a(libc_a-callocr.o)
 .ARM.attributes
                0x0000099a       0x34 /nix/store/i3m8xrhhnb7l83cpwdd9rlkcglpnxkw8-gcc-arm-embedded-12.3.rel1/bin/../lib/gcc/arm-none-eabi/12.3.1/../../../../arm-none-eabi/lib/thumb/v7e-m+fp/hard/libc_nano.a(libc_a-sbrkr.o)
 .ARM.attributes
                0x000009ce       0x34 /nix/store/i3m8xrhhnb7l83cpwdd9rlkcglpnxkw8-gcc-arm-embedded-12.3.rel1/bin/../lib/gcc/arm-none-eabi/12.3.1/../../../../arm-none-eabi/lib/thumb/v7e-m+fp/hard/libc_nano.a(libc_a-memmove.o)
 .ARM.attributes
                0x00000a02       0x34 /nix/store/i3m8xrhhnb7l83cpwdd9rlkcglpnxkw8-gcc-arm-embedded-12.3.rel1/bin/../lib/gcc/arm-none-eabi/12.3.1/../../../../arm-none-eabi/lib/thumb/v7e-m+fp/hard/libc_nano.a(libc_a-reallocr.o)
 .ARM.attributes
                0x00000a36       0x34 /nix/store/i3m8xrhhnb7l83cpwdd9rlkcglpnxkw8-gcc-arm-embedded-12.3.rel1/bin/../lib/gcc/arm-none-eabi/12.3.1/../../../../arm-none-eabi/lib/thumb/v7e-m+fp/hard/libc_nano.a(libc_a-freer.o)
 .ARM.attributes
                0x00000a6a       0x34 /nix/store/i3m8xrhhnb7l83cpwdd9rlkcglpnxkw8-gcc-arm-embedded-12.3.rel1/bin/../lib/gcc/arm-none-eabi/12.3.1/../../../../arm-none-eabi/lib/thumb/v7e-m+fp/hard/libc_nano.a(libc_a-locale.o)
 .ARM.attributes
                0x00000a9e       0x34 /nix/store/i3m8xrhhnb7l83cpwdd9rlkcglpnxkw8-gcc-arm-embedded-12.3.rel1/bin/../lib/gcc/arm-none-eabi/12.3.1/../../../../arm-none-eabi/lib/thumb/v7e-m+fp/hard/libc_nano.a(libc_a-nano-vfprintf.o)
 .ARM.attributes
                0x00000ad2       0x34 /nix/store/i3m8xrhhnb7l83cpwdd9rlkcglpnxkw8-gcc-arm-embedded-12.3.rel1/bin/../lib/gcc/arm-none-eabi/12.3.1/../../../../arm-none-eabi/lib/thumb/v7e-m+fp/hard/libc_nano.a(libc_a-wbuf.o)
 .ARM.attributes
                0x00000b06       0x34 /nix/store/i3m8xrhhnb7l83cpwdd9rlkcglpnxkw8-gcc-arm-embedded-12.3.rel1/bin/../lib/gcc/arm-none-eabi/12.3.1/../../../../arm-none-eabi/lib/thumb/v7e-m+fp/hard/libc_nano.a(libc_a-wsetup.o)
 .ARM.attributes
                0x00000b3a       0x34 /nix/store/i3m8xrhhnb7l83cpwdd9rlkcglpnxkw8-gcc-arm-embedded-12.3.rel1/bin/../lib/gcc/arm-none-eabi/12.3.1/../../../../arm-none-eabi/lib/thumb/v7e-m+fp/hard/libc_nano.a(libc_a-wctomb_r.o)
 .ARM.attributes
                0x00000b6e       0x34 /nix/store/i3m8xrhhnb7l83cpwdd9rlkcglpnxkw8-gcc-arm-embedded-12.3.rel1/bin/../lib/gcc/arm-none-eabi/12.3.1/../../../../arm-none-eabi/lib/thumb/v7e-m+fp/hard/libc_nano.a(libc_a-abort.o)
 .ARM.attributes
                0x00000ba2       0x34 /nix/store/i3m8xrhhnb7l83cpwdd9rlkcglpnxkw8-gcc-arm-embedded-12.3.rel1/bin/../lib/gcc/arm-none-eabi/12.3.1/../../../../arm-none-eabi/lib/thumb/v7e-m+fp/hard/libc_nano.a(libc_a-mbtowc_r.o)
 .ARM.attributes
                0x00000bd6       0x34 /nix/store/i3m8xrhhnb7l83cpwdd9rlkcglpnxkw8-gcc-arm-embedded-12.3.rel1/bin/../lib/gcc/arm-none-eabi/12.3.1/../../../../arm-none-eabi/lib/thumb/v7e-m+fp/hard/libc_nano.a(libc_a-msizer.o)
 .ARM.attributes
                0x00000c0a       0x34 /nix/store/i3m8xrhhnb7l83cpwdd9rlkcglpnxkw8-gcc-arm-embedded-12.3.rel1/bin/../lib/gcc/arm-none-eabi/12.3.1/../../../../arm-none-eabi/lib/thumb/v7e-m+fp/hard/libc_nano.a(libc_a-ctype_.o)
 .ARM.attributes
                0x00000c3e       0x34 /nix/store/i3m8xrhhnb7l83cpwdd9rlkcglpnxkw8-gcc-arm-embedded-12.3.rel1/bin/../lib/gcc/arm-none-eabi/12.3.1/../../../../arm-none-eabi/lib/thumb/v7e-m+fp/hard/libc_nano.a(libc_a-makebuf.o)
 .ARM.attributes
                0x00000c72       0x34 /nix/store/i3m8xrhhnb7l83cpwdd9rlkcglpnxkw8-gcc-arm-embedded-12.3.rel1/bin/../lib/gcc/arm-none-eabi/12.3.1/../../../../arm-none-eabi/lib/thumb/v7e-m+fp/hard/libc_nano.a(libc_a-signal.o)
 .ARM.attributes
                0x00000ca6       0x34 /nix/store/i3m8xrhhnb7l83cpwdd9rlkcglpnxkw8-gcc-arm-embedded-12.3.rel1/bin/../lib/gcc/arm-none-eabi/12.3.1/../../../../arm-none-eabi/lib/thumb/v7e-m+fp/hard/libc_nano.a(libc_a-fstatr.o)
 .ARM.attributes
                0x00000cda       0x34 /nix/store/i3m8xrhhnb7l83cpwdd9rlkcglpnxkw8-gcc-arm-embedded-12.3.rel1/bin/../lib/gcc/arm-none-eabi/12.3.1/../../../../arm-none-eabi/lib/thumb/v7e-m+fp/hard/libc_nano.a(libc_a-isattyr.o)
 .ARM.attributes
                0x00000d0e       0x34 /nix/store/i3m8xrhhnb7l83cpwdd9rlkcglpnxkw8-gcc-arm-embedded-12.3.rel1/bin/../lib/gcc/arm-none-eabi/12.3.1/../../../../arm-none-eabi/lib/thumb/v7e-m+fp/hard/libc_nano.a(libc_a-signalr.o)
 .ARM.attributes
                0x00000d42       0x39 Lib/libarm_cortexM4lf_math.a(arm_mean_f32.o)
 .ARM.attributes
                0x00000d7b       0x39 Lib/libarm_cortexM4lf_math.a(arm_max_f32.o)
 .ARM.attributes
                0x00000db4       0x39 Lib/libarm_cortexM4lf_math.a(arm_rfft_fast_init_f32.o)
 .ARM.attributes
                0x00000ded       0x39 Lib/libarm_cortexM4lf_math.a(arm_rfft_fast_f32.o)
 .ARM.attributes
                0x00000e26       0x39 Lib/libarm_cortexM4lf_math.a(arm_cfft_f32.o)
 .ARM.attributes
                0x00000e5f       0x39 Lib/libarm_cortexM4lf_math.a(arm_fir_init_f32.o)
 .ARM.attributes
                0x00000e98       0x39 Lib/libarm_cortexM4lf_math.a(arm_fir_f32.o)
 .ARM.attributes
                0x00000ed1       0x39 Lib/libarm_cortexM4lf_math.a(arm_cmplx_mag_f32.o)
 .ARM.attributes
                0x00000f0a       0x39 Lib/libarm_cortexM4lf_math.a(arm_common_tables.o)
 .ARM.attributes
                0x00000f43       0x25 Lib/libarm_cortexM4lf_math.a(arm_bitreversal2.o)
 .ARM.attributes
                0x00000f68       0x39 Lib/libarm_cortexM4lf_math.a(arm_cfft_radix8_f32.o)
 .ARM.attributes
                0x00000fa1       0x22 /nix/store/i3m8xrhhnb7l83cpwdd9rlkcglpnxkw8-gcc-arm-embedded-12.3.rel1/bin/../lib/gcc/arm-none-eabi/12.3.1/thumb/v7e-m+fp/hard/libgcc.a(_arm_addsubdf3.o)
 .ARM.attributes
                0x00000fc3       0x22 /nix/store/i3m8xrhhnb7l83cpwdd9rlkcglpnxkw8-gcc-arm-embedded-12.3.rel1/bin/../lib/gcc/arm-none-eabi/12.3.1/thumb/v7e-m+fp/hard/libgcc.a(_arm_muldivdf3.o)
 .ARM.attributes
                0x00000fe5       0x22 /nix/store/i3m8xrhhnb7l83cpwdd9rlkcglpnxkw8-gcc-arm-embedded-12.3.rel1/bin/../lib/gcc/arm-none-eabi/12.3.1/thumb/v7e-m+fp/hard/libgcc.a(_arm_cmpdf2.o)
 .ARM.attributes
                0x00001007       0x22 /nix/store/i3m8xrhhnb7l83cpwdd9rlkcglpnxkw8-gcc-arm-embedded-12.3.rel1/bin/../lib/gcc/arm-none-eabi/12.3.1/thumb/v7e-m+fp/hard/libgcc.a(_arm_unorddf2.o)
 .ARM.attributes
                0x00001029       0x22 /nix/store/i3m8xrhhnb7l83cpwdd9rlkcglpnxkw8-gcc-arm-embedded-12.3.rel1/bin/../lib/gcc/arm-none-eabi/12.3.1/thumb/v7e-m+fp/hard/libgcc.a(_arm_fixdfsi.o)
 .ARM.attributes
                0x0000104b       0x22 /nix/store/i3m8xrhhnb7l83cpwdd9rlkcglpnxkw8-gcc-arm-embedded-12.3.rel1/bin/../lib/gcc/arm-none-eabi/12.3.1/thumb/v7e-m+fp/hard/libgcc.a(_aeabi_uldivmod.o)
 .ARM.attributes
                0x0000106d       0x34 /nix/store/i3m8xrhhnb7l83cpwdd9rlkcglpnxkw8-gcc-arm-embedded-12.3.rel1/bin/../lib/gcc/arm-none-eabi/12.3.1/thumb/v7e-m+fp/hard/libgcc.a(_udivmoddi4.o)
 .ARM.attributes
                0x000010a1       0x22 /nix/store/i3m8xrhhnb7l83cpwdd9rlkcglpnxkw8-gcc-arm-embedded-12.3.rel1/bin/../lib/gcc/arm-none-eabi/12.3.1/thumb/v7e-m+fp/hard/libgcc.a(_dvmd_tls.o)
 .ARM.attributes
                0x000010c3       0x34 /nix/store/i3m8xrhhnb7l83cpwdd9rlkcglpnxkw8-gcc-arm-embedded-12.3.rel1/bin/../lib/gcc/arm-none-eabi/12.3.1/thumb/v7e-m+fp/hard/crtend.o
 .ARM.attributes
                0x000010f7       0x22 /nix/store/i3m8xrhhnb7l83cpwdd9rlkcglpnxkw8-gcc-arm-embedded-12.3.rel1/bin/../lib/gcc/arm-none-eabi/12.3.1/thumb/v7e-m+fp/hard/crtn.o
 .ARM.attributes
                0x00001119       0x34 /nix/store/i3m8xrhhnb7l83cpwdd9rlkcglpnxkw8-gcc-arm-embedded-12.3.rel1/bin/../lib/gcc/arm-none-eabi/12.3.1/../../../../arm-none-eabi/lib/thumb/v7e-m+fp/hard/libm.a(libm_a-wf_sqrt.o)
 .ARM.attributes
                0x0000114d       0x34 /nix/store/i3m8xrhhnb7l83cpwdd9rlkcglpnxkw8-gcc-arm-embedded-12.3.rel1/bin/../lib/gcc/arm-none-eabi/12.3.1/../../../../arm-none-eabi/lib/thumb/v7e-m+fp/hard/libm.a(libm_a-ef_sqrt.o)
OUTPUT(build/test_1.elf elf32-littlearm)
LOAD linker stubs
LOAD /nix/store/i3m8xrhhnb7l83cpwdd9rlkcglpnxkw8-gcc-arm-embedded-12.3.rel1/bin/../lib/gcc/arm-none-eabi/12.3.1/../../../../arm-none-eabi/lib/thumb/v7e-m+fp/hard/libc.a
LOAD /nix/store/i3m8xrhhnb7l83cpwdd9rlkcglpnxkw8-gcc-arm-embedded-12.3.rel1/bin/../lib/gcc/arm-none-eabi/12.3.1/../../../../arm-none-eabi/lib/thumb/v7e-m+fp/hard/libm.a
LOAD /nix/store/i3m8xrhhnb7l83cpwdd9rlkcglpnxkw8-gcc-arm-embedded-12.3.rel1/bin/../lib/gcc/arm-none-eabi/12.3.1/thumb/v7e-m+fp/hard/libgcc.a

.debug_info     0x00000000    0x18df9
 .debug_info    0x00000000     0x259c build/main.o
 .debug_info    0x0000259c      0xdb1 build/stm32f4xx_it.o
 .debug_info    0x0000334d     0x1925 build/stm32f4xx_hal_msp.o
 .debug_info    0x00004c72     0x11ad build/stm32f4xx_hal_adc.o
 .debug_info    0x00005e1f      0xe67 build/stm32f4xx_hal_adc_ex.o
 .debug_info    0x00006c86      0xc36 build/stm32f4xx_hal_rcc.o
 .debug_info    0x000078bc      0x872 build/stm32f4xx_hal_gpio.o
 .debug_info    0x0000812e      0xbc6 build/stm32f4xx_hal_dma.o
 .debug_info    0x00008cf4     0x1110 build/stm32f4xx_hal_cortex.o
 .debug_info    0x00009e04      0xa8a build/stm32f4xx_hal.o
 .debug_info    0x0000a88e     0x44e4 build/stm32f4xx_hal_tim.o
 .debug_info    0x0000ed72     0x1f2e build/stm32f4xx_hal_tim_ex.o
 .debug_info    0x00010ca0     0x4605 build/stm32f4xx_hal_uart.o
 .debug_info    0x000152a5      0x5e5 build/system_stm32f4xx.o
 .debug_info    0x0001588a      0x18c build/sysmem.o
 .debug_info    0x00015a16      0x842 build/syscalls.o
 .debug_info    0x00016258       0x30 build/startup_stm32f401xc.o
 .debug_info    0x00016288      0x155 Lib/libarm_cortexM4lf_math.a(arm_mean_f32.o)
 .debug_info    0x000163dd      0x164 Lib/libarm_cortexM4lf_math.a(arm_max_f32.o)
 .debug_info    0x00016541      0x4c3 Lib/libarm_cortexM4lf_math.a(arm_rfft_fast_init_f32.o)
 .debug_info    0x00016a04      0x72d Lib/libarm_cortexM4lf_math.a(arm_rfft_fast_f32.o)
 .debug_info    0x00017131      0x6b9 Lib/libarm_cortexM4lf_math.a(arm_cfft_f32.o)
 .debug_info    0x000177ea      0x1b9 Lib/libarm_cortexM4lf_math.a(arm_fir_init_f32.o)
 .debug_info    0x000179a3      0x382 Lib/libarm_cortexM4lf_math.a(arm_fir_f32.o)
 .debug_info    0x00017d25      0x299 Lib/libarm_cortexM4lf_math.a(arm_cmplx_mag_f32.o)
 .debug_info    0x00017fbe      0x99d Lib/libarm_cortexM4lf_math.a(arm_common_tables.o)
 .debug_info    0x0001895b       0x85 Lib/libarm_cortexM4lf_math.a(arm_bitreversal2.o)
 .debug_info    0x000189e0      0x419 Lib/libarm_cortexM4lf_math.a(arm_cfft_radix8_f32.o)

.debug_abbrev   0x00000000     0x320a
 .debug_abbrev  0x00000000      0x373 build/main.o
 .debug_abbrev  0x00000373      0x1b2 build/stm32f4xx_it.o
 .debug_abbrev  0x00000525      0x27b build/stm32f4xx_hal_msp.o
 .debug_abbrev  0x000007a0      0x283 build/stm32f4xx_hal_adc.o
 .debug_abbrev  0x00000a23      0x2aa build/stm32f4xx_hal_adc_ex.o
 .debug_abbrev  0x00000ccd      0x2de build/stm32f4xx_hal_rcc.o
 .debug_abbrev  0x00000fab      0x22b build/stm32f4xx_hal_gpio.o
 .debug_abbrev  0x000011d6      0x2be build/stm32f4xx_hal_dma.o
 .debug_abbrev  0x00001494      0x3ca build/stm32f4xx_hal_cortex.o
 .debug_abbrev  0x0000185e      0x275 build/stm32f4xx_hal.o
 .debug_abbrev  0x00001ad3      0x322 build/stm32f4xx_hal_tim.o
 .debug_abbrev  0x00001df5      0x2e2 build/stm32f4xx_hal_tim_ex.o
 .debug_abbrev  0x000020d7      0x3ae build/stm32f4xx_hal_uart.o
 .debug_abbrev  0x00002485      0x11b build/system_stm32f4xx.o
 .debug_abbrev  0x000025a0       0xeb build/sysmem.o