Archive member included to satisfy reference by file (symbol)

/nix/store/i3m8xrhhnb7l83cpwdd9rlkcglpnxkw8-gcc-arm-embedded-12.3.rel1/bin/../lib/gcc/arm-none-eabi/12.3.1/../../../../arm-none-eabi/lib/thumb/v7e-m+fp/hard/libc_nano.a(libc_a-exit.o)
                              /nix/store/i3m8xrhhnb7l83cpwdd9rlkcglpnxkw8-gcc-arm-embedded-12.3.rel1/bin/../lib/gcc/arm-none-eabi/12.3.1/../../../../arm-none-eabi/lib/thumb/v7e-m+fp/hard/crt0.o (exit)
/nix/store/i3m8xrhhnb7l83cpwdd9rlkcglpnxkw8-gcc-arm-embedded-12.3.rel1/bin/../lib/gcc/arm-none-eabi/12.3.1/../../../../arm-none-eabi/lib/thumb/v7e-m+fp/hard/libc_nano.a(libc_a-init.o)
                              /nix/store/i3m8xrhhnb7l83cpwdd9rlkcglpnxkw8-gcc-arm-embedded-12.3.rel1/bin/../lib/gcc/arm-none-eabi/12.3.1/../../../../arm-none-eabi/lib/thumb/v7e-m+fp/hard/crt0.o (__libc_init_array)
/nix/store/i3m8xrhhnb7l83cpwdd9rlkcglpnxkw8-gcc-arm-embedded-12.3.rel1/bin/../lib/gcc/arm-none-eabi/12.3.1/../../../../arm-none-eabi/lib/thumb/v7e-m+fp/hard/libc_nano.a(libc_a-nano-vfprintf_float.o)
                              (_printf_float)
/nix/store/i3m8xrhhnb7l83cpwdd9rlkcglpnxkw8-gcc-arm-embedded-12.3.rel1/bin/../lib/gcc/arm-none-eabi/12.3.1/../../../../arm-none-eabi/lib/thumb/v7e-m+fp/hard/libc_nano.a(libc_a-nano-vfprintf_i.o)
                              /nix/store/i3m8xrhhnb7l83cpwdd9rlkcglpnxkw8-gcc-arm-embedded-12.3.rel1/bin/../lib/gcc/arm-none-eabi/12.3.1/../../../../arm-none-eabi/lib/thumb/v7e-m+fp/hard/libc_nano.a(libc_a-nano-vfprintf_float.o) (_printf_common)
/nix/store/i3m8xrhhnb7l83cpwdd9rlkcglpnxkw8-gcc-arm-embedded-12.3.rel1/bin/../lib/gcc/arm-none-eabi/12.3.1/../../../../arm-none-eabi/lib/thumb/v7e-m+fp/hard/libc_nano.a(libc_a-memchr.o)
                              /nix/store/i3m8xrhhnb7l83cpwdd9rlkcglpnxkw8-gcc-arm-embedded-12.3.rel1/bin/../lib/gcc/arm-none-eabi/12.3.1/../../../../arm-none-eabi/lib/thumb/v7e-m+fp/hard/libc_nano.a(libc_a-nano-vfprintf_i.o) (memchr)
/nix/store/i3m8xrhhnb7l83cpwdd9rlkcglpnxkw8-gcc-arm-embedded-12.3.rel1/bin/../lib/gcc/arm-none-eabi/12.3.1/../../../../arm-none-eabi/lib/thumb/v7e-m+fp/hard/libc_nano.a(libc_a-strlen.o)
                              build/main.o (strlen)
/nix/store/i3m8xrhhnb7l83cpwdd9rlkcglpnxkw8-gcc-arm-embedded-12.3.rel1/bin/../lib/gcc/arm-none-eabi/12.3.1/../../../../arm-none-eabi/lib/thumb/v7e-m+fp/hard/libc_nano.a(libc_a-findfp.o)
                              /nix/store/i3m8xrhhnb7l83cpwdd9rlkcglpnxkw8-gcc-arm-embedded-12.3.rel1/bin/../lib/gcc/arm-none-eabi/12.3.1/../../../../arm-none-eabi/lib/thumb/v7e-m+fp/hard/libc_nano.a(libc_a-exit.o) (__stdio_exit_handler)
/nix/store/i3m8xrhhnb7l83cpwdd9rlkcglpnxkw8-gcc-arm-embedded-12.3.rel1/bin/../lib/gcc/arm-none-eabi/12.3.1/../../../../arm-none-eabi/lib/thumb/v7e-m+fp/hard/libc_nano.a(libc_a-snprintf.o)
                              build/main.o (snprintf)
/nix/store/i3m8xrhhnb7l83cpwdd9rlkcglpnxkw8-gcc-arm-embedded-12.3.rel1/bin/../lib/gcc/arm-none-eabi/12.3.1/../../../../arm-none-eabi/lib/thumb/v7e-m+fp/hard/libc_nano.a(libc_a-stdio.o)
                              /nix/store/i3m8xrhhnb7l83cpwdd9rlkcglpnxkw8-gcc-arm-embedded-12.3.rel1/bin/../lib/gcc/arm-none-eabi/12.3.1/../../../../arm-none-eabi/lib/thumb/v7e-m+fp/hard/libc_nano.a(libc_a-findfp.o) (__sread)
/nix/store/i3m8xrhhnb7l83cpwdd9rlkcglpnxkw8-gcc-arm-embedded-12.3.rel1/bin/../lib/gcc/arm-none-eabi/12.3.1/../../../../arm-none-eabi/lib/thumb/v7e-m+fp/hard/libc_nano.a(libc_a-dtoa.o)
                              /nix/store/i3m8xrhhnb7l83cpwdd9rlkcglpnxkw8-gcc-arm-embedded-12.3.rel1/bin/../lib/gcc/arm-none-eabi/12.3.1/../../../../arm-none-eabi/lib/thumb/v7e-m+fp/hard/libc_nano.a(libc_a-nano-vfprintf_float.o) (_dtoa_r)
/nix/store/i3m8xrhhnb7l83cpwdd9rlkcglpnxkw8-gcc-arm-embedded-12.3.rel1/bin/../lib/gcc/arm-none-eabi/12.3.1/../../../../arm-none-eabi/lib/thumb/v7e-m+fp/hard/libc_nano.a(libc_a-writer.o)
                              /nix/store/i3m8xrhhnb7l83cpwdd9rlkcglpnxkw8-gcc-arm-embedded-12.3.rel1/bin/../lib/gcc/arm-none-eabi/12.3.1/../../../../arm-none-eabi/lib/thumb/v7e-m+fp/hard/libc_nano.a(libc_a-stdio.o) (_write_r)
/nix/store/i3m8xrhhnb7l83cpwdd9rlkcglpnxkw8-gcc-arm-embedded-12.3.rel1/bin/../lib/gcc/arm-none-eabi/12.3.1/../../../../arm-none-eabi/lib/thumb/v7e-m+fp/hard/libc_nano.a(libc_a-errno.o)
                              build/sysmem.o (__errno)
/nix/store/i3m8xrhhnb7l83cpwdd9rlkcglpnxkw8-gcc-arm-embedded-12.3.rel1/bin/../lib/gcc/arm-none-eabi/12.3.1/../../../../arm-none-eabi/lib/thumb/v7e-m+fp/hard/libc_nano.a(libc_a-fwalk.o)
                              /nix/store/i3m8xrhhnb7l83cpwdd9rlkcglpnxkw8-gcc-arm-embedded-12.3.rel1/bin/../lib/gcc/arm-none-eabi/12.3.1/../../../../arm-none-eabi/lib/thumb/v7e-m+fp/hard/libc_nano.a(libc_a-findfp.o) (_fwalk_sglue)
/nix/store/i3m8xrhhnb7l83cpwdd9rlkcglpnxkw8-gcc-arm-embedded-12.3.rel1/bin/../lib/gcc/arm-none-eabi/12.3.1/../../../../arm-none-eabi/lib/thumb/v7e-m+fp/hard/libc_nano.a(libc_a-memset.o)
[...]
Memory Configuration

Name             Origin             Length             Attributes
RAM              0x20000000         0x00010000         xrw
FLASH            0x08000000         0x00040000         xr
*default*        0x00000000         0xffffffff

Linker script and memory map

LOAD /nix/store/i3m8xrhhnb7l83cpwdd9rlkcglpnxkw8-gcc-arm-embedded-12.3.rel1/bin/../lib/gcc/arm-none-eabi/12.3.1/thumb/v7e-m+fp/hard/crti.o
LOAD /nix/store/i3m8xrhhnb7l83cpwdd9rlkcglpnxkw8-gcc-arm-embedded-12.3.rel1/bin/../lib/gcc/arm-none-eabi/12.3.1/thumb/v7e-m+fp/hard/crtbegin.o
LOAD /nix/store/i3m8xrhhnb7l83cpwdd9rlkcglpnxkw8-gcc-arm-embedded-12.3.rel1/bin/../lib/gcc/arm-none-eabi/12.3.1/../../../../arm-none-eabi/lib/thumb/v7e-m+fp/hard/crt0.o
LOAD build/main.o
LOAD build/stm32f4xx_it.o
LOAD build/stm32f4xx_hal_msp.o
LOAD build/stm32f4xx_hal_adc.o
LOAD build/stm32f4xx_hal_adc_ex.o
LOAD build/stm32f4xx_ll_adc.o
LOAD build/stm32f4xx_hal_rcc.o
LOAD build/stm32f4xx_hal_rcc_ex.o
LOAD build/stm32f4xx_hal_flash.o
LOAD build/stm32f4xx_hal_flash_ex.o
LOAD build/stm32f4xx_hal_flash_ramfunc.o
LOAD build/stm32f4xx_hal_gpio.o
LOAD build/stm32f4xx_hal_dma_ex.o
LOAD build/stm32f4xx_hal_dma.o
LOAD build/stm32f4xx_hal_pwr.o
LOAD build/stm32f4xx_hal_pwr_ex.o
LOAD build/stm32f4xx_hal_cortex.o
LOAD build/stm32f4xx_hal.o
LOAD build/stm32f4xx_hal_exti.o
LOAD build/stm32f4xx_hal_tim.o
LOAD build/stm32f4xx_hal_tim_ex.o
LOAD build/stm32f4xx_hal_uart.o
LOAD build/system_stm32f4xx.o
LOAD build/sysmem.o
LOAD build/syscalls.o
LOAD build/startup_stm32f401xc.o
LOAD /nix/store/i3m8xrhhnb7l83cpwdd9rlkcglpnxkw8-gcc-arm-embedded-12.3.rel1/bin/../lib/gcc/arm-none-eabi/12.3.1/../../../../arm-none-eabi/lib/thumb/v7e-m+fp/hard/libc_nano.a
LOAD /nix/store/i3m8xrhhnb7l83cpwdd9rlkcglpnxkw8-gcc-arm-embedded-12.3.rel1/bin/../lib/gcc/arm-none-eabi/12.3.1/../../../../arm-none-eabi/lib/thumb/v7e-m+fp/hard/libm.a
LOAD /nix/store/i3m8xrhhnb7l83cpwdd9rlkcglpnxkw8-gcc-arm-embedded-12.3.rel1/bin/../lib/gcc/arm-none-eabi/12.3.1/../../../../arm-none-eabi/lib/thumb/v7e-m+fp/hard/libnosys.a
LOAD Lib/libarm_cortexM4lf_math.a
START GROUP
LOAD /nix/store/i3m8xrhhnb7l83cpwdd9rlkcglpnxkw8-gcc-arm-embedded-12.3.rel1/bin/../lib/gcc/arm-none-eabi/12.3.1/thumb/v7e-m+fp/hard/libgcc.a
LOAD /nix/store/i3m8xrhhnb7l83cpwdd9rlkcglpnxkw8-gcc-arm-embedded-12.3.rel1/bin/../lib/gcc/arm-none-eabi/12.3.1/../../../../arm-none-eabi/lib/thumb/v7e-m+fp/hard/libc_nano.a
END GROUP
START GROUP
LOAD /nix/store/i3m8xrhhnb7l83cpwdd9rlkcglpnxkw8-gcc-arm-embedded-12.3.rel1/bin/../lib/gcc/arm-none-eabi/12.3.1/thumb/v7e-m+fp/hard/libgcc.a
LOAD /nix/store/i3m8xrhhnb7l83cpwdd9rlkcglpnxkw8-gcc-arm-embedded-12.3.rel1/bin/../lib/gcc/arm-none-eabi/12.3.1/../../../../arm-none-eabi/lib/thumb/v7e-m+fp/hard/libc_nano.a
END GROUP
LOAD /nix/store/i3m8xrhhnb7l83cpwdd9rlkcglpnxkw8-gcc-arm-embedded-12.3.rel1/bin/../lib/gcc/arm-none-eabi/12.3.1/thumb/v7e-m+fp/hard/crtend.o
LOAD /nix/store/i3m8xrhhnb7l83cpwdd9rlkcglpnxkw8-gcc-arm-embedded-12.3.rel1/bin/../lib/gcc/arm-none-eabi/12.3.1/thumb/v7e-m+fp/hard/crtn.o
                0x20010000                        _estack = (ORIGIN (RAM) + LENGTH (RAM))
                0x00000400                        _Min_Heap_Size = 0x400
                0x00000800                        _Min_Stack_Size = 0x800

.isr_vector     0x08000000      0x194
                0x08000000                        . = ALIGN (0x4)
 *(.isr_vector)
 .isr_vector    0x08000000      0x194 build/startup_stm32f401xc.o
                0x08000000                g_pfnVectors
                0x08000194                        . = ALIGN (0x4)

.text           0x080001a0     0x79b8
                0x080001a0                        . = ALIGN (0x4)
 *(.text)
 .text          0x080001a0       0xa0 /nix/store/i3m8xrhhnb7l83cpwdd9rlkcglpnxkw8-gcc-arm-embedded-12.3.rel1/bin/../lib/gcc/arm-none-eabi/12.3.1/../../../../arm-none-eabi/lib/thumb/v7e-m+fp/hard/libc_nano.a(libc_a-memchr.o)
                0x080001a0                memchr
 .text          0x08000240       0x10 /nix/store/i3m8xrhhnb7l83cpwdd9rlkcglpnxkw8-gcc-arm-embedded-12.3.rel1/bin/../lib/gcc/arm-none-eabi/12.3.1/../../../../arm-none-eabi/lib/thumb/v7e-m+fp/hard/libc_nano.a(libc_a-strlen.o)
                0x08000240                strlen
 .text          0x08000250       0xc0 Lib/libarm_cortexM4lf_math.a(arm_bitreversal2.o)
                0x08000250                arm_bitreversal_32
                0x080002ba                arm_bitreversal_16
 .text          0x08000310      0x378 /nix/store/i3m8xrhhnb7l83cpwdd9rlkcglpnxkw8-gcc-arm-embedded-12.3.rel1/bin/../lib/gcc/arm-none-eabi/12.3.1/thumb/v7e-m+fp/hard/libgcc.a(_arm_addsubdf3.o)
                0x08000310                __aeabi_drsub
                0x08000318                __aeabi_dsub
                0x08000318                __subdf3
                0x0800031c                __adddf3
                0x0800031c                __aeabi_dadd
                0x08000594                __aeabi_ui2d
                0x08000594                __floatunsidf
                0x080005b4                __floatsidf
                0x080005b4                __aeabi_i2d
                0x080005d8                __extendsfdf2
                0x080005d8                __aeabi_f2d
                0x0800061c                __aeabi_ul2d
                0x0800061c                __floatundidf
                0x0800062c                __floatdidf
                0x0800062c                __aeabi_l2d
 .text          0x08000688      0x424 /nix/store/i3m8xrhhnb7l83cpwdd9rlkcglpnxkw8-gcc-arm-embedded-12.3.rel1/bin/../lib/gcc/arm-none-eabi/12.3.1/thumb/v7e-m+fp/hard/libgcc.a(_arm_muldivdf3.o)
                0x08000688                __aeabi_dmul
                0x08000688                __muldf3
                0x080008dc                __aeabi_ddiv
                0x080008dc                __divdf3
 .text          0x08000aac      0x110 /nix/store/i3m8xrhhnb7l83cpwdd9rlkcglpnxkw8-gcc-arm-embedded-12.3.rel1/bin/../lib/gcc/arm-none-eabi/12.3.1/thumb/v7e-m+fp/hard/libgcc.a(_arm_cmpdf2.o)
                0x08000aac                __gtdf2
                0x08000aac                __gedf2
                0x08000ab4                __ltdf2
                0x08000ab4                __ledf2
                0x08000abc                __cmpdf2
                0x08000abc                __eqdf2
                0x08000abc                __nedf2
                0x08000b38                __aeabi_cdrcmple
                0x08000b48                __aeabi_cdcmple
                0x08000b48                __aeabi_cdcmpeq
                0x08000b58                __aeabi_dcmpeq
                0x08000b6c                __aeabi_dcmplt
                0x08000b80                __aeabi_dcmple
                0x08000b94                __aeabi_dcmpge
                0x08000ba8                __aeabi_dcmpgt
 .text          0x08000bbc       0x2c /nix/store/i3m8xrhhnb7l83cpwdd9rlkcglpnxkw8-gcc-arm-embedded-12.3.rel1/bin/../lib/gcc/arm-none-eabi/12.3.1/thumb/v7e-m+fp/hard/libgcc.a(_arm_unorddf2.o)
                0x08000bbc                __aeabi_dcmpun
                0x08000bbc                __unorddf2
 .text          0x08000be8       0x50 /nix/store/i3m8xrhhnb7l83cpwdd9rlkcglpnxkw8-gcc-arm-embedded-12.3.rel1/bin/../lib/gcc/arm-none-eabi/12.3.1/thumb/v7e-m+fp/hard/libgcc.a(_arm_fixdfsi.o)
                0x08000be8                __fixdfsi
                0x08000be8                __aeabi_d2iz
 .text          0x08000c38       0x30 /nix/store/i3m8xrhhnb7l83cpwdd9rlkcglpnxkw8-gcc-arm-embedded-12.3.rel1/bin/../lib/gcc/arm-none-eabi/12.3.1/thumb/v7e-m+fp/hard/libgcc.a(_aeabi_uldivmod.o)
                0x08000c38                __aeabi_uldivmod
 .text          0x08000c68        0x4 /nix/store/i3m8xrhhnb7l83cpwdd9rlkcglpnxkw8-gcc-arm-embedded-12.3.rel1/bin/../lib/gcc/arm-none-eabi/12.3.1/thumb/v7e-m+fp/hard/libgcc.a(_dvmd_tls.o)
                0x08000c68                __aeabi_ldiv0
                0x08000c68                __aeabi_idiv0
 *(.text*)
 .text.deregister_tm_clones
                0x08000c6c       0x1c /nix/store/i3m8xrhhnb7l83cpwdd9rlkcglpnxkw8-gcc-arm-embedded-12.3.rel1/bin/../lib/gcc/arm-none-eabi/12.3.1/thumb/v7e-m+fp/hard/crtbegin.o
 .text.register_tm_clones
                0x08000c88       0x24 /nix/store/i3m8xrhhnb7l83cpwdd9rlkcglpnxkw8-gcc-arm-embedded-12.3.rel1/bin/../lib/gcc/arm-none-eabi/12.3.1/thumb/v7e-m+fp/hard/crtbegin.o
 .text.__do_global_dtors_aux
                0x08000cac       0x28 /nix/store/i3m8xrhhnb7l83cpwdd9rlkcglpnxkw8-gcc-arm-embedded-12.3.rel1/bin/../lib/gcc/arm-none-eabi/12.3.1/thumb/v7e-m+fp/hard/crtbegin.o
 .text.frame_dummy
                0x08000cd4       0x24 /nix/store/i3m8xrhhnb7l83cpwdd9rlkcglpnxkw8-gcc-arm-embedded-12.3.rel1/bin/../lib/gcc/arm-none-eabi/12.3.1/thumb/v7e-m+fp/hard/crtbegin.o
 .text.MX_GPIO_Init
                0x08000cf8       0x4c build/main.o
 .text.MX_DMA_Init
                0x08000d44       0x34 build/main.o
 .text.processData
                0x08000d78      0x2a4 build/main.o
                0x08000d78                processData
 .text.HAL_ADC_ConvCpltCallback
                0x0800101c        0x8 build/main.o
                0x0800101c                HAL_ADC_ConvCpltCallback
 .text.Error_Handler
                0x08001024        0x4 build/main.o
                0x08001024                Error_Handler
 .text.MX_ADC1_Init
                0x08001028       0x70 build/main.o
 .text.MX_TIM2_Init
                0x08001098       0x68 build/main.o
 .text.MX_USART1_UART_Init
                0x08001100       0x34 build/main.o
 .text.SystemClock_Config
                0x08001134       0xa8 build/main.o
                0x08001134                SystemClock_Config
 .text.main     0x080011dc       0x6c build/main.o
                0x080011dc                main
 .text.NMI_Handler
                0x08001248        0x2 build/stm32f4xx_it.o
                0x08001248                NMI_Handler
 .text.HardFault_Handler
                0x0800124a        0x2 build/stm32f4xx_it.o
                0x0800124a                HardFault_Handler
 .text.MemManage_Handler
                0x0800124c        0x2 build/stm32f4xx_it.o
                0x0800124c                MemManage_Handler
 .text.BusFault_Handler
                0x0800124e        0x2 build/stm32f4xx_it.o
                0x0800124e                BusFault_Handler
 .text.UsageFault_Handler
                0x08001250        0x2 build/stm32f4xx_it.o
                0x08001250                UsageFault_Handler
 .text.SVC_Handler
                0x08001252        0x2 build/stm32f4xx_it.o
                0x08001252                SVC_Handler
 .text.DebugMon_Handler
                0x08001254        0x2 build/stm32f4xx_it.o
                0x08001254                DebugMon_Handler
 .text.PendSV_Handler
                0x08001256        0x2 build/stm32f4xx_it.o
                0x08001256                PendSV_Handler
 .text.SysTick_Handler
                0x08001258        0x8 build/stm32f4xx_it.o
                0x08001258                SysTick_Handler
 .text.ADC_IRQHandler
                0x08001260       0x10 build/stm32f4xx_it.o
                0x08001260                ADC_IRQHandler
 .text.TIM2_IRQHandler
                0x08001270       0x10 build/stm32f4xx_it.o
                0x08001270                TIM2_IRQHandler
 .text.DMA2_Stream0_IRQHandler
                0x08001280       0x10 build/stm32f4xx_it.o
                0x08001280                DMA2_Stream0_IRQHandler
 .text.HAL_MspInit
                0x08001290       0x38 build/stm32f4xx_hal_msp.o
                0x08001290                HAL_MspInit
 .text.HAL_ADC_MspInit
                0x080012c8       0xbc build/stm32f4xx_hal_msp.o
                0x080012c8                HAL_ADC_MspInit
 .text.HAL_TIM_Base_MspInit
                0x08001384       0x3c build/stm32f4xx_hal_msp.o
                0x08001384                HAL_TIM_Base_MspInit
 .text.HAL_UART_MspInit
                0x080013c0       0x74 build/stm32f4xx_hal_msp.o
                0x080013c0                HAL_UART_MspInit
 .text.HAL_ADC_ConvHalfCpltCallback
                0x08001434        0x2 build/stm32f4xx_hal_adc.o
                0x08001434                HAL_ADC_ConvHalfCpltCallback
 .text.HAL_ADC_LevelOutOfWindowCallback
                0x08001436        0x2 build/stm32f4xx_hal_adc.o
                0x08001436                HAL_ADC_LevelOutOfWindowCallback
 .text.HAL_ADC_ErrorCallback
                0x08001438        0x2 build/stm32f4xx_hal_adc.o
                0x08001438                HAL_ADC_ErrorCallback
 *fill*         0x0800143a        0x2 
 .text.ADC_Init
                0x0800143c      0x134 build/stm32f4xx_hal_adc.o
 .text.ADC_DMAConvCplt
                0x08001570       0x72 build/stm32f4xx_hal_adc.o
 .text.ADC_DMAHalfConvCplt
                0x080015e2        0xa build/stm32f4xx_hal_adc.o
 .text.ADC_DMAError
                0x080015ec       0x16 build/stm32f4xx_hal_adc.o
 *fill*         0x08001602        0x2 
 .text.HAL_ADC_Init
                0x08001604       0x90 build/stm32f4xx_hal_adc.o
                0x08001604                HAL_ADC_Init
 .text.HAL_ADC_IRQHandler
                0x08001694      0x13e build/stm32f4xx_hal_adc.o
                0x08001694                HAL_ADC_IRQHandler
 *fill*         0x080017d2        0x2 
 .text.HAL_ADC_Start_DMA
                0x080017d4      0x164 build/stm32f4xx_hal_adc.o
                0x080017d4                HAL_ADC_Start_DMA
 .text.HAL_ADC_ConfigChannel
                0x08001938      0x194 build/stm32f4xx_hal_adc.o
                0x08001938                HAL_ADC_ConfigChannel
 .text.HAL_ADCEx_InjectedConvCpltCallback
                0x08001acc        0x2 build/stm32f4xx_hal_adc_ex.o
                0x08001acc                HAL_ADCEx_InjectedConvCpltCallback
 *fill*         0x08001ace        0x2 
 .text.HAL_RCC_OscConfig
                0x08001ad0      0x3f8 build/stm32f4xx_hal_rcc.o
                0x08001ad0                HAL_RCC_OscConfig
 .text.HAL_RCC_GetSysClockFreq
                0x08001ec8       0xa8 build/stm32f4xx_hal_rcc.o
                0x08001ec8                HAL_RCC_GetSysClockFreq
 .text.HAL_RCC_ClockConfig
                0x08001f70      0x160 build/stm32f4xx_hal_rcc.o
                0x08001f70                HAL_RCC_ClockConfig
 .text.HAL_RCC_GetHCLKFreq
                0x080020d0        0xc build/stm32f4xx_hal_rcc.o
                0x080020d0                HAL_RCC_GetHCLKFreq
 .text.HAL_RCC_GetPCLK1Freq
                0x080020dc       0x20 build/stm32f4xx_hal_rcc.o
                0x080020dc                HAL_RCC_GetPCLK1Freq
 .text.HAL_RCC_GetPCLK2Freq
                0x080020fc       0x20 build/stm32f4xx_hal_rcc.o
                0x080020fc                HAL_RCC_GetPCLK2Freq
 .text.HAL_GPIO_Init
                0x0800211c      0x1c8 build/stm32f4xx_hal_gpio.o
                0x0800211c                HAL_GPIO_Init
 .text.DMA_SetConfig
                0x080022e4       0x2c build/stm32f4xx_hal_dma.o
 .text.DMA_CalcBaseAndBitshift
                0x08002310       0x44 build/stm32f4xx_hal_dma.o
 .text.DMA_CheckFifoParam
                0x08002354       0x8e build/stm32f4xx_hal_dma.o
 *fill*         0x080023e2        0x2 
 .text.HAL_DMA_Init
                0x080023e4       0xcc build/stm32f4xx_hal_dma.o
                0x080023e4                HAL_DMA_Init
 .text.HAL_DMA_Start_IT
                0x080024b0       0x6a build/stm32f4xx_hal_dma.o
                0x080024b0                HAL_DMA_Start_IT
 *fill*         0x0800251a        0x2 
 .text.HAL_DMA_IRQHandler
                0x0800251c      0x1dc build/stm32f4xx_hal_dma.o
                0x0800251c                HAL_DMA_IRQHandler
 .text.__NVIC_EnableIRQ
                0x080026f8       0x1c build/stm32f4xx_hal_cortex.o
 .text.__NVIC_SetPriority
                0x08002714       0x28 build/stm32f4xx_hal_cortex.o
 .text.NVIC_EncodePriority
                0x0800273c       0x3e build/stm32f4xx_hal_cortex.o
 *fill*         0x0800277a        0x2 
 .text.HAL_NVIC_SetPriorityGrouping
                0x0800277c       0x24 build/stm32f4xx_hal_cortex.o
                0x0800277c                HAL_NVIC_SetPriorityGrouping
 .text.HAL_NVIC_SetPriority
                0x080027a0       0x20 build/stm32f4xx_hal_cortex.o
                0x080027a0                HAL_NVIC_SetPriority
 .text.HAL_NVIC_EnableIRQ
                0x080027c0        0x8 build/stm32f4xx_hal_cortex.o
                0x080027c0                HAL_NVIC_EnableIRQ
 .text.HAL_SYSTICK_Config
                0x080027c8       0x28 build/stm32f4xx_hal_cortex.o
                0x080027c8                HAL_SYSTICK_Config
 .text.HAL_InitTick
                0x080027f0       0x4c build/stm32f4xx_hal.o
                0x080027f0                HAL_InitTick
 .text.HAL_Init
                0x0800283c       0x34 build/stm32f4xx_hal.o
                0x0800283c                HAL_Init
 .text.HAL_IncTick
                0x08002870       0x18 build/stm32f4xx_hal.o
                0x08002870                HAL_IncTick
 .text.HAL_GetTick
                0x08002888        0xc build/stm32f4xx_hal.o
                0x08002888                HAL_GetTick
 .text.HAL_TIM_PeriodElapsedCallback
                0x08002894        0x2 build/stm32f4xx_hal_tim.o
                0x08002894                HAL_TIM_PeriodElapsedCallback
 .text.HAL_TIM_PeriodElapsedHalfCpltCallback
                0x08002896        0x2 build/stm32f4xx_hal_tim.o
                0x08002896                HAL_TIM_PeriodElapsedHalfCpltCallback
 .text.HAL_TIM_OC_DelayElapsedCallback
                0x08002898        0x2 build/stm32f4xx_hal_tim.o
                0x08002898                HAL_TIM_OC_DelayElapsedCallback
 .text.HAL_TIM_IC_CaptureCallback
                0x0800289a        0x2 build/stm32f4xx_hal_tim.o
                0x0800289a                HAL_TIM_IC_CaptureCallback
 .text.HAL_TIM_IC_CaptureHalfCpltCallback
                0x0800289c        0x2 build/stm32f4xx_hal_tim.o
                0x0800289c                HAL_TIM_IC_CaptureHalfCpltCallback
 .text.HAL_TIM_PWM_PulseFinishedCallback
                0x0800289e        0x2 build/stm32f4xx_hal_tim.o
                0x0800289e                HAL_TIM_PWM_PulseFinishedCallback
 .text.HAL_TIM_PWM_PulseFinishedHalfCpltCallback
                0x080028a0        0x2 build/stm32f4xx_hal_tim.o
                0x080028a0                HAL_TIM_PWM_PulseFinishedHalfCpltCallback
 .text.HAL_TIM_TriggerCallback
                0x080028a2        0x2 build/stm32f4xx_hal_tim.o
                0x080028a2                HAL_TIM_TriggerCallback
 .text.HAL_TIM_TriggerHalfCpltCallback
                0x080028a4        0x2 build/stm32f4xx_hal_tim.o
                0x080028a4                HAL_TIM_TriggerHalfCpltCallback
 .text.HAL_TIM_ErrorCallback
                0x080028a6        0x2 build/stm32f4xx_hal_tim.o
                0x080028a6                HAL_TIM_ErrorCallback
 .text.TIM_TI1_ConfigInputStage
                0x080028a8       0x26 build/stm32f4xx_hal_tim.o
 .text.TIM_TI2_ConfigInputStage
                0x080028ce       0x28 build/stm32f4xx_hal_tim.o
 .text.TIM_ITRx_SetConfig
                0x080028f6       0x10 build/stm32f4xx_hal_tim.o
 *fill*         0x08002906        0x2 
 .text.HAL_TIM_Base_Start
                0x08002908       0x6c build/stm32f4xx_hal_tim.o
                0x08002908                HAL_TIM_Base_Start
 .text.HAL_TIM_IRQHandler
                0x08002974      0x178 build/stm32f4xx_hal_tim.o
                0x08002974                HAL_TIM_IRQHandler
 .text.TIM_Base_SetConfig
                0x08002aec       0xac build/stm32f4xx_hal_tim.o
                0x08002aec                TIM_Base_SetConfig
 .text.TIM_ETR_SetConfig
                0x08002b98       0x1a build/stm32f4xx_hal_tim.o
                0x08002b98                TIM_ETR_SetConfig
 .text.HAL_TIM_ConfigClockSource
                0x08002bb2       0xfe build/stm32f4xx_hal_tim.o
                0x08002bb2                HAL_TIM_ConfigClockSource
 .text.TIM_ResetCallback
                0x08002cb0       0x84 build/stm32f4xx_hal_tim.o
                0x08002cb0                TIM_ResetCallback
 .text.HAL_TIM_Base_Init
                0x08002d34       0x6c build/stm32f4xx_hal_tim.o
                0x08002d34                HAL_TIM_Base_Init
 .text.HAL_TIMEx_MasterConfigSynchronization
                0x08002da0       0x7c build/stm32f4xx_hal_tim_ex.o
                0x08002da0                HAL_TIMEx_MasterConfigSynchronization
 .text.HAL_TIMEx_CommutCallback
                0x08002e1c        0x2 build/stm32f4xx_hal_tim_ex.o
                0x08002e1c                HAL_TIMEx_CommutCallback
 .text.HAL_TIMEx_CommutHalfCpltCallback
                0x08002e1e        0x2 build/stm32f4xx_hal_tim_ex.o
                0x08002e1e                HAL_TIMEx_CommutHalfCpltCallback
 .text.HAL_TIMEx_BreakCallback
                0x08002e20        0x2 build/stm32f4xx_hal_tim_ex.o
                0x08002e20                HAL_TIMEx_BreakCallback
 .text.HAL_UART_TxCpltCallback
                0x08002e22        0x2 build/stm32f4xx_hal_uart.o
                0x08002e22                HAL_UART_TxCpltCallback
 .text.HAL_UART_TxHalfCpltCallback
                0x08002e24        0x2 build/stm32f4xx_hal_uart.o
                0x08002e24                HAL_UART_TxHalfCpltCallback
 .text.HAL_UART_RxCpltCallback
                0x08002e26        0x2 build/stm32f4xx_hal_uart.o
                0x08002e26                HAL_UART_RxCpltCallback
 .text.HAL_UART_RxHalfCpltCallback
                0x08002e28        0x2 build/stm32f4xx_hal_uart.o
                0x08002e28                HAL_UART_RxHalfCpltCallback
 .text.HAL_UART_ErrorCallback
                0x08002e2a        0x2 build/stm32f4xx_hal_uart.o
                0x08002e2a                HAL_UART_ErrorCallback
 .text.HAL_UART_AbortCpltCallback
                0x08002e2c        0x2 build/stm32f4xx_hal_uart.o
                0x08002e2c                HAL_UART_AbortCpltCallback
 .text.HAL_UART_AbortTransmitCpltCallback
                0x08002e2e        0x2 build/stm32f4xx_hal_uart.o
                0x08002e2e                HAL_UART_AbortTransmitCpltCallback
 .text.HAL_UART_AbortReceiveCpltCallback
                0x08002e30        0x2 build/stm32f4xx_hal_uart.o
                0x08002e30                HAL_UART_AbortReceiveCpltCallback
 .text.HAL_UARTEx_RxEventCallback
                0x08002e32        0x2 build/stm32f4xx_hal_uart.o
                0x08002e32                HAL_UARTEx_RxEventCallback
 .text.UART_EndRxTransfer
                0x08002e34       0x5c build/stm32f4xx_hal_uart.o
 .text.UART_SetConfig
                0x08002e90      0x110 build/stm32f4xx_hal_uart.o
 .text.UART_WaitOnFlagUntilTimeout
                0x08002fa0       0x86 build/stm32f4xx_hal_uart.o
 .text.HAL_UART_Transmit
                0x08003026       0xcc build/stm32f4xx_hal_uart.o
                0x08003026                HAL_UART_Transmit
 *fill*         0x080030f2        0x2 
 .text.UART_InitCallbacksToDefault
                0x080030f4       0x4c build/stm32f4xx_hal_uart.o
                0x080030f4                UART_InitCallbacksToDefault
 .text.HAL_UART_Init
                0x08003140       0x78 build/stm32f4xx_hal_uart.o
                0x08003140                HAL_UART_Init
 .text.SystemInit
                0x080031b8       0x14 build/system_stm32f4xx.o
                0x080031b8                SystemInit
 .text._sbrk    0x080031cc       0x48 build/sysmem.o
                0x080031cc                _sbrk
 .text._getpid  0x08003214        0x4 build/syscalls.o
                0x08003214                _getpid
 .text._kill    0x08003218       0x10 build/syscalls.o
                0x08003218                _kill
 .text._exit    0x08003228        0xc build/syscalls.o
                0x08003228                _exit
 .text._read    0x08003234       0x20 build/syscalls.o
                0x08003234                _read
 .text._write   0x08003254       0x1c build/syscalls.o
                0x08003254                _write
 .text._close   0x08003270        0x6 build/syscalls.o
                0x08003270                _close
 .text._fstat   0x08003276        0xa build/syscalls.o
                0x08003276                _fstat
 .text._isatty  0x08003280        0x4 build/syscalls.o
                0x08003280                _isatty
 .text._lseek   0x08003284        0x4 build/syscalls.o
                0x08003284                _lseek
 .text.Reset_Handler
                0x08003288       0x50 build/startup_stm32f401xc.o
                0x08003288                Reset_Handler
 .text.Default_Handler
                0x080032d8        0x2 build/startup_stm32f401xc.o
                0x080032d8                RTC_Alarm_IRQHandler
                0x080032d8                EXTI2_IRQHandler
                0x080032d8                SPI4_IRQHandler
                0x080032d8                TIM1_CC_IRQHandler
                0x080032d8                DMA2_Stream5_IRQHandler
                0x080032d8                DMA1_Stream5_IRQHandler
                0x080032d8                PVD_IRQHandler
                0x080032d8                SDIO_IRQHandler
                0x080032d8                TAMP_STAMP_IRQHandler
                0x080032d8                EXTI3_IRQHandler
                0x080032d8                TIM1_UP_TIM10_IRQHandler
                0x080032d8                I2C3_ER_IRQHandler
                0x080032d8                EXTI0_IRQHandler
                0x080032d8                I2C2_EV_IRQHandler
                0x080032d8                DMA1_Stream2_IRQHandler
                0x080032d8                FPU_IRQHandler
                0x080032d8                DMA2_Stream2_IRQHandler
                0x080032d8                SPI1_IRQHandler
                0x080032d8                TIM1_BRK_TIM9_IRQHandler
                0x080032d8                DMA2_Stream3_IRQHandler
                0x080032d8                USART6_IRQHandler
                0x080032d8                TIM4_IRQHandler
                0x080032d8                I2C1_EV_IRQHandler
                0x080032d8                DMA1_Stream6_IRQHandler
                0x080032d8                DMA1_Stream1_IRQHandler
                0x080032d8                TIM3_IRQHandler
                0x080032d8                RCC_IRQHandler
                0x080032d8                Default_Handler
                0x080032d8                EXTI15_10_IRQHandler
                0x080032d8                DMA1_Stream7_IRQHandler
                0x080032d8                TIM5_IRQHandler
                0x080032d8                DMA2_Stream7_IRQHandler
                0x080032d8                I2C3_EV_IRQHandler
                0x080032d8                EXTI9_5_IRQHandler
                0x080032d8                RTC_WKUP_IRQHandler
                0x080032d8                SPI2_IRQHandler
                0x080032d8                DMA1_Stream0_IRQHandler
                0x080032d8                EXTI4_IRQHandler
                0x080032d8                WWDG_IRQHandler
                0x080032d8                OTG_FS_WKUP_IRQHandler
                0x080032d8                TIM1_TRG_COM_TIM11_IRQHandler
                0x080032d8                EXTI1_IRQHandler
                0x080032d8                USART2_IRQHandler
                0x080032d8                I2C2_ER_IRQHandler
                0x080032d8                DMA2_Stream1_IRQHandler
                0x080032d8                FLASH_IRQHandler
                0x080032d8                DMA2_Stream4_IRQHandler
                0x080032d8                USART1_IRQHandler
                0x080032d8                OTG_FS_IRQHandler
                0x080032d8                SPI3_IRQHandler
                0x080032d8                DMA1_Stream4_IRQHandler
                0x080032d8                I2C1_ER_IRQHandler
                0x080032d8                DMA2_Stream6_IRQHandler
                0x080032d8                DMA1_Stream3_IRQHandler
 *fill*         0x080032da        0x2 
 .text.__libc_init_array
                0x080032dc       0x48 /nix/store/i3m8xrhhnb7l83cpwdd9rlkcglpnxkw8-gcc-arm-embedded-12.3.rel1/bin/../lib/gcc/arm-none-eabi/12.3.1/../../../../arm-none-eabi/lib/thumb/v7e-m+fp/hard/libc_nano.a(libc_a-init.o)
                0x080032dc                __libc_init_array
 .text.__cvt    0x08003324       0xd2 /nix/store/i3m8xrhhnb7l83cpwdd9rlkcglpnxkw8-gcc-arm-embedded-12.3.rel1/bin/../lib/gcc/arm-none-eabi/12.3.1/../../../../arm-none-eabi/lib/thumb/v7e-m+fp/hard/libc_nano.a(libc_a-nano-vfprintf_float.o)
                0x08003324                __cvt
 .text.__exponent
                0x080033f6       0x74 /nix/store/i3m8xrhhnb7l83cpwdd9rlkcglpnxkw8-gcc-arm-embedded-12.3.rel1/bin/../lib/gcc/arm-none-eabi/12.3.1/../../../../arm-none-eabi/lib/thumb/v7e-m+fp/hard/libc_nano.a(libc_a-nano-vfprintf_float.o)
                0x080033f6                __exponent
 *fill*         0x0800346a        0x2 
 .text._printf_float
                0x0800346c      0x464 /nix/store/i3m8xrhhnb7l83cpwdd9rlkcglpnxkw8-gcc-arm-embedded-12.3.rel1/bin/../lib/gcc/arm-none-eabi/12.3.1/../../../../arm-none-eabi/lib/thumb/v7e-m+fp/hard/libc_nano.a(libc_a-nano-vfprintf_float.o)
                0x0800346c                _printf_float
 .text._printf_common
                0x080038d0       0xda /nix/store/i3m8xrhhnb7l83cpwdd9rlkcglpnxkw8-gcc-arm-embedded-12.3.rel1/bin/../lib/gcc/arm-none-eabi/12.3.1/../../../../arm-none-eabi/lib/thumb/v7e-m+fp/hard/libc_nano.a(libc_a-nano-vfprintf_i.o)
                0x080038d0                _printf_common
 *fill*         0x080039aa        0x2 
 .text._printf_i
                0x080039ac      0x258 /nix/store/i3m8xrhhnb7l83cpwdd9rlkcglpnxkw8-gcc-arm-embedded-12.3.rel1/bin/../lib/gcc/arm-none-eabi/12.3.1/../../../../arm-none-eabi/lib/thumb/v7e-m+fp/hard/libc_nano.a(libc_a-nano-vfprintf_i.o)
                0x080039ac                _printf_i
 .text.std      0x08003c04       0x6c /nix/store/i3m8xrhhnb7l83cpwdd9rlkcglpnxkw8-gcc-arm-embedded-12.3.rel1/bin/../lib/gcc/arm-none-eabi/12.3.1/../../../../arm-none-eabi/lib/thumb/v7e-m+fp/hard/libc_nano.a(libc_a-findfp.o)
 .text.stdio_exit_handler
                0x08003c70       0x18 /nix/store/i3m8xrhhnb7l83cpwdd9rlkcglpnxkw8-gcc-arm-embedded-12.3.rel1/bin/../lib/gcc/arm-none-eabi/12.3.1/../../../../arm-none-eabi/lib/thumb/v7e-m+fp/hard/libc_nano.a(libc_a-findfp.o)
 .text.cleanup_stdio
                0x08003c88       0x40 /nix/store/i3m8xrhhnb7l83cpwdd9rlkcglpnxkw8-gcc-arm-embedded-12.3.rel1/bin/../lib/gcc/arm-none-eabi/12.3.1/../../../../arm-none-eabi/lib/thumb/v7e-m+fp/hard/libc_nano.a(libc_a-findfp.o)
 .text.global_stdio_init.part.0
                0x08003cc8       0x3c /nix/store/i3m8xrhhnb7l83cpwdd9rlkcglpnxkw8-gcc-arm-embedded-12.3.rel1/bin/../lib/gcc/arm-none-eabi/12.3.1/../../../../arm-none-eabi/lib/thumb/v7e-m+fp/hard/libc_nano.a(libc_a-findfp.o)
 .text.__sfp_lock_acquire
                0x08003d04        0xc /nix/store/i3m8xrhhnb7l83cpwdd9rlkcglpnxkw8-gcc-arm-embedded-12.3.rel1/bin/../lib/gcc/arm-none-eabi/12.3.1/../../../../arm-none-eabi/lib/thumb/v7e-m+fp/hard/libc_nano.a(libc_a-findfp.o)
                0x08003d04                __sfp_lock_acquire
 .text.__sfp_lock_release
                0x08003d10        0xc /nix/store/i3m8xrhhnb7l83cpwdd9rlkcglpnxkw8-gcc-arm-embedded-12.3.rel1/bin/../lib/gcc/arm-none-eabi/12.3.1/../../../../arm-none-eabi/lib/thumb/v7e-m+fp/hard/libc_nano.a(libc_a-findfp.o)
                0x08003d10                __sfp_lock_release
 .text.__sinit  0x08003d1c       0x30 /nix/store/i3m8xrhhnb7l83cpwdd9rlkcglpnxkw8-gcc-arm-embedded-12.3.rel1/bin/../lib/gcc/arm-none-eabi/12.3.1/../../../../arm-none-eabi/lib/thumb/v7e-m+fp/hard/libc_nano.a(libc_a-findfp.o)
                0x08003d1c                __sinit
 .text.snprintf
                0x08003d4c       0x68 /nix/store/i3m8xrhhnb7l83cpwdd9rlkcglpnxkw8-gcc-arm-embedded-12.3.rel1/bin/../lib/gcc/arm-none-eabi/12.3.1/../../../../arm-none-eabi/lib/thumb/v7e-m+fp/hard/libc_nano.a(libc_a-snprintf.o)
                0x08003d4c                snprintf
                0x08003d4c                sniprintf
 .text.__sread  0x08003db4       0x22 /nix/store/i3m8xrhhnb7l83cpwdd9rlkcglpnxkw8-gcc-arm-embedded-12.3.rel1/bin/../lib/gcc/arm-none-eabi/12.3.1/../../../../arm-none-eabi/lib/thumb/v7e-m+fp/hard/libc_nano.a(libc_a-stdio.o)
                0x08003db4                __sread
 .text.__swrite
                0x08003dd6       0x38 /nix/store/i3m8xrhhnb7l83cpwdd9rlkcglpnxkw8-gcc-arm-embedded-12.3.rel1/bin/../lib/gcc/arm-none-eabi/12.3.1/../../../../arm-none-eabi/lib/thumb/v7e-m+fp/hard/libc_nano.a(libc_a-stdio.o)
                0x08003dd6                __swrite
 .text.__sseek  0x08003e0e       0x24 /nix/store/i3m8xrhhnb7l83cpwdd9rlkcglpnxkw8-gcc-arm-embedded-12.3.rel1/bin/../lib/gcc/arm-none-eabi/12.3.1/../../../../arm-none-eabi/lib/thumb/v7e-m+fp/hard/libc_nano.a(libc_a-stdio.o)
                0x08003e0e                __sseek
 .text.__sclose
                0x08003e32        0x8 /nix/store/i3m8xrhhnb7l83cpwdd9rlkcglpnxkw8-gcc-arm-embedded-12.3.rel1/bin/../lib/gcc/arm-none-eabi/12.3.1/../../../../arm-none-eabi/lib/thumb/v7e-m+fp/hard/libc_nano.a(libc_a-stdio.o)
                0x08003e32                __sclose
 .text.quorem   0x08003e3a      0x110 /nix/store/i3m8xrhhnb7l83cpwdd9rlkcglpnxkw8-gcc-arm-embedded-12.3.rel1/bin/../lib/gcc/arm-none-eabi/12.3.1/../../../../arm-none-eabi/lib/thumb/v7e-m+fp/hard/libc_nano.a(libc_a-dtoa.o)
 *fill*         0x08003f4a        0x6 
 .text._dtoa_r  0x08003f50      0xc58 /nix/store/i3m8xrhhnb7l83cpwdd9rlkcglpnxkw8-gcc-arm-embedded-12.3.rel1/bin/../lib/gcc/arm-none-eabi/12.3.1/../../../../arm-none-eabi/lib/thumb/v7e-m+fp/hard/libc_nano.a(libc_a-dtoa.o)
                0x08003f50                _dtoa_r
 .text._write_r
                0x08004ba8       0x24 /nix/store/i3m8xrhhnb7l83cpwdd9rlkcglpnxkw8-gcc-arm-embedded-12.3.rel1/bin/../lib/gcc/arm-none-eabi/12.3.1/../../../../arm-none-eabi/lib/thumb/v7e-m+fp/hard/libc_nano.a(libc_a-writer.o)
                0x08004ba8                _write_r
 .text.__errno  0x08004bcc        0xc /nix/store/i3m8xrhhnb7l83cpwdd9rlkcglpnxkw8-gcc-arm-embedded-12.3.rel1/bin/../lib/gcc/arm-none-eabi/12.3.1/../../../../arm-none-eabi/lib/thumb/v7e-m+fp/hard/libc_nano.a(libc_a-errno.o)
                0x08004bcc                __errno
 .text._fwalk_sglue
                0x08004bd8       0x3c /nix/store/i3m8xrhhnb7l83cpwdd9rlkcglpnxkw8-gcc-arm-embedded-12.3.rel1/bin/../lib/gcc/arm-none-eabi/12.3.1/../../../../arm-none-eabi/lib/thumb/v7e-m+fp/hard/libc_nano.a(libc_a-fwalk.o)
                0x08004bd8                _fwalk_sglue
 .text.memset   0x08004c14       0x10 /nix/store/i3m8xrhhnb7l83cpwdd9rlkcglpnxkw8-gcc-arm-embedded-12.3.rel1/bin/../lib/gcc/arm-none-eabi/12.3.1/../../../../arm-none-eabi/lib/thumb/v7e-m+fp/hard/libc_nano.a(libc_a-memset.o)
                0x08004c14                memset
 .text.__retarget_lock_init_recursive
                0x08004c24        0x2 /nix/store/i3m8xrhhnb7l83cpwdd9rlkcglpnxkw8-gcc-arm-embedded-12.3.rel1/bin/../lib/gcc/arm-none-eabi/12.3.1/../../../../arm-none-eabi/lib/thumb/v7e-m+fp/hard/libc_nano.a(libc_a-lock.o)
                0x08004c24                __retarget_lock_init_recursive
 .text.__retarget_lock_acquire_recursive
                0x08004c26        0x2 /nix/store/i3m8xrhhnb7l83cpwdd9rlkcglpnxkw8-gcc-arm-embedded-12.3.rel1/bin/../lib/gcc/arm-none-eabi/12.3.1/../../../../arm-none-eabi/lib/thumb/v7e-m+fp/hard/libc_nano.a(libc_a-lock.o)
                0x08004c26                __retarget_lock_acquire_recursive
 .text.__retarget_lock_release_recursive
                0x08004c28        0x2 /nix/store/i3m8xrhhnb7l83cpwdd9rlkcglpnxkw8-gcc-arm-embedded-12.3.rel1/bin/../lib/gcc/arm-none-eabi/12.3.1/../../../../arm-none-eabi/lib/thumb/v7e-m+fp/hard/libc_nano.a(libc_a-lock.o)
                0x08004c28                __retarget_lock_release_recursive
 *fill*         0x08004c2a        0x2 
 .text._localeconv_r
                0x08004c2c        0x8 /nix/store/i3m8xrhhnb7l83cpwdd9rlkcglpnxkw8-gcc-arm-embedded-12.3.rel1/bin/../lib/gcc/arm-none-eabi/12.3.1/../../../../arm-none-eabi/lib/thumb/v7e-m+fp/hard/libc_nano.a(libc_a-localeconv.o)
                0x08004c2c                _localeconv_r
 .text.__ssputs_r
                0x08004c34       0xb6 /nix/store/i3m8xrhhnb7l83cpwdd9rlkcglpnxkw8-gcc-arm-embedded-12.3.rel1/bin/../lib/gcc/arm-none-eabi/12.3.1/../../../../arm-none-eabi/lib/thumb/v7e-m+fp/hard/libc_nano.a(libc_a-nano-svfprintf.o)
                0x08004c34                __ssputs_r
 *fill*         0x08004cea        0x2 
 .text._svfprintf_r
                0x08004cec      0x1f8 /nix/store/i3m8xrhhnb7l83cpwdd9rlkcglpnxkw8-gcc-arm-embedded-12.3.rel1/bin/../lib/gcc/arm-none-eabi/12.3.1/../../../../arm-none-eabi/lib/thumb/v7e-m+fp/hard/libc_nano.a(libc_a-nano-svfprintf.o)
                0x08004cec                _svfprintf_r
                0x08004cec                _svfiprintf_r
 .text._close_r
                0x08004ee4       0x20 /nix/store/i3m8xrhhnb7l83cpwdd9rlkcglpnxkw8-gcc-arm-embedded-12.3.rel1/bin/../lib/gcc/arm-none-eabi/12.3.1/../../../../arm-none-eabi/lib/thumb/v7e-m+fp/hard/libc_nano.a(libc_a-closer.o)
                0x08004ee4                _close_r
 .text.__sflush_r
                0x08004f04      0x108 /nix/store/i3m8xrhhnb7l83cpwdd9rlkcglpnxkw8-gcc-arm-embedded-12.3.rel1/bin/../lib/gcc/arm-none-eabi/12.3.1/../../../../arm-none-eabi/lib/thumb/v7e-m+fp/hard/libc_nano.a(libc_a-fflush.o)
                0x08004f04                __sflush_r
 .text._fflush_r
                0x0800500c       0x50 /nix/store/i3m8xrhhnb7l83cpwdd9rlkcglpnxkw8-gcc-arm-embedded-12.3.rel1/bin/../lib/gcc/arm-none-eabi/12.3.1/../../../../arm-none-eabi/lib/thumb/v7e-m+fp/hard/libc_nano.a(libc_a-fflush.o)
                0x0800500c                _fflush_r
 .text.memcpy   0x0800505c       0x1c /nix/store/i3m8xrhhnb7l83cpwdd9rlkcglpnxkw8-gcc-arm-embedded-12.3.rel1/bin/../lib/gcc/arm-none-eabi/12.3.1/../../../../arm-none-eabi/lib/thumb/v7e-m+fp/hard/libc_nano.a(libc_a-memcpy-stub.o)
                0x0800505c                memcpy
 .text.malloc   0x08005078       0x10 /nix/store/i3m8xrhhnb7l83cpwdd9rlkcglpnxkw8-gcc-arm-embedded-12.3.rel1/bin/../lib/gcc/arm-none-eabi/12.3.1/../../../../arm-none-eabi/lib/thumb/v7e-m+fp/hard/libc_nano.a(libc_a-malloc.o)
                0x08005078                malloc
 .text.sbrk_aligned
                0x08005088       0x44 /nix/store/i3m8xrhhnb7l83cpwdd9rlkcglpnxkw8-gcc-arm-embedded-12.3.rel1/bin/../lib/gcc/arm-none-eabi/12.3.1/../../../../arm-none-eabi/lib/thumb/v7e-m+fp/hard/libc_nano.a(libc_a-mallocr.o)
 .text._malloc_r
                0x080050cc      0x100 /nix/store/i3m8xrhhnb7l83cpwdd9rlkcglpnxkw8-gcc-arm-embedded-12.3.rel1/bin/../lib/gcc/arm-none-eabi/12.3.1/../../../../arm-none-eabi/lib/thumb/v7e-m+fp/hard/libc_nano.a(libc_a-mallocr.o)
                0x080050cc                _malloc_r
 .text.__assert_func
                0x080051cc       0x3c /nix/store/i3m8xrhhnb7l83cpwdd9rlkcglpnxkw8-gcc-arm-embedded-12.3.rel1/bin/../lib/gcc/arm-none-eabi/12.3.1/../../../../arm-none-eabi/lib/thumb/v7e-m+fp/hard/libc_nano.a(libc_a-assert.o)
                0x080051cc                __assert_func
 .text._lseek_r
                0x08005208       0x24 /nix/store/i3m8xrhhnb7l83cpwdd9rlkcglpnxkw8-gcc-arm-embedded-12.3.rel1/bin/../lib/gcc/arm-none-eabi/12.3.1/../../../../arm-none-eabi/lib/thumb/v7e-m+fp/hard/libc_nano.a(libc_a-lseekr.o)
                0x08005208                _lseek_r
 .text._read_r  0x0800522c       0x24 /nix/store/i3m8xrhhnb7l83cpwdd9rlkcglpnxkw8-gcc-arm-embedded-12.3.rel1/bin/../lib/gcc/arm-none-eabi/12.3.1/../../../../arm-none-eabi/lib/thumb/v7e-m+fp/hard/libc_nano.a(libc_a-readr.o)
                0x0800522c                _read_r
 .text.fprintf  0x08005250       0x24 /nix/store/i3m8xrhhnb7l83cpwdd9rlkcglpnxkw8-gcc-arm-embedded-12.3.rel1/bin/../lib/gcc/arm-none-eabi/12.3.1/../../../../arm-none-eabi/lib/thumb/v7e-m+fp/hard/libc_nano.a(libc_a-fprintf.o)
                0x08005250                fprintf
                0x08005250                fiprintf
 .text.__malloc_lock
                0x08005274        0xc /nix/store/i3m8xrhhnb7l83cpwdd9rlkcglpnxkw8-gcc-arm-embedded-12.3.rel1/bin/../lib/gcc/arm-none-eabi/12.3.1/../../../../arm-none-eabi/lib/thumb/v7e-m+fp/hard/libc_nano.a(libc_a-mlock.o)
                0x08005274                __malloc_lock
 .text.__malloc_unlock
                0x08005280        0xc /nix/store/i3m8xrhhnb7l83cpwdd9rlkcglpnxkw8-gcc-arm-embedded-12.3.rel1/bin/../lib/gcc/arm-none-eabi/12.3.1/../../../../arm-none-eabi/lib/thumb/v7e-m+fp/hard/libc_nano.a(libc_a-mlock.o)
                0x08005280                __malloc_unlock
 .text._Balloc  0x0800528c       0x80 /nix/store/i3m8xrhhnb7l83cpwdd9rlkcglpnxkw8-gcc-arm-embedded-12.3.rel1/bin/../lib/gcc/arm-none-eabi/12.3.1/../../../../arm-none-eabi/lib/thumb/v7e-m+fp/hard/libc_nano.a(libc_a-mprec.o)
                0x0800528c                _Balloc
 .text._Bfree   0x0800530c       0x44 /nix/store/i3m8xrhhnb7l83cpwdd9rlkcglpnxkw8-gcc-arm-embedded-12.3.rel1/bin/../lib/gcc/arm-none-eabi/12.3.1/../../../../arm-none-eabi/lib/thumb/v7e-m+fp/hard/libc_nano.a(libc_a-mprec.o)
                0x0800530c                _Bfree
 .text.__multadd
                0x08005350       0x8c /nix/store/i3m8xrhhnb7l83cpwdd9rlkcglpnxkw8-gcc-arm-embedded-12.3.rel1/bin/../lib/gcc/arm-none-eabi/12.3.1/../../../../arm-none-eabi/lib/thumb/v7e-m+fp/hard/libc_nano.a(libc_a-mprec.o)
                0x08005350                __multadd
 .text.__hi0bits
                0x080053dc       0x44 /nix/store/i3m8xrhhnb7l83cpwdd9rlkcglpnxkw8-gcc-arm-embedded-12.3.rel1/bin/../lib/gcc/arm-none-eabi/12.3.1/../../../../arm-none-eabi/lib/thumb/v7e-m+fp/hard/libc_nano.a(libc_a-mprec.o)
                0x080053dc                __hi0bits
 .text.__lo0bits
                0x08005420       0x5a /nix/store/i3m8xrhhnb7l83cpwdd9rlkcglpnxkw8-gcc-arm-embedded-12.3.rel1/bin/../lib/gcc/arm-none-eabi/12.3.1/../../../../arm-none-eabi/lib/thumb/v7e-m+fp/hard/libc_nano.a(libc_a-mprec.o)
                0x08005420                __lo0bits
 *fill*         0x0800547a        0x2 
 .text.__i2b    0x0800547c       0x2c /nix/store/i3m8xrhhnb7l83cpwdd9rlkcglpnxkw8-gcc-arm-embedded-12.3.rel1/bin/../lib/gcc/arm-none-eabi/12.3.1/../../../../arm-none-eabi/lib/thumb/v7e-m+fp/hard/libc_nano.a(libc_a-mprec.o)
                0x0800547c                __i2b
 .text.__multiply
                0x080054a8      0x154 /nix/store/i3m8xrhhnb7l83cpwdd9rlkcglpnxkw8-gcc-arm-embedded-12.3.rel1/bin/../lib/gcc/arm-none-eabi/12.3.1/../../../../arm-none-eabi/lib/thumb/v7e-m+fp/hard/libc_nano.a(libc_a-mprec.o)
                0x080054a8                __multiply
 .text.__pow5mult
                0x080055fc       0xb4 /nix/store/i3m8xrhhnb7l83cpwdd9rlkcglpnxkw8-gcc-arm-embedded-12.3.rel1/bin/../lib/gcc/arm-none-eabi/12.3.1/../../../../arm-none-eabi/lib/thumb/v7e-m+fp/hard/libc_nano.a(libc_a-mprec.o)
                0x080055fc                __pow5mult
 .text.__lshift
                0x080056b0       0xd8 /nix/store/i3m8xrhhnb7l83cpwdd9rlkcglpnxkw8-gcc-arm-embedded-12.3.rel1/bin/../lib/gcc/arm-none-eabi/12.3.1/../../../../arm-none-eabi/lib/thumb/v7e-m+fp/hard/libc_nano.a(libc_a-mprec.o)
                0x080056b0                __lshift
 .text.__mcmp   0x08005788       0x36 /nix/store/i3m8xrhhnb7l83cpwdd9rlkcglpnxkw8-gcc-arm-embedded-12.3.rel1/bin/../lib/gcc/arm-none-eabi/12.3.1/../../../../arm-none-eabi/lib/thumb/v7e-m+fp/hard/libc_nano.a(libc_a-mprec.o)
                0x08005788                __mcmp
 *fill*         0x080057be        0x2 
 .text.__mdiff  0x080057c0      0x128 /nix/store/i3m8xrhhnb7l83cpwdd9rlkcglpnxkw8-gcc-arm-embedded-12.3.rel1/bin/../lib/gcc/arm-none-eabi/12.3.1/../../../../arm-none-eabi/lib/thumb/v7e-m+fp/hard/libc_nano.a(libc_a-mprec.o)
                0x080057c0                __mdiff
 .text.__d2b    0x080058e8       0xb0 /nix/store/i3m8xrhhnb7l83cpwdd9rlkcglpnxkw8-gcc-arm-embedded-12.3.rel1/bin/../lib/gcc/arm-none-eabi/12.3.1/../../../../arm-none-eabi/lib/thumb/v7e-m+fp/hard/libc_nano.a(libc_a-mprec.o)
                0x080058e8                __d2b
 .text._calloc_r
                0x08005998       0x28 /nix/store/i3m8xrhhnb7l83cpwdd9rlkcglpnxkw8-gcc-arm-embedded-12.3.rel1/bin/../lib/gcc/arm-none-eabi/12.3.1/../../../../arm-none-eabi/lib/thumb/v7e-m+fp/hard/libc_nano.a(libc_a-callocr.o)
                0x08005998                _calloc_r
 .text._sbrk_r  0x080059c0       0x20 /nix/store/i3m8xrhhnb7l83cpwdd9rlkcglpnxkw8-gcc-arm-embedded-12.3.rel1/bin/../lib/gcc/arm-none-eabi/12.3.1/../../../../arm-none-eabi/lib/thumb/v7e-m+fp/hard/libc_nano.a(libc_a-sbrkr.o)
                0x080059c0                _sbrk_r
 .text.memmove  0x080059e0       0x34 /nix/store/i3m8xrhhnb7l83cpwdd9rlkcglpnxkw8-gcc-arm-embedded-12.3.rel1/bin/../lib/gcc/arm-none-eabi/12.3.1/../../../../arm-none-eabi/lib/thumb/v7e-m+fp/hard/libc_nano.a(libc_a-memmove.o)
                0x080059e0                memmove
 .text._realloc_r
                0x08005a14       0x5c /nix/store/i3m8xrhhnb7l83cpwdd9rlkcglpnxkw8-gcc-arm-embedded-12.3.rel1/bin/../lib/gcc/arm-none-eabi/12.3.1/../../../../arm-none-eabi/lib/thumb/v7e-m+fp/hard/libc_nano.a(libc_a-reallocr.o)
                0x08005a14                _realloc_r
 .text._free_r  0x08005a70       0x94 /nix/store/i3m8xrhhnb7l83cpwdd9rlkcglpnxkw8-gcc-arm-embedded-12.3.rel1/bin/../lib/gcc/arm-none-eabi/12.3.1/../../../../arm-none-eabi/lib/thumb/v7e-m+fp/hard/libc_nano.a(libc_a-freer.o)
                0x08005a70                _free_r
 .text.__sfputc_r
                0x08005b04       0x2e /nix/store/i3m8xrhhnb7l83cpwdd9rlkcglpnxkw8-gcc-arm-embedded-12.3.rel1/bin/../lib/gcc/arm-none-eabi/12.3.1/../../../../arm-none-eabi/lib/thumb/v7e-m+fp/hard/libc_nano.a(libc_a-nano-vfprintf.o)
 .text.__sfputs_r
                0x08005b32       0x24 /nix/store/i3m8xrhhnb7l83cpwdd9rlkcglpnxkw8-gcc-arm-embedded-12.3.rel1/bin/../lib/gcc/arm-none-eabi/12.3.1/../../../../arm-none-eabi/lib/thumb/v7e-m+fp/hard/libc_nano.a(libc_a-nano-vfprintf.o)
                0x08005b32                __sfputs_r
 *fill*         0x08005b56        0x2 
 .text._vfprintf_r
                0x08005b58      0x230 /nix/store/i3m8xrhhnb7l83cpwdd9rlkcglpnxkw8-gcc-arm-embedded-12.3.rel1/bin/../lib/gcc/arm-none-eabi/12.3.1/../../../../arm-none-eabi/lib/thumb/v7e-m+fp/hard/libc_nano.a(libc_a-nano-vfprintf.o)
                0x08005b58                _vfiprintf_r
                0x08005b58                _vfprintf_r
 .text.__swbuf_r
                0x08005d88       0x7c /nix/store/i3m8xrhhnb7l83cpwdd9rlkcglpnxkw8-gcc-arm-embedded-12.3.rel1/bin/../lib/gcc/arm-none-eabi/12.3.1/../../../../arm-none-eabi/lib/thumb/v7e-m+fp/hard/libc_nano.a(libc_a-wbuf.o)
                0x08005d88                __swbuf_r
 .text.__swsetup_r
                0x08005e04       0xac /nix/store/i3m8xrhhnb7l83cpwdd9rlkcglpnxkw8-gcc-arm-embedded-12.3.rel1/bin/../lib/gcc/arm-none-eabi/12.3.1/../../../../arm-none-eabi/lib/thumb/v7e-m+fp/hard/libc_nano.a(libc_a-wsetup.o)
                0x08005e04                __swsetup_r
 .text.__ascii_wctomb
                0x08005eb0       0x1a /nix/store/i3m8xrhhnb7l83cpwdd9rlkcglpnxkw8-gcc-arm-embedded-12.3.rel1/bin/../lib/gcc/arm-none-eabi/12.3.1/../../../../arm-none-eabi/lib/thumb/v7e-m+fp/hard/libc_nano.a(libc_a-wctomb_r.o)
                0x08005eb0                __ascii_wctomb
 .text.abort    0x08005eca        0xe /nix/store/i3m8xrhhnb7l83cpwdd9rlkcglpnxkw8-gcc-arm-embedded-12.3.rel1/bin/../lib/gcc/arm-none-eabi/12.3.1/../../../../arm-none-eabi/lib/thumb/v7e-m+fp/hard/libc_nano.a(libc_a-abort.o)
                0x08005eca                abort
 .text.__ascii_mbtowc
                0x08005ed8       0x24 /nix/store/i3m8xrhhnb7l83cpwdd9rlkcglpnxkw8-gcc-arm-embedded-12.3.rel1/bin/../lib/gcc/arm-none-eabi/12.3.1/../../../../arm-none-eabi/lib/thumb/v7e-m+fp/hard/libc_nano.a(libc_a-mbtowc_r.o)
                0x08005ed8                __ascii_mbtowc
 .text._malloc_usable_size_r
                0x08005efc       0x10 /nix/store/i3m8xrhhnb7l83cpwdd9rlkcglpnxkw8-gcc-arm-embedded-12.3.rel1/bin/../lib/gcc/arm-none-eabi/12.3.1/../../../../arm-none-eabi/lib/thumb/v7e-m+fp/hard/libc_nano.a(libc_a-msizer.o)
                0x08005efc                _malloc_usable_size_r
 .text.__swhatbuf_r
                0x08005f0c       0x4c /nix/store/i3m8xrhhnb7l83cpwdd9rlkcglpnxkw8-gcc-arm-embedded-12.3.rel1/bin/../lib/gcc/arm-none-eabi/12.3.1/../../../../arm-none-eabi/lib/thumb/v7e-m+fp/hard/libc_nano.a(libc_a-makebuf.o)
                0x08005f0c                __swhatbuf_r
 .text.__smakebuf_r
                0x08005f58       0x78 /nix/store/i3m8xrhhnb7l83cpwdd9rlkcglpnxkw8-gcc-arm-embedded-12.3.rel1/bin/../lib/gcc/arm-none-eabi/12.3.1/../../../../arm-none-eabi/lib/thumb/v7e-m+fp/hard/libc_nano.a(libc_a-makebuf.o)
                0x08005f58                __smakebuf_r
 .text._raise_r
                0x08005fd0       0x50 /nix/store/i3m8xrhhnb7l83cpwdd9rlkcglpnxkw8-gcc-arm-embedded-12.3.rel1/bin/../lib/gcc/arm-none-eabi/12.3.1/../../../../arm-none-eabi/lib/thumb/v7e-m+fp/hard/libc_nano.a(libc_a-signal.o)
                0x08005fd0                _raise_r
 .text.raise    0x08006020       0x10 /nix/store/i3m8xrhhnb7l83cpwdd9rlkcglpnxkw8-gcc-arm-embedded-12.3.rel1/bin/../lib/gcc/arm-none-eabi/12.3.1/../../../../arm-none-eabi/lib/thumb/v7e-m+fp/hard/libc_nano.a(libc_a-signal.o)
                0x08006020                raise
 .text._fstat_r
                0x08006030       0x24 /nix/store/i3m8xrhhnb7l83cpwdd9rlkcglpnxkw8-gcc-arm-embedded-12.3.rel1/bin/../lib/gcc/arm-none-eabi/12.3.1/../../../../arm-none-eabi/lib/thumb/v7e-m+fp/hard/libc_nano.a(libc_a-fstatr.o)
                0x08006030                _fstat_r
 .text._isatty_r
                0x08006054       0x20 /nix/store/i3m8xrhhnb7l83cpwdd9rlkcglpnxkw8-gcc-arm-embedded-12.3.rel1/bin/../lib/gcc/arm-none-eabi/12.3.1/../../../../arm-none-eabi/lib/thumb/v7e-m+fp/hard/libc_nano.a(libc_a-isattyr.o)
                0x08006054                _isatty_r
 .text._kill_r  0x08006074       0x24 /nix/store/i3m8xrhhnb7l83cpwdd9rlkcglpnxkw8-gcc-arm-embedded-12.3.rel1/bin/../lib/gcc/arm-none-eabi/12.3.1/../../../../arm-none-eabi/lib/thumb/v7e-m+fp/hard/libc_nano.a(libc_a-signalr.o)
                0x08006074                _kill_r
 .text._getpid_r
                0x08006098        0x4 /nix/store/i3m8xrhhnb7l83cpwdd9rlkcglpnxkw8-gcc-arm-embedded-12.3.rel1/bin/../lib/gcc/arm-none-eabi/12.3.1/../../../../arm-none-eabi/lib/thumb/v7e-m+fp/hard/libc_nano.a(libc_a-signalr.o)
                0x08006098                _getpid_r
 .text.arm_mean_f32
                0x0800609c       0x68 Lib/libarm_cortexM4lf_math.a(arm_mean_f32.o)
                0x0800609c                arm_mean_f32
 .text.arm_max_f32
                0x08006104       0xd0 Lib/libarm_cortexM4lf_math.a(arm_max_f32.o)
                0x08006104                arm_max_f32
 .text.arm_rfft_fast_init_f32
                0x080061d4      0x108 Lib/libarm_cortexM4lf_math.a(arm_rfft_fast_init_f32.o)
                0x080061d4                arm_rfft_fast_init_f32
 .text.arm_rfft_fast_f32
                0x080062dc      0x188 Lib/libarm_cortexM4lf_math.a(arm_rfft_fast_f32.o)
                0x080062dc                arm_rfft_fast_f32
 .text.arm_cfft_radix8by2_f32
                0x08006464      0x1a4 Lib/libarm_cortexM4lf_math.a(arm_cfft_f32.o)
                0x08006464                arm_cfft_radix8by2_f32
 .text.arm_cfft_radix8by4_f32
                0x08006608      0x4bc Lib/libarm_cortexM4lf_math.a(arm_cfft_f32.o)
                0x08006608                arm_cfft_radix8by4_f32
 .text.arm_cfft_f32
                0x08006ac4       0xf4 Lib/libarm_cortexM4lf_math.a(arm_cfft_f32.o)
                0x08006ac4                arm_cfft_f32
 .text.arm_fir_init_f32
                0x08006bb8       0x24 Lib/libarm_cortexM4lf_math.a(arm_fir_init_f32.o)
                0x08006bb8                arm_fir_init_f32
 .text.arm_fir_f32
                0x08006bdc      0x4c8 Lib/libarm_cortexM4lf_math.a(arm_fir_f32.o)
                0x08006bdc                arm_fir_f32
 .text.arm_cmplx_mag_f32
                0x080070a4      0x1d0 Lib/libarm_cortexM4lf_math.a(arm_cmplx_mag_f32.o)
                0x080070a4                arm_cmplx_mag_f32
 .text.arm_radix8_butterfly_f32
                0x08007274      0x5c4 Lib/libarm_cortexM4lf_math.a(arm_cfft_radix8_f32.o)
                0x08007274                arm_radix8_butterfly_f32
 .text.__udivmoddi4
                0x08007838      0x2bc /nix/store/i3m8xrhhnb7l83cpwdd9rlkcglpnxkw8-gcc-arm-embedded-12.3.rel1/bin/../lib/gcc/arm-none-eabi/12.3.1/thumb/v7e-m+fp/hard/libgcc.a(_udivmoddi4.o)
                0x08007838                __udivmoddi4
 .text.sqrtf    0x08007af4       0x44 /nix/store/i3m8xrhhnb7l83cpwdd9rlkcglpnxkw8-gcc-arm-embedded-12.3.rel1/bin/../lib/gcc/arm-none-eabi/12.3.1/../../../../arm-none-eabi/lib/thumb/v7e-m+fp/hard/libm.a(libm_a-wf_sqrt.o)
                0x08007af4                sqrtf
 .text.__ieee754_sqrtf
                0x08007b38        0x8 /nix/store/i3m8xrhhnb7l83cpwdd9rlkcglpnxkw8-gcc-arm-embedded-12.3.rel1/bin/../lib/gcc/arm-none-eabi/12.3.1/../../../../arm-none-eabi/lib/thumb/v7e-m+fp/hard/libm.a(libm_a-ef_sqrt.o)
                0x08007b38                __ieee754_sqrtf
 *(.glue_7)
 .glue_7        0x08007b40        0x0 linker stubs
 *(.glue_7t)
 .glue_7t       0x08007b40        0x0 linker stubs
 *(.eh_frame)
 .eh_frame      0x08007b40        0x0 /nix/store/i3m8xrhhnb7l83cpwdd9rlkcglpnxkw8-gcc-arm-embedded-12.3.rel1/bin/../lib/gcc/arm-none-eabi/12.3.1/thumb/v7e-m+fp/hard/crtbegin.o
 *(.init)
 .init          0x08007b40        0x4 /nix/store/i3m8xrhhnb7l83cpwdd9rlkcglpnxkw8-gcc-arm-embedded-12.3.rel1/bin/../lib/gcc/arm-none-eabi/12.3.1/thumb/v7e-m+fp/hard/crti.o
                0x08007b40                _init
 .init          0x08007b44        0x8 /nix/store/i3m8xrhhnb7l83cpwdd9rlkcglpnxkw8-gcc-arm-embedded-12.3.rel1/bin/../lib/gcc/arm-none-eabi/12.3.1/thumb/v7e-m+fp/hard/crtn.o
 *(.fini)
 .fini          0x08007b4c        0x4 /nix/store/i3m8xrhhnb7l83cpwdd9rlkcglpnxkw8-gcc-arm-embedded-12.3.rel1/bin/../lib/gcc/arm-none-eabi/12.3.1/thumb/v7e-m+fp/hard/crti.o
                0x08007b4c                _fini
 .fini          0x08007b50        0x8 /nix/store/i3m8xrhhnb7l83cpwdd9rlkcglpnxkw8-gcc-arm-embedded-12.3.rel1/bin/../lib/gcc/arm-none-eabi/12.3.1/thumb/v7e-m+fp/hard/crtn.o
                0x08007b58                        . = ALIGN (0x4)
                0x08007b58                        _etext = .

.vfp11_veneer   0x08007b58        0x0
 .vfp11_veneer  0x08007b58        0x0 linker stubs

.v4_bx          0x08007b58        0x0
 .v4_bx         0x08007b58        0x0 linker stubs

.iplt           0x08007b58        0x0
 .iplt          0x08007b58        0x0 /nix/store/i3m8xrhhnb7l83cpwdd9rlkcglpnxkw8-gcc-arm-embedded-12.3.rel1/bin/../lib/gcc/arm-none-eabi/12.3.1/thumb/v7e-m+fp/hard/crtbegin.o

.rodata         0x08007b58    0x13874
                0x08007b58                        . = ALIGN (0x4)
 *(.rodata)
 *(.rodata*)
 .rodata.processData.str1.4
                0x08007b58       0x86 build/main.o
 *fill*         0x08007bde        0x2 
 .rodata.flagBitshiftOffset.0
                0x08007be0        0x8 build/stm32f4xx_hal_dma.o
 .rodata.APBPrescTable
                0x08007be8        0x8 build/system_stm32f4xx.o
                0x08007be8                APBPrescTable
 .rodata.AHBPrescTable
                0x08007bf0       0x10 build/system_stm32f4xx.o
                0x08007bf0                AHBPrescTable
 .rodata._printf_float.str1.1
                0x08007c00       0x12 /nix/store/i3m8xrhhnb7l83cpwdd9rlkcglpnxkw8-gcc-arm-embedded-12.3.rel1/bin/../lib/gcc/arm-none-eabi/12.3.1/../../../../arm-none-eabi/lib/thumb/v7e-m+fp/hard/libc_nano.a(libc_a-nano-vfprintf_float.o)
 .rodata._printf_i.str1.1
                0x08007c12       0x22 /nix/store/i3m8xrhhnb7l83cpwdd9rlkcglpnxkw8-gcc-arm-embedded-12.3.rel1/bin/../lib/gcc/arm-none-eabi/12.3.1/../../../../arm-none-eabi/lib/thumb/v7e-m+fp/hard/libc_nano.a(libc_a-nano-vfprintf_i.o)
 .rodata._dtoa_r.str1.1
                0x08007c34       0x8e /nix/store/i3m8xrhhnb7l83cpwdd9rlkcglpnxkw8-gcc-arm-embedded-12.3.rel1/bin/../lib/gcc/arm-none-eabi/12.3.1/../../../../arm-none-eabi/lib/thumb/v7e-m+fp/hard/libc_nano.a(libc_a-dtoa.o)
                                 0x90 (size before relaxing)
 .rodata._svfprintf_r.str1.1
                0x08007cc2       0x11 /nix/store/i3m8xrhhnb7l83cpwdd9rlkcglpnxkw8-gcc-arm-embedded-12.3.rel1/bin/../lib/gcc/arm-none-eabi/12.3.1/../../../../arm-none-eabi/lib/thumb/v7e-m+fp/hard/libc_nano.a(libc_a-nano-svfprintf.o)
 .rodata.__assert_func.str1.1
                0x08007cd3       0x3c /nix/store/i3m8xrhhnb7l83cpwdd9rlkcglpnxkw8-gcc-arm-embedded-12.3.rel1/bin/../lib/gcc/arm-none-eabi/12.3.1/../../../../arm-none-eabi/lib/thumb/v7e-m+fp/hard/libc_nano.a(libc_a-assert.o)
                                 0x3d (size before relaxing)
 .rodata._Balloc.str1.1
                0x08007d0f       0x5a /nix/store/i3m8xrhhnb7l83cpwdd9rlkcglpnxkw8-gcc-arm-embedded-12.3.rel1/bin/../lib/gcc/arm-none-eabi/12.3.1/../../../../arm-none-eabi/lib/thumb/v7e-m+fp/hard/libc_nano.a(libc_a-mprec.o)
                                 0x71 (size before relaxing)
 .rodata.__multadd.str1.1
                0x08007d69       0x11 /nix/store/i3m8xrhhnb7l83cpwdd9rlkcglpnxkw8-gcc-arm-embedded-12.3.rel1/bin/../lib/gcc/arm-none-eabi/12.3.1/../../../../arm-none-eabi/lib/thumb/v7e-m+fp/hard/libc_nano.a(libc_a-mprec.o)
 *fill*         0x08007d69        0x3 
 .rodata.p05.0  0x08007d6c        0xc /nix/store/i3m8xrhhnb7l83cpwdd9rlkcglpnxkw8-gcc-arm-embedded-12.3.rel1/bin/../lib/gcc/arm-none-eabi/12.3.1/../../../../arm-none-eabi/lib/thumb/v7e-m+fp/hard/libc_nano.a(libc_a-mprec.o)
 .rodata.__mprec_bigtens
                0x08007d78       0x28 /nix/store/i3m8xrhhnb7l83cpwdd9rlkcglpnxkw8-gcc-arm-embedded-12.3.rel1/bin/../lib/gcc/arm-none-eabi/12.3.1/../../../../arm-none-eabi/lib/thumb/v7e-m+fp/hard/libc_nano.a(libc_a-mprec.o)
                0x08007d78                __mprec_bigtens
 .rodata.__mprec_tens
                0x08007da0       0xc8 /nix/store/i3m8xrhhnb7l83cpwdd9rlkcglpnxkw8-gcc-arm-embedded-12.3.rel1/bin/../lib/gcc/arm-none-eabi/12.3.1/../../../../arm-none-eabi/lib/thumb/v7e-m+fp/hard/libc_nano.a(libc_a-mprec.o)
                0x08007da0                __mprec_tens
 .rodata._setlocale_r.str1.1
                0x08007e68        0x8 /nix/store/i3m8xrhhnb7l83cpwdd9rlkcglpnxkw8-gcc-arm-embedded-12.3.rel1/bin/../lib/gcc/arm-none-eabi/12.3.1/../../../../arm-none-eabi/lib/thumb/v7e-m+fp/hard/libc_nano.a(libc_a-locale.o)
                                  0x9 (size before relaxing)
 .rodata.str1.1
                0x08007e70        0x2 /nix/store/i3m8xrhhnb7l83cpwdd9rlkcglpnxkw8-gcc-arm-embedded-12.3.rel1/bin/../lib/gcc/arm-none-eabi/12.3.1/../../../../arm-none-eabi/lib/thumb/v7e-m+fp/hard/libc_nano.a(libc_a-locale.o)
 .rodata._vfprintf_r.str1.1
                0x08007e72       0x11 /nix/store/i3m8xrhhnb7l83cpwdd9rlkcglpnxkw8-gcc-arm-embedded-12.3.rel1/bin/../lib/gcc/arm-none-eabi/12.3.1/../../../../arm-none-eabi/lib/thumb/v7e-m+fp/hard/libc_nano.a(libc_a-nano-vfprintf.o)
 .rodata._ctype_
                0x08007e72      0x101 /nix/store/i3m8xrhhnb7l83cpwdd9rlkcglpnxkw8-gcc-arm-embedded-12.3.rel1/bin/../lib/gcc/arm-none-eabi/12.3.1/../../../../arm-none-eabi/lib/thumb/v7e-m+fp/hard/libc_nano.a(libc_a-ctype_.o)
                0x08007e72                _ctype_
 *fill*         0x08007f73        0x1 
 .rodata.twiddleCoef_2048
                0x08007f74     0x4000 Lib/libarm_cortexM4lf_math.a(arm_common_tables.o)
                0x08007f74                twiddleCoef_2048
 .rodata.twiddleCoef_rfft_64
                0x0800bf74      0x100 Lib/libarm_cortexM4lf_math.a(arm_common_tables.o)
                0x0800bf74                twiddleCoef_rfft_64
 .rodata.armBitRevIndexTable64
                0x0800c074       0x70 Lib/libarm_cortexM4lf_math.a(arm_common_tables.o)
                0x0800c074                armBitRevIndexTable64
 .rodata.twiddleCoef_rfft_2048
                0x0800c0e4     0x2000 Lib/libarm_cortexM4lf_math.a(arm_common_tables.o)
                0x0800c0e4                twiddleCoef_rfft_2048
 .rodata.twiddleCoef_rfft_4096
                0x0800e0e4     0x4000 Lib/libarm_cortexM4lf_math.a(arm_common_tables.o)
                0x0800e0e4                twiddleCoef_rfft_4096
 .rodata.twiddleCoef_256
                0x080120e4      0x800 Lib/libarm_cortexM4lf_math.a(arm_common_tables.o)
                0x080120e4                twiddleCoef_256
 .rodata.twiddleCoef_16
                0x080128e4       0x80 Lib/libarm_cortexM4lf_math.a(arm_common_tables.o)
                0x080128e4                twiddleCoef_16
 .rodata.twiddleCoef_1024
                0x08012964     0x2000 Lib/libarm_cortexM4lf_math.a(arm_common_tables.o)
                0x08012964                twiddleCoef_1024
 .rodata.twiddleCoef_32
                0x08014964      0x100 Lib/libarm_cortexM4lf_math.a(arm_common_tables.o)
                0x08014964                twiddleCoef_32
 .rodata.armBitRevIndexTable1024
                0x08014a64      0xe10 Lib/libarm_cortexM4lf_math.a(arm_common_tables.o)
                0x08014a64                armBitRevIndexTable1024
 .rodata.armBitRevIndexTable16
                0x08015874       0x28 Lib/libarm_cortexM4lf_math.a(arm_common_tables.o)
                0x08015874                armBitRevIndexTable16
 .rodata.twiddleCoef_rfft_32
                0x0801589c       0x80 Lib/libarm_cortexM4lf_math.a(arm_common_tables.o)
                0x0801589c                twiddleCoef_rfft_32
 .rodata.armBitRevIndexTable32
                0x0801591c       0x60 Lib/libarm_cortexM4lf_math.a(arm_common_tables.o)
                0x0801591c                armBitRevIndexTable32
 .rodata.twiddleCoef_128
                0x0801597c      0x400 Lib/libarm_cortexM4lf_math.a(arm_common_tables.o)
                0x0801597c                twiddleCoef_128
 .rodata.twiddleCoef_512
                0x08015d7c     0x1000 Lib/libarm_cortexM4lf_math.a(arm_common_tables.o)
                0x08015d7c                twiddleCoef_512
 .rodata.armBitRevIndexTable2048
                0x08016d7c     0x1dc0 Lib/libarm_cortexM4lf_math.a(arm_common_tables.o)
                0x08016d7c                armBitRevIndexTable2048
 .rodata.twiddleCoef_64
                0x08018b3c      0x200 Lib/libarm_cortexM4lf_math.a(arm_common_tables.o)
                0x08018b3c                twiddleCoef_64
 .rodata.twiddleCoef_rfft_512
                0x08018d3c      0x800 Lib/libarm_cortexM4lf_math.a(arm_common_tables.o)
                0x08018d3c                twiddleCoef_rfft_512
 .rodata.armBitRevIndexTable512
                0x0801953c      0x380 Lib/libarm_cortexM4lf_math.a(arm_common_tables.o)
                0x0801953c                armBitRevIndexTable512
 .rodata.twiddleCoef_rfft_1024
                0x080198bc     0x1000 Lib/libarm_cortexM4lf_math.a(arm_common_tables.o)
                0x080198bc                twiddleCoef_rfft_1024
 .rodata.twiddleCoef_rfft_256
                0x0801a8bc      0x400 Lib/libarm_cortexM4lf_math.a(arm_common_tables.o)
                0x0801a8bc                twiddleCoef_rfft_256
 .rodata.armBitRevIndexTable256
                0x0801acbc      0x370 Lib/libarm_cortexM4lf_math.a(arm_common_tables.o)
                0x0801acbc                armBitRevIndexTable256
 .rodata.twiddleCoef_rfft_128
                0x0801b02c      0x200 Lib/libarm_cortexM4lf_math.a(arm_common_tables.o)
                0x0801b02c                twiddleCoef_rfft_128
 .rodata.armBitRevIndexTable128
                0x0801b22c      0x1a0 Lib/libarm_cortexM4lf_math.a(arm_common_tables.o)
                0x0801b22c                armBitRevIndexTable128
                0x0801b3cc                        . = ALIGN (0x4)

.ARM.extab
 *(.ARM.extab* .gnu.linkonce.armextab.*)

.ARM            0x0801b3cc        0x8
                0x0801b3cc                        __exidx_start = .
 *(.ARM.exidx*)
 .ARM.exidx     0x0801b3cc        0x8 /nix/store/i3m8xrhhnb7l83cpwdd9rlkcglpnxkw8-gcc-arm-embedded-12.3.rel1/bin/../lib/gcc/arm-none-eabi/12.3.1/../../../../arm-none-eabi/lib/thumb/v7e-m+fp/hard/libc_nano.a(libc_a-memchr.o)
 .ARM.exidx     0x0801b3d4        0x0 /nix/store/i3m8xrhhnb7l83cpwdd9rlkcglpnxkw8-gcc-arm-embedded-12.3.rel1/bin/../lib/gcc/arm-none-eabi/12.3.1/../../../../arm-none-eabi/lib/thumb/v7e-m+fp/hard/libc_nano.a(libc_a-strlen.o)
                                  0x8 (size before relaxing)
 .ARM.exidx.text.__udivmoddi4
                0x0801b3d4        0x0 /nix/store/i3m8xrhhnb7l83cpwdd9rlkcglpnxkw8-gcc-arm-embedded-12.3.rel1/bin/../lib/gcc/arm-none-eabi/12.3.1/thumb/v7e-m+fp/hard/libgcc.a(_udivmoddi4.o)
                                  0x8 (size before relaxing)
                0x0801b3d4                        __exidx_end = .

.rel.dyn        0x0801b3d4        0x0
 .rel.iplt      0x0801b3d4        0x0 /nix/store/i3m8xrhhnb7l83cpwdd9rlkcglpnxkw8-gcc-arm-embedded-12.3.rel1/bin/../lib/gcc/arm-none-eabi/12.3.1/thumb/v7e-m+fp/hard/crtbegin.o

.preinit_array  0x0801b3d4        0x0
                0x0801b3d4                        PROVIDE (__preinit_array_start = .)
 *(.preinit_array*)
                0x0801b3d4                        PROVIDE (__preinit_array_end = .)

.init_array     0x0801b3d4        0x4
                0x0801b3d4                        PROVIDE (__init_array_start = .)
 *(SORT_BY_NAME(.init_array.*))
 *(.init_array*)
 .init_array    0x0801b3d4        0x4 /nix/store/i3m8xrhhnb7l83cpwdd9rlkcglpnxkw8-gcc-arm-embedded-12.3.rel1/bin/../lib/gcc/arm-none-eabi/12.3.1/thumb/v7e-m+fp/hard/crtbegin.o
                0x0801b3d8                        PROVIDE (__init_array_end = .)

.fini_array     0x0801b3d8        0x4
                [!provide]                        PROVIDE (__fini_array_start = .)
 *(SORT_BY_NAME(.fini_array.*))
 *(.fini_array*)
 .fini_array    0x0801b3d8        0x4 /nix/store/i3m8xrhhnb7l83cpwdd9rlkcglpnxkw8-gcc-arm-embedded-12.3.rel1/bin/../lib/gcc/arm-none-eabi/12.3.1/thumb/v7e-m+fp/hard/crtbegin.o
                [!provide]                        PROVIDE (__fini_array_end = .)
                0x0801b3dc                        _sidata = LOADADDR (.data)

.data           0x20000000      0x6b0 load address 0x0801b3dc
                0x20000000                        . = ALIGN (0x4)
                0x20000000                        _sdata = .
 *(.data)
 *(.data*)
 .data.firCoeffs32
                0x20000000      0x4dc build/main.o
 .data.uwTickFreq
                0x200004dc        0x1 build/stm32f4xx_hal.o
                0x200004dc                uwTickFreq
 *fill*         0x200004dd        0x3 
 .data.uwTickPrio
                0x200004e0        0x4 build/stm32f4xx_hal.o
                0x200004e0                uwTickPrio
 .data.SystemCoreClock
                0x200004e4        0x4 build/system_stm32f4xx.o
                0x200004e4                SystemCoreClock
 .data.__sglue  0x200004e8        0xc /nix/store/i3m8xrhhnb7l83cpwdd9rlkcglpnxkw8-gcc-arm-embedded-12.3.rel1/bin/../lib/gcc/arm-none-eabi/12.3.1/../../../../arm-none-eabi/lib/thumb/v7e-m+fp/hard/libc_nano.a(libc_a-findfp.o)
                0x200004e8                __sglue
 .data._impure_ptr
                0x200004f4        0x4 /nix/store/i3m8xrhhnb7l83cpwdd9rlkcglpnxkw8-gcc-arm-embedded-12.3.rel1/bin/../lib/gcc/arm-none-eabi/12.3.1/../../../../arm-none-eabi/lib/thumb/v7e-m+fp/hard/libc_nano.a(libc_a-impure.o)
                0x200004f4                _impure_ptr
 .data._impure_data
                0x200004f8       0x4c /nix/store/i3m8xrhhnb7l83cpwdd9rlkcglpnxkw8-gcc-arm-embedded-12.3.rel1/bin/../lib/gcc/arm-none-eabi/12.3.1/../../../../arm-none-eabi/lib/thumb/v7e-m+fp/hard/libc_nano.a(libc_a-impure.o)
                0x200004f8                _impure_data
 .data.__global_locale
                0x20000544      0x16c /nix/store/i3m8xrhhnb7l83cpwdd9rlkcglpnxkw8-gcc-arm-embedded-12.3.rel1/bin/../lib/gcc/arm-none-eabi/12.3.1/../../../../arm-none-eabi/lib/thumb/v7e-m+fp/hard/libc_nano.a(libc_a-locale.o)
                0x20000544                __global_locale
                0x200006b0                        . = ALIGN (0x4)
                0x200006b0                        _edata = .

.tm_clone_table
                0x200006b0        0x0 load address 0x0801ba8c
 .tm_clone_table
                0x200006b0        0x0 /nix/store/i3m8xrhhnb7l83cpwdd9rlkcglpnxkw8-gcc-arm-embedded-12.3.rel1/bin/../lib/gcc/arm-none-eabi/12.3.1/thumb/v7e-m+fp/hard/crtbegin.o
 .tm_clone_table
                0x200006b0        0x0 /nix/store/i3m8xrhhnb7l83cpwdd9rlkcglpnxkw8-gcc-arm-embedded-12.3.rel1/bin/../lib/gcc/arm-none-eabi/12.3.1/thumb/v7e-m+fp/hard/crtend.o

.igot.plt       0x200006b0        0x0 load address 0x0801ba8c
 .igot.plt      0x200006b0        0x0 /nix/store/i3m8xrhhnb7l83cpwdd9rlkcglpnxkw8-gcc-arm-embedded-12.3.rel1/bin/../lib/gcc/arm-none-eabi/12.3.1/thumb/v7e-m+fp/hard/crtbegin.o
                0x200006b0                        . = ALIGN (0x4)

.bss            0x200006b0     0xa85c load address 0x0801ba8c
                0x200006b0                        _sbss = .
                0x200006b0                        __bss_start__ = _sbss
 *(.bss)
 *(.bss*)
 .bss.completed.1
                0x200006b0        0x1 /nix/store/i3m8xrhhnb7l83cpwdd9rlkcglpnxkw8-gcc-arm-embedded-12.3.rel1/bin/../lib/gcc/arm-none-eabi/12.3.1/thumb/v7e-m+fp/hard/crtbegin.o
 *fill*         0x200006b1        0x3 
 .bss.object.0  0x200006b4       0x18 /nix/store/i3m8xrhhnb7l83cpwdd9rlkcglpnxkw8-gcc-arm-embedded-12.3.rel1/bin/../lib/gcc/arm-none-eabi/12.3.1/thumb/v7e-m+fp/hard/crtbegin.o
 .bss.huart1    0x200006cc       0x78 build/main.o
                0x200006cc                huart1
 .bss.htim2     0x20000744       0xb4 build/main.o
                0x20000744                htim2
 .bss.hdma_adc1
                0x200007f8       0x60 build/main.o
                0x200007f8                hdma_adc1
 .bss.hadc1     0x20000858       0x64 build/main.o
                0x20000858                hadc1
 .bss.S_RFFT    0x200008bc       0x18 build/main.o
                0x200008bc                S_RFFT
 .bss.S         0x200008d4        0xc build/main.o
                0x200008d4                S
 .bss.fftMag    0x200008e0     0x1000 build/main.o
 .bss.fftOutput
                0x200018e0     0x2000 build/main.o
 .bss.firStateF32
                0x200038e0     0x24d8 build/main.o
 .bss.outputF32
                0x20005db8     0x2000 build/main.o
 .bss.inputF32  0x20007db8     0x2000 build/main.o
 .bss.adcBuffer
                0x20009db8     0x1000 build/main.o
                0x20009db8                adcBuffer
 .bss.uwTick    0x2000adb8        0x4 build/stm32f4xx_hal.o
                0x2000adb8                uwTick
 .bss.__sbrk_heap_end
                0x2000adbc        0x4 build/sysmem.o
 .bss.__sf      0x2000adc0      0x138 /nix/store/i3m8xrhhnb7l83cpwdd9rlkcglpnxkw8-gcc-arm-embedded-12.3.rel1/bin/../lib/gcc/arm-none-eabi/12.3.1/../../../../arm-none-eabi/lib/thumb/v7e-m+fp/hard/libc_nano.a(libc_a-findfp.o)
                0x2000adc0                __sf
 .bss.__stdio_exit_handler
                0x2000aef8        0x4 /nix/store/i3m8xrhhnb7l83cpwdd9rlkcglpnxkw8-gcc-arm-embedded-12.3.rel1/bin/../lib/gcc/arm-none-eabi/12.3.1/../../../../arm-none-eabi/lib/thumb/v7e-m+fp/hard/libc_nano.a(libc_a-findfp.o)
                0x2000aef8                __stdio_exit_handler
 .bss.__lock___malloc_recursive_mutex
                0x2000aefc        0x1 /nix/store/i3m8xrhhnb7l83cpwdd9rlkcglpnxkw8-gcc-arm-embedded-12.3.rel1/bin/../lib/gcc/arm-none-eabi/12.3.1/../../../../arm-none-eabi/lib/thumb/v7e-m+fp/hard/libc_nano.a(libc_a-lock.o)
                0x2000aefc                __lock___malloc_recursive_mutex
 .bss.__lock___sfp_recursive_mutex
                0x2000aefd        0x1 /nix/store/i3m8xrhhnb7l83cpwdd9rlkcglpnxkw8-gcc-arm-embedded-12.3.rel1/bin/../lib/gcc/arm-none-eabi/12.3.1/../../../../arm-none-eabi/lib/thumb/v7e-m+fp/hard/libc_nano.a(libc_a-lock.o)
                0x2000aefd                __lock___sfp_recursive_mutex
 *fill*         0x2000aefe        0x2 
 .bss.errno     0x2000af00        0x4 /nix/store/i3m8xrhhnb7l83cpwdd9rlkcglpnxkw8-gcc-arm-embedded-12.3.rel1/bin/../lib/gcc/arm-none-eabi/12.3.1/../../../../arm-none-eabi/lib/thumb/v7e-m+fp/hard/libc_nano.a(libc_a-reent.o)
                0x2000af00                errno
 .bss.__malloc_sbrk_start
                0x2000af04        0x4 /nix/store/i3m8xrhhnb7l83cpwdd9rlkcglpnxkw8-gcc-arm-embedded-12.3.rel1/bin/../lib/gcc/arm-none-eabi/12.3.1/../../../../arm-none-eabi/lib/thumb/v7e-m+fp/hard/libc_nano.a(libc_a-mallocr.o)
                0x2000af04                __malloc_sbrk_start
 .bss.__malloc_free_list
                0x2000af08        0x4 /nix/store/i3m8xrhhnb7l83cpwdd9rlkcglpnxkw8-gcc-arm-embedded-12.3.rel1/bin/../lib/gcc/arm-none-eabi/12.3.1/../../../../arm-none-eabi/lib/thumb/v7e-m+fp/hard/libc_nano.a(libc_a-mallocr.o)
                0x2000af08                __malloc_free_list
 *(COMMON)
                0x2000af0c                        . = ALIGN (0x4)
                0x2000af0c                        _ebss = .
                0x2000af0c                        __bss_end__ = _ebss

._user_heap_stack
                0x2000af0c      0xc04 load address 0x0801ba8c
                0x2000af10                        . = ALIGN (0x8)
 *fill*         0x2000af0c        0x4 
                [!provide]                        PROVIDE (end = .)
                0x2000af10                        PROVIDE (_end = .)
                0x2000b310                        . = (. + _Min_Heap_Size)
 *fill*         0x2000af10      0x400 
                0x2000bb10                        . = (. + _Min_Stack_Size)
 *fill*         0x2000b310      0x800 
                0x2000bb10                        . = ALIGN (0x8)

/DISCARD/
 libc.a(*)
 libm.a(*)
 libgcc.a(*)

.ARM.attributes
                0x00000000       0x30
 *(.ARM.attributes)
 .ARM.attributes
                0x00000000       0x22 /nix/store/i3m8xrhhnb7l83cpwdd9rlkcglpnxkw8-gcc-arm-embedded-12.3.rel1/bin/../lib/gcc/arm-none-eabi/12.3.1/thumb/v7e-m+fp/hard/crti.o
 .ARM.attributes
                0x00000022       0x34 /nix/store/i3m8xrhhnb7l83cpwdd9rlkcglpnxkw8-gcc-arm-embedded-12.3.rel1/bin/../lib/gcc/arm-none-eabi/12.3.1/thumb/v7e-m+fp/hard/crtbegin.o
 .ARM.attributes
                0x00000056       0x34 build/main.o
 .ARM.attributes
                0x0000008a       0x34 build/stm32f4xx_it.o
 .ARM.attributes
                0x000000be       0x34 build/stm32f4xx_hal_msp.o
 .ARM.attributes
                0x000000f2       0x34 build/stm32f4xx_hal_adc.o
 .ARM.attributes
                0x00000126       0x34 build/stm32f4xx_hal_adc_ex.o
 .ARM.attributes
                0x0000015a       0x34 build/stm32f4xx_hal_rcc.o
 .ARM.attributes
                0x0000018e       0x34 build/stm32f4xx_hal_gpio.o
 .ARM.attributes
                0x000001c2       0x34 build/stm32f4xx_hal_dma.o
 .ARM.attributes
                0x000001f6       0x34 build/stm32f4xx_hal_cortex.o
 .ARM.attributes
                0x0000022a       0x34 build/stm32f4xx_hal.o
 .ARM.attributes
                0x0000025e       0x34 build/stm32f4xx_hal_tim.o
 .ARM.attributes
                0x00000292       0x34 build/stm32f4xx_hal_tim_ex.o
 .ARM.attributes
                0x000002c6       0x34 build/stm32f4xx_hal_uart.o
 .ARM.attributes
                0x000002fa       0x34 build/system_stm32f4xx.o
 .ARM.attributes
                0x0000032e       0x34 build/sysmem.o
 .ARM.attributes
                0x00000362       0x34 build/syscalls.o
 .ARM.attributes
                0x00000396       0x21 build/startup_stm32f401xc.o
 .ARM.attributes
                0x000003b7       0x34 /nix/store/i3m8xrhhnb7l83cpwdd9rlkcglpnxkw8-gcc-arm-embedded-12.3.rel1/bin/../lib/gcc/arm-none-eabi/12.3.1/../../../../arm-none-eabi/lib/thumb/v7e-m+fp/hard/libc_nano.a(libc_a-init.o)
 .ARM.attributes
                0x000003eb       0x34 /nix/store/i3m8xrhhnb7l83cpwdd9rlkcglpnxkw8-gcc-arm-embedded-12.3.rel1/bin/../lib/gcc/arm-none-eabi/12.3.1/../../../../arm-none-eabi/lib/thumb/v7e-m+fp/hard/libc_nano.a(libc_a-nano-vfprintf_float.o)
 .ARM.attributes
                0x0000041f       0x34 /nix/store/i3m8xrhhnb7l83cpwdd9rlkcglpnxkw8-gcc-arm-embedded-12.3.rel1/bin/../lib/gcc/arm-none-eabi/12.3.1/../../../../arm-none-eabi/lib/thumb/v7e-m+fp/hard/libc_nano.a(libc_a-nano-vfprintf_i.o)
 .ARM.attributes
                0x00000453       0x1c /nix/store/i3m8xrhhnb7l83cpwdd9rlkcglpnxkw8-gcc-arm-embedded-12.3.rel1/bin/../lib/gcc/arm-none-eabi/12.3.1/../../../../arm-none-eabi/lib/thumb/v7e-m+fp/hard/libc_nano.a(libc_a-memchr.o)
 .ARM.attributes
                0x0000046f       0x17 /nix/store/i3m8xrhhnb7l83cpwdd9rlkcglpnxkw8-gcc-arm-embedded-12.3.rel1/bin/../lib/gcc/arm-none-eabi/12.3.1/../../../../arm-none-eabi/lib/thumb/v7e-m+fp/hard/libc_nano.a(libc_a-strlen.o)
 .ARM.attributes
                0x00000486       0x34 /nix/store/i3m8xrhhnb7l83cpwdd9rlkcglpnxkw8-gcc-arm-embedded-12.3.rel1/bin/../lib/gcc/arm-none-eabi/12.3.1/../../../../arm-none-eabi/lib/thumb/v7e-m+fp/hard/libc_nano.a(libc_a-findfp.o)
 .ARM.attributes
                0x000004ba       0x34 /nix/store/i3m8xrhhnb7l83cpwdd9rlkcglpnxkw8-gcc-arm-embedded-12.3.rel1/bin/../lib/gcc/arm-none-eabi/12.3.1/../../../../arm-none-eabi/lib/thumb/v7e-m+fp/hard/libc_nano.a(libc_a-snprintf.o)
 .ARM.attributes
                0x000004ee       0x34 /nix/store/i3m8xrhhnb7l83cpwdd9rlkcglpnxkw8-gcc-arm-embedded-12.3.rel1/bin/../lib/gcc/arm-none-eabi/12.3.1/../../../../arm-none-eabi/lib/thumb/v7e-m+fp/hard/libc_nano.a(libc_a-stdio.o)
 .ARM.attributes
                0x00000522       0x34 /nix/store/i3m8xrhhnb7l83cpwdd9rlkcglpnxkw8-gcc-arm-embedded-12.3.rel1/bin/../lib/gcc/arm-none-eabi/12.3.1/../../../../arm-none-eabi/lib/thumb/v7e-m+fp/hard/libc_nano.a(libc_a-dtoa.o)
 .ARM.attributes
                0x00000556       0x34 /nix/store/i3m8xrhhnb7l83cpwdd9rlkcglpnxkw8-gcc-arm-embedded-12.3.rel1/bin/../lib/gcc/arm-none-eabi/12.3.1/../../../../arm-none-eabi/lib/thumb/v7e-m+fp/hard/libc_nano.a(libc_a-writer.o)
 .ARM.attributes
                0x0000058a       0x34 /nix/store/i3m8xrhhnb7l83cpwdd9rlkcglpnxkw8-gcc-arm-embedded-12.3.rel1/bin/../lib/gcc/arm-none-eabi/12.3.1/../../../../arm-none-eabi/lib/thumb/v7e-m+fp/hard/libc_nano.a(libc_a-errno.o)
 .ARM.attributes
                0x000005be       0x34 /nix/store/i3m8xrhhnb7l83cpwdd9rlkcglpnxkw8-gcc-arm-embedded-12.3.rel1/bin/../lib/gcc/arm-none-eabi/12.3.1/../../../../arm-none-eabi/lib/thumb/v7e-m+fp/hard/libc_nano.a(libc_a-fwalk.o)
 .ARM.attributes
                0x000005f2       0x34 /nix/store/i3m8xrhhnb7l83cpwdd9rlkcglpnxkw8-gcc-arm-embedded-12.3.rel1/bin/../lib/gcc/arm-none-eabi/12.3.1/../../../../arm-none-eabi/lib/thumb/v7e-m+fp/hard/libc_nano.a(libc_a-memset.o)
 .ARM.attributes
                0x00000626       0x34 /nix/store/i3m8xrhhnb7l83cpwdd9rlkcglpnxkw8-gcc-arm-embedded-12.3.rel1/bin/../lib/gcc/arm-none-eabi/12.3.1/../../../../arm-none-eabi/lib/thumb/v7e-m+fp/hard/libc_nano.a(libc_a-lock.o)
 .ARM.attributes
                0x0000065a       0x34 /nix/store/i3m8xrhhnb7l83cpwdd9rlkcglpnxkw8-gcc-arm-embedded-12.3.rel1/bin/../lib/gcc/arm-none-eabi/12.3.1/../../../../arm-none-eabi/lib/thumb/v7e-m+fp/hard/libc_nano.a(libc_a-localeconv.o)
 .ARM.attributes
                0x0000068e       0x34 /nix/store/i3m8xrhhnb7l83cpwdd9rlkcglpnxkw8-gcc-arm-embedded-12.3.rel1/bin/../lib/gcc/arm-none-eabi/12.3.1/../../../../arm-none-eabi/lib/thumb/v7e-m+fp/hard/libc_nano.a(libc_a-nano-svfprintf.o)
 .ARM.attributes
                0x000006c2       0x34 /nix/store/i3m8xrhhnb7l83cpwdd9rlkcglpnxkw8-gcc-arm-embedded-12.3.rel1/bin/../lib/gcc/arm-none-eabi/12.3.1/../../../../arm-none-eabi/lib/thumb/v7e-m+fp/hard/libc_nano.a(libc_a-closer.o)
 .ARM.attributes
                0x000006f6       0x34 /nix/store/i3m8xrhhnb7l83cpwdd9rlkcglpnxkw8-gcc-arm-embedded-12.3.rel1/bin/../lib/gcc/arm-none-eabi/12.3.1/../../../../arm-none-eabi/lib/thumb/v7e-m+fp/hard/libc_nano.a(libc_a-reent.o)
 .ARM.attributes
                0x0000072a       0x34 /nix/store/i3m8xrhhnb7l83cpwdd9rlkcglpnxkw8-gcc-arm-embedded-12.3.rel1/bin/../lib/gcc/arm-none-eabi/12.3.1/../../../../arm-none-eabi/lib/thumb/v7e-m+fp/hard/libc_nano.a(libc_a-impure.o)
 .ARM.attributes
                0x0000075e       0x34 /nix/store/i3m8xrhhnb7l83cpwdd9rlkcglpnxkw8-gcc-arm-embedded-12.3.rel1/bin/../lib/gcc/arm-none-eabi/12.3.1/../../../../arm-none-eabi/lib/thumb/v7e-m+fp/hard/libc_nano.a(libc_a-fflush.o)
 .ARM.attributes
                0x00000792       0x34 /nix/store/i3m8xrhhnb7l83cpwdd9rlkcglpnxkw8-gcc-arm-embedded-12.3.rel1/bin/../lib/gcc/arm-none-eabi/12.3.1/../../../../arm-none-eabi/lib/thumb/v7e-m+fp/hard/libc_nano.a(libc_a-memcpy-stub.o)
 .ARM.attributes
                0x000007c6       0x34 /nix/store/i3m8xrhhnb7l83cpwdd9rlkcglpnxkw8-gcc-arm-embedded-12.3.rel1/bin/../lib/gcc/arm-none-eabi/12.3.1/../../../../arm-none-eabi/lib/thumb/v7e-m+fp/hard/libc_nano.a(libc_a-malloc.o)
 .ARM.attributes
                0x000007fa       0x34 /nix/store/i3m8xrhhnb7l83cpwdd9rlkcglpnxkw8-gcc-arm-embedded-12.3.rel1/bin/../lib/gcc/arm-none-eabi/12.3.1/../../../../arm-none-eabi/lib/thumb/v7e-m+fp/hard/libc_nano.a(libc_a-mallocr.o)
 .ARM.attributes
                0x0000082e       0x34 /nix/store/i3m8xrhhnb7l83cpwdd9rlkcglpnxkw8-gcc-arm-embedded-12.3.rel1/bin/../lib/gcc/arm-none-eabi/12.3.1/../../../../arm-none-eabi/lib/thumb/v7e-m+fp/hard/libc_nano.a(libc_a-assert.o)
 .ARM.attributes
                0x00000862       0x34 /nix/store/i3m8xrhhnb7l83cpwdd9rlkcglpnxkw8-gcc-arm-embedded-12.3.rel1/bin/../lib/gcc/arm-none-eabi/12.3.1/../../../../arm-none-eabi/lib/thumb/v7e-m+fp/hard/libc_nano.a(libc_a-lseekr.o)
 .ARM.attributes
                0x00000896       0x34 /nix/store/i3m8xrhhnb7l83cpwdd9rlkcglpnxkw8-gcc-arm-embedded-12.3.rel1/bin/../lib/gcc/arm-none-eabi/12.3.1/../../../../arm-none-eabi/lib/thumb/v7e-m+fp/hard/libc_nano.a(libc_a-readr.o)
 .ARM.attributes
                0x000008ca       0x34 /nix/store/i3m8xrhhnb7l83cpwdd9rlkcglpnxkw8-gcc-arm-embedded-12.3.rel1/bin/../lib/gcc/arm-none-eabi/12.3.1/../../../../arm-none-eabi/lib/thumb/v7e-m+fp/hard/libc_nano.a(libc_a-fprintf.o)
 .ARM.attributes
                0x000008fe       0x34 /nix/store/i3m8xrhhnb7l83cpwdd9rlkcglpnxkw8-gcc-arm-embedded-12.3.rel1/bin/../lib/gcc/arm-none-eabi/12.3.1/../../../../arm-none-eabi/lib/thumb/v7e-m+fp/hard/libc_nano.a(libc_a-mlock.o)
 .ARM.attributes
                0x00000932       0x34 /nix/store/i3m8xrhhnb7l83cpwdd9rlkcglpnxkw8-gcc-arm-embedded-12.3.rel1/bin/../lib/gcc/arm-none-eabi/12.3.1/../../../../arm-none-eabi/lib/thumb/v7e-m+fp/hard/libc_nano.a(libc_a-mprec.o)
 .ARM.attributes
                0x00000966       0x34 /nix/store/i3m8xrhhnb7l83cpwdd9rlkcglpnxkw8-gcc-arm-embedded-12.3.rel1/bin/../lib/gcc/arm-none-eabi/12.3.1/../../../../arm-none-eabi/lib/thumb/v7e-m+fp/hard/libc_nano.a(libc_a-callocr.o)
 .ARM.attributes
                0x0000099a       0x34 /nix/store/i3m8xrhhnb7l83cpwdd9rlkcglpnxkw8-gcc-arm-embedded-12.3.rel1/bin/../lib/gcc/arm-none-eabi/12.3.1/../../../../arm-none-eabi/lib/thumb/v7e-m+fp/hard/libc_nano.a(libc_a-sbrkr.o)
 .ARM.attributes
                0x000009ce       0x34 /nix/store/i3m8xrhhnb7l83cpwdd9rlkcglpnxkw8-gcc-arm-embedded-12.3.rel1/bin/../lib/gcc/arm-none-eabi/12.3.1/../../../../arm-none-eabi/lib/thumb/v7e-m+fp/hard/libc_nano.a(libc_a-memmove.o)
 .ARM.attributes
                0x00000a02       0x34 /nix/store/i3m8xrhhnb7l83cpwdd9rlkcglpnxkw8-gcc-arm-embedded-12.3.rel1/bin/../lib/gcc/arm-none-eabi/12.3.1/../../../../arm-none-eabi/lib/thumb/v7e-m+fp/hard/libc_nano.a(libc_a-reallocr.o)
 .ARM.attributes
                0x00000a36       0x34 /nix/store/i3m8xrhhnb7l83cpwdd9rlkcglpnxkw8-gcc-arm-embedded-12.3.rel1/bin/../lib/gcc/arm-none-eabi/12.3.1/../../../../arm-none-eabi/lib/thumb/v7e-m+fp/hard/libc_nano.a(libc_a-freer.o)
 .ARM.attributes
                0x00000a6a       0x34 /nix/store/i3m8xrhhnb7l83cpwdd9rlkcglpnxkw8-gcc-arm-embedded-12.3.rel1/bin/../lib/gcc/arm-none-eabi/12.3.1/../../../../arm-none-eabi/lib/thumb/v7e-m+fp/hard/libc_nano.a(libc_a-locale.o)
 .ARM.attributes
                0x00000a9e       0x34 /nix/store/i3m8xrhhnb7l83cpwdd9rlkcglpnxkw8-gcc-arm-embedded-12.3.rel1/bin/../lib/gcc/arm-none-eabi/12.3.1/../../../../arm-none-eabi/lib/thumb/v7e-m+fp/hard/libc_nano.a(libc_a-nano-vfprintf.o)
 .ARM.attributes
                0x00000ad2       0x34 /nix/store/i3m8xrhhnb7l83cpwdd9rlkcglpnxkw8-gcc-arm-embedded-12.3.rel1/bin/../lib/gcc/arm-none-eabi/12.3.1/../../../../arm-none-eabi/lib/thumb/v7e-m+fp/hard/libc_nano.a(libc_a-wbuf.o)
 .ARM.attributes
                0x00000b06       0x34 /nix/store/i3m8xrhhnb7l83cpwdd9rlkcglpnxkw8-gcc-arm-embedded-12.3.rel1/bin/../lib/gcc/arm-none-eabi/12.3.1/../../../../arm-none-eabi/lib/thumb/v7e-m+fp/hard/libc_nano.a(libc_a-wsetup.o)
 .ARM.attributes
                0x00000b3a       0x34 /nix/store/i3m8xrhhnb7l83cpwdd9rlkcglpnxkw8-gcc-arm-embedded-12.3.rel1/bin/../lib/gcc/arm-none-eabi/12.3.1/../../../../arm-none-eabi/lib/thumb/v7e-m+fp/hard/libc_nano.a(libc_a-wctomb_r.o)
 .ARM.attributes
                0x00000b6e       0x34 /nix/store/i3m8xrhhnb7l83cpwdd9rlkcglpnxkw8-gcc-arm-embedded-12.3.rel1/bin/../lib/gcc/arm-none-eabi/12.3.1/../../../../arm-none-eabi/lib/thumb/v7e-m+fp/hard/libc_nano.a(libc_a-abort.o)
 .ARM.attributes
                0x00000ba2       0x34 /nix/store/i3m8xrhhnb7l83cpwdd9rlkcglpnxkw8-gcc-arm-embedded-12.3.rel1/bin/../lib/gcc/arm-none-eabi/12.3.1/../../../../arm-none-eabi/lib/thumb/v7e-m+fp/hard/libc_nano.a(libc_a-mbtowc_r.o)
 .ARM.attributes
                0x00000bd6       0x34 /nix/store/i3m8xrhhnb7l83cpwdd9rlkcglpnxkw8-gcc-arm-embedded-12.3.rel1/bin/../lib/gcc/arm-none-eabi/12.3.1/../../../../arm-none-eabi/lib/thumb/v7e-m+fp/hard/libc_nano.a(libc_a-msizer.o)
 .ARM.attributes
                0x00000c0a       0x34 /nix/store/i3m8xrhhnb7l83cpwdd9rlkcglpnxkw8-gcc-arm-embedded-12.3.rel1/bin/../lib/gcc/arm-none-eabi/12.3.1/../../../../arm-none-eabi/lib/thumb/v7e-m+fp/hard/libc_nano.a(libc_a-ctype_.o)
 .ARM.attributes
                0x00000c3e       0x34 /nix/store/i3m8xrhhnb7l83cpwdd9rlkcglpnxkw8-gcc-arm-embedded-12.3.rel1/bin/../lib/gcc/arm-none-eabi/12.3.1/../../../../arm-none-eabi/lib/thumb/v7e-m+fp/hard/libc_nano.a(libc_a-makebuf.o)
 .ARM.attributes
                0x00000c72       0x34 /nix/store/i3m8xrhhnb7l83cpwdd9rlkcglpnxkw8-gcc-arm-embedded-12.3.rel1/bin/../lib/gcc/arm-none-eabi/12.3.1/../../../../arm-none-eabi/lib/thumb/v7e-m+fp/hard/libc_nano.a(libc_a-signal.o)
 .ARM.attributes
                0x00000ca6       0x34 /nix/store/i3m8xrhhnb7l83cpwdd9rlkcglpnxkw8-gcc-arm-embedded-12.3.rel1/bin/../lib/gcc/arm-none-eabi/12.3.1/../../../../arm-none-eabi/lib/thumb/v7e-m+fp/hard/libc_nano.a(libc_a-fstatr.o)
 .ARM.attributes
                0x00000cda       0x34 /nix/store/i3m8xrhhnb7l83cpwdd9rlkcglpnxkw8-gcc-arm-embedded-12.3.rel1/bin/../lib/gcc/arm-none-eabi/12.3.1/../../../../arm-none-eabi/lib/thumb/v7e-m+fp/hard/libc_nano.a(libc_a-isattyr.o)
 .ARM.attributes
                0x00000d0e       0x34 /nix/store/i3m8xrhhnb7l83cpwdd9rlkcglpnxkw8-gcc-arm-embedded-12.3.rel1/bin/../lib/gcc/arm-none-eabi/12.3.1/../../../../arm-none-eabi/lib/thumb/v7e-m+fp/hard/libc_nano.a(libc_a-signalr.o)
 .ARM.attributes
                0x00000d42       0x39 Lib/libarm_cortexM4lf_math.a(arm_mean_f32.o)
 .ARM.attributes
                0x00000d7b       0x39 Lib/libarm_cortexM4lf_math.a(arm_max_f32.o)
 .ARM.attributes
                0x00000db4       0x39 Lib/libarm_cortexM4lf_math.a(arm_rfft_fast_init_f32.o)
 .ARM.attributes
                0x00000ded       0x39 Lib/libarm_cortexM4lf_math.a(arm_rfft_fast_f32.o)
 .ARM.attributes
                0x00000e26       0x39 Lib/libarm_cortexM4lf_math.a(arm_cfft_f32.o)
 .ARM.attributes
                0x00000e5f       0x39 Lib/libarm_cortexM4lf_math.a(arm_fir_init_f32.o)
 .ARM.attributes
                0x00000e98       0x39 Lib/libarm_cortexM4lf_math.a(arm_fir_f32.o)
 .ARM.attributes
                0x00000ed1       0x39 Lib/libarm_cortexM4lf_math.a(arm_cmplx_mag_f32.o)
 .ARM.attributes
                0x00000f0a       0x39 Lib/libarm_cortexM4lf_math.a(arm_common_tables.o)
 .ARM.attributes
                0x00000f43       0x25 Lib/libarm_cortexM4lf_math.a(arm_bitreversal2.o)
 .ARM.attributes
                0x00000f68       0x39 Lib/libarm_cortexM4lf_math.a(arm_cfft_radix8_f32.o)
 .ARM.attributes
                0x00000fa1       0x22 /nix/store/i3m8xrhhnb7l83cpwdd9rlkcglpnxkw8-gcc-arm-embedded-12.3.rel1/bin/../lib/gcc/arm-none-eabi/12.3.1/thumb/v7e-m+fp/hard/libgcc.a(_arm_addsubdf3.o)
 .ARM.attributes
                0x00000fc3       0x22 /nix/store/i3m8xrhhnb7l83cpwdd9rlkcglpnxkw8-gcc-arm-embedded-12.3.rel1/bin/../lib/gcc/arm-none-eabi/12.3.1/thumb/v7e-m+fp/hard/libgcc.a(_arm_muldivdf3.o)
 .ARM.attributes
                0x00000fe5       0x22 /nix/store/i3m8xrhhnb7l83cpwdd9rlkcglpnxkw8-gcc-arm-embedded-12.3.rel1/bin/../lib/gcc/arm-none-eabi/12.3.1/thumb/v7e-m+fp/hard/libgcc.a(_arm_cmpdf2.o)
 .ARM.attributes
                0x00001007       0x22 /nix/store/i3m8xrhhnb7l83cpwdd9rlkcglpnxkw8-gcc-arm-embedded-12.3.rel1/bin/../lib/gcc/arm-none-eabi/12.3.1/thumb/v7e-m+fp/hard/libgcc.a(_arm_unorddf2.o)
 .ARM.attributes
                0x00001029       0x22 /nix/store/i3m8xrhhnb7l83cpwdd9rlkcglpnxkw8-gcc-arm-embedded-12.3.rel1/bin/../lib/gcc/arm-none-eabi/12.3.1/thumb/v7e-m+fp/hard/libgcc.a(_arm_fixdfsi.o)
 .ARM.attributes
                0x0000104b       0x22 /nix/store/i3m8xrhhnb7l83cpwdd9rlkcglpnxkw8-gcc-arm-embedded-12.3.rel1/bin/../lib/gcc/arm-none-eabi/12.3.1/thumb/v7e-m+fp/hard/libgcc.a(_aeabi_uldivmod.o)
 .ARM.attributes
                0x0000106d       0x34 /nix/store/i3m8xrhhnb7l83cpwdd9rlkcglpnxkw8-gcc-arm-embedded-12.3.rel1/bin/../lib/gcc/arm-none-eabi/12.3.1/thumb/v7e-m+fp/hard/libgcc.a(_udivmoddi4.o)
 .ARM.attributes
                0x000010a1       0x22 /nix/store/i3m8xrhhnb7l83cpwdd9rlkcglpnxkw8-gcc-arm-embedded-12.3.rel1/bin/../lib/gcc/arm-none-eabi/12.3.1/thumb/v7e-m+fp/hard/libgcc.a(_dvmd_tls.o)
 .ARM.attributes
                0x000010c3       0x34 /nix/store/i3m8xrhhnb7l83cpwdd9rlkcglpnxkw8-gcc-arm-embedded-12.3.rel1/bin/../lib/gcc/arm-none-eabi/12.3.1/thumb/v7e-m+fp/hard/crtend.o
 .ARM.attributes
                0x000010f7       0x22 /nix/store/i3m8xrhhnb7l83cpwdd9rlkcglpnxkw8-gcc-arm-embedded-12.3.rel1/bin/../lib/gcc/arm-none-eabi/12.3.1/thumb/v7e-m+fp/hard/crtn.o
 .ARM.attributes
                0x00001119       0x34 /nix/store/i3m8xrhhnb7l83cpwdd9rlkcglpnxkw8-gcc-arm-embedded-12.3.rel1/bin/../lib/gcc/arm-none-eabi/12.3.1/../../../../arm-none-eabi/lib/thumb/v7e-m+fp/hard/libm.a(libm_a-wf_sqrt.o)
 .ARM.attributes
                0x0000114d       0x34 /nix/store/i3m8xrhhnb7l83cpwdd9rlkcglpnxkw8-gcc-arm-embedded-12.3.rel1/bin/../lib/gcc/arm-none-eabi/12.3.1/../../../../arm-none-eabi/lib/thumb/v7e-m+fp/hard/libm.a(libm_a-ef_sqrt.o)
OUTPUT(build/test_1.elf elf32-littlearm)
LOAD linker stubs
LOAD /nix/store/i3m8xrhhnb7l83cpwdd9rlkcglpnxkw8-gcc-arm-embedded-12.3.rel1/bin/../lib/gcc/arm-none-eabi/12.3.1/../../../../arm-none-eabi/lib/thumb/v7e-m+fp/hard/libc.a
LOAD /nix/store/i3m8xrhhnb7l83cpwdd9rlkcglpnxkw8-gcc-arm-embedded-12.3.rel1/bin/../lib/gcc/arm-none-eabi/12.3.1/../../../../arm-none-eabi/lib/thumb/v7e-m+fp/hard/libm.a
LOAD /nix/store/i3m8xrhhnb7l83cpwdd9rlkcglpnxkw8-gcc-arm-embedded-12.3.rel1/bin/../lib/gcc/arm-none-eabi/12.3.1/thumb/v7e-m+fp/hard/libgcc.a

.debug_info     0x00000000    0x18cf1
 .debug_info    0x00000000     0x24eb build/main.o
 .debug_info    0x000024eb      0xdb1 build/stm32f4xx_it.o
 .debug_info    0x0000329c     0x18ce build/stm32f4xx_hal_msp.o
 .debug_info    0x00004b6a     0x11ad build/stm32f4xx_hal_adc.o
 .debug_info    0x00005d17      0xe67 build/stm32f4xx_hal_adc_ex.o
 .debug_info    0x00006b7e      0xc36 build/stm32f4xx_hal_rcc.o
 .debug_info    0x000077b4      0x872 build/stm32f4xx_hal_gpio.o
 .debug_info    0x00008026      0xbc6 build/stm32f4xx_hal_dma.o
 .debug_info    0x00008bec     0x1110 build/stm32f4xx_hal_cortex.o
 .debug_info    0x00009cfc      0xa8a build/stm32f4xx_hal.o
 .debug_info    0x0000a786     0x44e4 build/stm32f4xx_hal_tim.o
 .debug_info    0x0000ec6a     0x1f2e build/stm32f4xx_hal_tim_ex.o
 .debug_info    0x00010b98     0x4605 build/stm32f4xx_hal_uart.o
 .debug_info    0x0001519d      0x5e5 build/system_stm32f4xx.o
 .debug_info    0x00015782      0x18c build/sysmem.o
 .debug_info    0x0001590e      0x842 build/syscalls.o
 .debug_info    0x00016150       0x30 build/startup_stm32f401xc.o
 .debug_info    0x00016180      0x155 Lib/libarm_cortexM4lf_math.a(arm_mean_f32.o)
 .debug_info    0x000162d5      0x164 Lib/libarm_cortexM4lf_math.a(arm_max_f32.o)
 .debug_info    0x00016439      0x4c3 Lib/libarm_cortexM4lf_math.a(arm_rfft_fast_init_f32.o)
 .debug_info    0x000168fc      0x72d Lib/libarm_cortexM4lf_math.a(arm_rfft_fast_f32.o)
 .debug_info    0x00017029      0x6b9 Lib/libarm_cortexM4lf_math.a(arm_cfft_f32.o)
 .debug_info    0x000176e2      0x1b9 Lib/libarm_cortexM4lf_math.a(arm_fir_init_f32.o)
 .debug_info    0x0001789b      0x382 Lib/libarm_cortexM4lf_math.a(arm_fir_f32.o)
 .debug_info    0x00017c1d      0x299 Lib/libarm_cortexM4lf_math.a(arm_cmplx_mag_f32.o)
 .debug_info    0x00017eb6      0x99d Lib/libarm_cortexM4lf_math.a(arm_common_tables.o)
 .debug_info    0x00018853       0x85 Lib/libarm_cortexM4lf_math.a(arm_bitreversal2.o)
 .debug_info    0x000188d8      0x419 Lib/libarm_cortexM4lf_math.a(arm_cfft_radix8_f32.o)

.debug_abbrev   0x00000000     0x320a
 .debug_abbrev  0x00000000      0x373 build/main.o
 .debug_abbrev  0x00000373      0x1b2 build/stm32f4xx_it.o
 .debug_abbrev  0x00000525      0x27b build/stm32f4xx_hal_msp.o
 .debug_abbrev  0x000007a0      0x283 build/stm32f4xx_hal_adc.o
 .debug_abbrev  0x00000a23      0x2aa build/stm32f4xx_hal_adc_ex.o
 .debug_abbrev  0x00000ccd      0x2de build/stm32f4xx_hal_rcc.o
 .debug_abbrev  0x00000fab      0x22b build/stm32f4xx_hal_gpio.o
 .debug_abbrev  0x000011d6      0x2be build/stm32f4xx_hal_dma.o
 .debug_abbrev  0x00001494      0x3ca build/stm32f4xx_hal_cortex.o
 .debug_abbrev  0x0000185e      0x275 build/stm32f4xx_hal.o
 .debug_abbrev  0x00001ad3      0x322 build/stm32f4xx_hal_tim.o
 .debug_abbrev  0x00001df5      0x2e2 build/stm32f4xx_hal_tim_ex.o
 .debug_abbrev  0x000020d7      0x3ae build/stm32f4xx_hal_uart.o
 .debug_abbrev  0x00002485      0x11b build/system_stm32f4xx.o
 .debug_abbrev  0x000025a0       0xeb build/sysmem.o
 .debug_abbrev  0x0000268b      0x1e3 build/syscalls.o